Archive member included because of file (symbol)

../../libraries/libge.a(ge_adc.o)
                              objs/main.o (adc_init)
../../libraries/libge.a(ge_gpio.o)
                              objs/main.o (gpio_init)
../../libraries/libge.a(ge_lcd.o)
                              objs/main.o (lcd_init)
../../libraries/libge.a(ge_system.o)
                              objs/main.o (ge_init)
../../libraries/libge.a(ge_timer.o)
                              objs/main.o (timer_init)
../../libraries/libge.a(ge_vcom.o)
                              objs/hw_config.o (packet_sent)
../../libraries/libge.a(HD44780_F3.o)
                              ../../libraries/libge.a(ge_lcd.o) (HD44780_Init)
../../libraries/libge.a(usb_desc.o)
                              objs/hw_config.o (Virtual_Com_Port_StringSerial)
../../libraries/libge.a(usb_istr.o)
                              ../../libraries/libge.a(ge_vcom.o) (USB_Istr)
../../libraries/libge.a(usb_prop.o)
                              ../../libraries/libge.a(usb_istr.o) (Device_Property)
../../libraries/libge.a(usb_pwr.o)
                              ../../libraries/libge.a(usb_prop.o) (PowerOn)
../../libraries/libge.a(usb_core.o)
                              ../../libraries/libge.a(usb_prop.o) (Standard_GetDescriptorData)
../../libraries/libge.a(usb_init.o)
                              ../../libraries/libge.a(ge_vcom.o) (USB_Init)
../../libraries/libge.a(usb_int.o)
                              ../../libraries/libge.a(usb_istr.o) (CTR_LP)
../../libraries/libge.a(usb_mem.o)
                              objs/hw_config.o (UserToPMABufferCopy)
../../libraries/libge.a(usb_regs.o)
                              ../../libraries/libge.a(usb_prop.o) (SetBTABLE)
../../libraries/libge.a(usb_sil.o)
                              ../../libraries/libge.a(usb_prop.o) (USB_SIL_Init)
../../libraries/libge.a(usb_endp.o)
                              ../../libraries/libge.a(usb_istr.o) (EP1_IN_Callback)
Libraries/libstm32f3.a(stm32f30x_adc.o)
                              ../../libraries/libge.a(ge_adc.o) (ADC_DeInit)
Libraries/libstm32f3.a(stm32f30x_exti.o)
                              objs/hw_config.o (EXTI_Init)
Libraries/libstm32f3.a(stm32f30x_gpio.o)
                              objs/hw_config.o (GPIO_Init)
Libraries/libstm32f3.a(stm32f30x_misc.o)
                              objs/hw_config.o (NVIC_PriorityGroupConfig)
Libraries/libstm32f3.a(stm32f30x_rcc.o)
                              objs/hw_config.o (RCC_HSEConfig)
Libraries/libstm32f3.a(stm32f30x_syscfg.o)
                              objs/stm32f3_discovery.o (SYSCFG_EXTILineConfig)
Libraries/libstm32f3.a(stm32f30x_tim.o)
                              ../../libraries/libge.a(ge_adc.o) (TIM_TimeBaseInit)
/home/green-electronics/ee155_tools/gcc-arm-none-eabi-4_9-2015q2/bin/../lib/gcc/arm-none-eabi/4.9.3/armv7e-m/fpu/libgcc.a(_arm_addsubdf3.o)
                              objs/lab2.o (__aeabi_f2d)
/home/green-electronics/ee155_tools/gcc-arm-none-eabi-4_9-2015q2/bin/../lib/gcc/arm-none-eabi/4.9.3/armv7e-m/fpu/libgcc.a(_arm_muldivdf3.o)
                              ../../libraries/libge.a(ge_adc.o) (__aeabi_ddiv)
/home/green-electronics/ee155_tools/gcc-arm-none-eabi-4_9-2015q2/bin/../lib/gcc/arm-none-eabi/4.9.3/armv7e-m/fpu/libgcc.a(_arm_fixunsdfsi.o)
                              ../../libraries/libge.a(ge_adc.o) (__aeabi_d2uiz)
/home/green-electronics/ee155_tools/gcc-arm-none-eabi-4_9-2015q2/bin/../lib/gcc/arm-none-eabi/4.9.3/armv7e-m/fpu/libgcc.a(_aeabi_ldivmod.o)
                              ../../libraries/libge.a(ge_timer.o) (__aeabi_ldivmod)
/home/green-electronics/ee155_tools/gcc-arm-none-eabi-4_9-2015q2/bin/../lib/gcc/arm-none-eabi/4.9.3/armv7e-m/fpu/libgcc.a(bpabi.o)
                              /home/green-electronics/ee155_tools/gcc-arm-none-eabi-4_9-2015q2/bin/../lib/gcc/arm-none-eabi/4.9.3/armv7e-m/fpu/libgcc.a(_aeabi_ldivmod.o) (__gnu_ldivmod_helper)
/home/green-electronics/ee155_tools/gcc-arm-none-eabi-4_9-2015q2/bin/../lib/gcc/arm-none-eabi/4.9.3/armv7e-m/fpu/libgcc.a(_dvmd_tls.o)
                              /home/green-electronics/ee155_tools/gcc-arm-none-eabi-4_9-2015q2/bin/../lib/gcc/arm-none-eabi/4.9.3/armv7e-m/fpu/libgcc.a(_aeabi_ldivmod.o) (__aeabi_ldiv0)
/home/green-electronics/ee155_tools/gcc-arm-none-eabi-4_9-2015q2/bin/../lib/gcc/arm-none-eabi/4.9.3/armv7e-m/fpu/libgcc.a(_divdi3.o)
                              /home/green-electronics/ee155_tools/gcc-arm-none-eabi-4_9-2015q2/bin/../lib/gcc/arm-none-eabi/4.9.3/armv7e-m/fpu/libgcc.a(bpabi.o) (__divdi3)
/home/green-electronics/ee155_tools/gcc-arm-none-eabi-4_9-2015q2/bin/../lib/gcc/arm-none-eabi/4.9.3/armv7e-m/fpu/libgcc.a(_udivdi3.o)
                              /home/green-electronics/ee155_tools/gcc-arm-none-eabi-4_9-2015q2/bin/../lib/gcc/arm-none-eabi/4.9.3/armv7e-m/fpu/libgcc.a(bpabi.o) (__udivdi3)
[...]
Memory Configuration

Name             Origin             Length             Attributes
FLASH            0x08000000         0x00040000         xr
RAM              0x20000000         0x0000a000         xrw
MEMORY_B1        0x60000000         0x00000000         xr
*default*        0x00000000         0xffffffff

Linker script and memory map

LOAD /home/green-electronics/ee155_tools/gcc-arm-none-eabi-4_9-2015q2/bin/../lib/gcc/arm-none-eabi/4.9.3/armv7e-m/fpu/crti.o
LOAD /home/green-electronics/ee155_tools/gcc-arm-none-eabi-4_9-2015q2/bin/../lib/gcc/arm-none-eabi/4.9.3/armv7e-m/fpu/crtbegin.o
LOAD /home/green-electronics/ee155_tools/gcc-arm-none-eabi-4_9-2015q2/bin/../lib/gcc/arm-none-eabi/4.9.3/../../../../arm-none-eabi/lib/armv7e-m/fpu/crt0.o
LOAD objs/errno.o
LOAD objs/hw_config.o
LOAD objs/lab2.o
LOAD objs/main.o
LOAD objs/newlib_stubs.o
LOAD objs/stm32f3_discovery.o
LOAD objs/system_stm32f30x.o
LOAD /tmp/ccycWgsn.o
LOAD ../../libraries/libge.a
LOAD Libraries/libstm32f3.a
START GROUP
LOAD /home/green-electronics/ee155_tools/gcc-arm-none-eabi-4_9-2015q2/bin/../lib/gcc/arm-none-eabi/4.9.3/armv7e-m/fpu/libgcc.a
LOAD /home/green-electronics/ee155_tools/gcc-arm-none-eabi-4_9-2015q2/bin/../lib/gcc/arm-none-eabi/4.9.3/../../../../arm-none-eabi/lib/armv7e-m/fpu/libg.a
LOAD /home/green-electronics/ee155_tools/gcc-arm-none-eabi-4_9-2015q2/bin/../lib/gcc/arm-none-eabi/4.9.3/../../../../arm-none-eabi/lib/armv7e-m/fpu/libc.a
END GROUP
LOAD /home/green-electronics/ee155_tools/gcc-arm-none-eabi-4_9-2015q2/bin/../lib/gcc/arm-none-eabi/4.9.3/armv7e-m/fpu/crtend.o
LOAD /home/green-electronics/ee155_tools/gcc-arm-none-eabi-4_9-2015q2/bin/../lib/gcc/arm-none-eabi/4.9.3/armv7e-m/fpu/crtn.o
                0x20008000                _estack = 0x20008000
                0x2000a000                _estack = 0x2000a000
                0x00000200                _Min_Heap_Size = 0x200
                0x00000400                _Min_Stack_Size = 0x400

.isr_vector     0x08000000      0x188
                0x08000000                . = ALIGN (0x4)
 *(.isr_vector)
 .isr_vector    0x08000000      0x188 /tmp/ccycWgsn.o
                0x08000000                g_pfnVectors
                0x08000188                . = ALIGN (0x4)

.eh_frame       0x08000188        0x0
 .eh_frame      0x08000188        0x0 /home/green-electronics/ee155_tools/gcc-arm-none-eabi-4_9-2015q2/bin/../lib/gcc/arm-none-eabi/4.9.3/armv7e-m/fpu/crtbegin.o

.text           0x08000188     0x9f68
                0x08000188                . = ALIGN (0x4)
 *(.text)
 .text          0x08000188       0x5c /home/green-electronics/ee155_tools/gcc-arm-none-eabi-4_9-2015q2/bin/../lib/gcc/arm-none-eabi/4.9.3/armv7e-m/fpu/crtbegin.o
 *fill*         0x080001e4        0x4 
 .text          0x080001e8      0x410 ../../libraries/libge.a(ge_adc.o)
                0x080001e8                adc_enable_clocks
                0x08000230                adc_init
                0x0800035c                adc_start
                0x0800039c                adc_stop
                0x080003c8                adc_deinit
                0x08000400                adc_enable_channel
                0x080004e4                adc_callback
                0x080004f4                adc_set_fs
                0x08000560                ADC1_2_IRQHandler
 .text          0x080005f8      0x120 ../../libraries/libge.a(ge_gpio.o)
                0x080005f8                gpio_init
                0x0800063c                gpio_deinit
                0x08000680                gpio_setup_pin
                0x080006e0                gpio_write_pin
                0x08000700                gpio_read_pin
 .text          0x08000718       0x14 ../../libraries/libge.a(ge_lcd.o)
                0x08000718                lcd_init
                0x0800071c                lcd_putc
                0x08000720                lcd_goto
                0x08000724                lcd_puts
                0x08000728                lcd_clear
 .text          0x0800072c       0x74 ../../libraries/libge.a(ge_system.o)
                0x0800072c                ge_init
                0x08000768                delay_ms
                0x08000780                SysTick_Handler
 .text          0x080007a0      0x2a8 ../../libraries/libge.a(ge_timer.o)
                0x080007a0                timer_init
                0x08000868                timer_deinit
                0x0800089c                timer_register
                0x08000908                timer_start
                0x08000930                timer_stop
                0x0800096c                TIM3_IRQHandler
 .text          0x08000a48       0xd8 ../../libraries/libge.a(ge_vcom.o)
                0x08000a48                vcom_init
                0x08000a8c                vcom_send
                0x08000aa0                vcom_read
                0x08000ad0                vcom_corrupt
                0x08000ae4                vcom_reset
                0x08000afc                vcom_available
                0x08000b08                USB_LP_CAN1_RX0_IRQHandler
                0x08000b0c                USBWakeUp_IRQHandler
 .text          0x08000b20      0x27c ../../libraries/libge.a(HD44780_F3.o)
                0x08000b20                hd44780_wr_hi_nibble
                0x08000bb0                hd44780_wr_lo_nibble
                0x08000c40                hd44780_write
                0x08000c54                hd44780_wr_cmd
                0x08000c78                hd44780_wr_data
                0x08000c9c                hd44780_Delay
                0x08000ca0                HD44780_Init
                0x08000d50                HD44780_PutChar
                0x08000d54                HD44780_GotoXY
                0x08000d70                HD44780_PutStr
                0x08000d94                HD44780_ClrScr
 .text          0x08000d9c      0x158 ../../libraries/libge.a(usb_istr.o)
                0x08000d9c                USB_Istr
 .text          0x08000ef4      0x238 ../../libraries/libge.a(usb_prop.o)
                0x08000ef4                Virtual_Com_Port_SetConfiguration
                0x08000f0c                Virtual_Com_Port_SetDeviceAddress
                0x08000f18                Virtual_Com_Port_Status_In
                0x08000f2c                Virtual_Com_Port_Status_Out
                0x08000f30                Virtual_Com_Port_Data_Setup
                0x08000f8c                Virtual_Com_Port_NoData_Setup
                0x08000fb0                Virtual_Com_Port_Get_Interface_Setting
                0x08000fc0                Virtual_Com_Port_GetLineCoding
                0x08000fd8                Virtual_Com_Port_SetLineCoding
                0x08000ff0                Virtual_Com_Port_init
                0x08001014                Virtual_Com_Port_Reset
                0x080010f4                Virtual_Com_Port_GetDeviceDescriptor
                0x08001100                Virtual_Com_Port_GetConfigDescriptor
                0x0800110c                Virtual_Com_Port_GetStringDescriptor
 .text          0x0800112c      0x230 ../../libraries/libge.a(usb_pwr.o)
                0x0800112c                PowerOn
                0x0800115c                PowerOff
                0x08001180                Suspend
                0x08001264                Resume_Init
                0x08001284                Resume
 .text          0x0800135c      0x918 ../../libraries/libge.a(usb_core.o)
                0x0800135c                Standard_GetConfiguration
                0x08001384                Standard_GetInterface
                0x080013ac                Standard_GetStatus
                0x080014e4                Standard_SetConfiguration
                0x08001520                Standard_SetInterface
                0x08001570                Standard_ClearFeature
                0x08001648                Standard_SetEndPointFeature
                0x080016e0                Standard_SetDeviceFeature
                0x08001704                Standard_GetDescriptorData
                0x08001720                Post0_Process
                0x08001764                Setup0_Process
                0x08001adc                Out0_Process
                0x08001bc0                SetDeviceAddress
                0x08001c00                In0_Process
                0x08001c70                NOP_Process
 .text          0x08001c74       0x38 ../../libraries/libge.a(usb_init.o)
                0x08001c74                USB_Init
 .text          0x08001cac      0x200 ../../libraries/libge.a(usb_int.o)
                0x08001cac                CTR_LP
                0x08001e2c                CTR_HP
 .text          0x08001eac       0x58 ../../libraries/libge.a(usb_mem.o)
                0x08001eac                UserToPMABufferCopy
                0x08001ee4                PMAToUserBufferCopy
 .text          0x08001f04      0x81c ../../libraries/libge.a(usb_regs.o)
                0x08001f04                SetCNTR
                0x08001f10                GetCNTR
                0x08001f1c                SetISTR
                0x08001f28                GetISTR
                0x08001f34                GetFNR
                0x08001f40                SetDADDR
                0x08001f4c                GetDADDR
                0x08001f58                SetBTABLE
                0x08001f68                GetBTABLE
                0x08001f74                SetENDPOINT
                0x08001f84                GetENDPOINT
                0x08001f94                SetEPType
                0x08001fb0                GetEPType
                0x08001fc4                SetEPTxStatus
                0x08001ff8                SetEPRxStatus
                0x0800202c                SetDouBleBuffEPStall
                0x08002058                GetEPTxStatus
                0x0800206c                GetEPRxStatus
                0x08002080                SetEPTxValid
                0x080020a8                SetEPRxValid
                0x080020d0                SetEP_KIND
                0x080020f0                ClearEP_KIND
                0x08002110                Clear_Status_Out
                0x08002130                Set_Status_Out
                0x08002150                SetEPDoubleBuff
                0x08002170                ClearEPDoubleBuff
                0x08002190                GetTxStallStatus
                0x080021ac                GetRxStallStatus
                0x080021c8                ClearEP_CTR_RX
                0x080021e0                ClearEP_CTR_TX
                0x080021f8                ToggleDTOG_RX
                0x08002218                ToggleDTOG_TX
                0x08002238                ClearDTOG_RX
                0x0800225c                ClearDTOG_TX
                0x08002280                SetEPAddress
                0x080022a0                GetEPAddress
                0x080022b4                SetEPTxAddr
                0x080022d4                SetEPRxAddr
                0x080022f4                GetEPTxAddr
                0x08002314                GetEPRxAddr
                0x08002334                SetEPTxCount
                0x08002350                SetEPCountRxReg
                0x08002378                SetEPRxCount
                0x080023bc                GetEPTxCount
                0x080023dc                GetEPRxCount
                0x080023fc                SetEPDblBuffAddr
                0x08002438                SetEPDblBuf0Addr
                0x08002458                SetEPDblBuf1Addr
                0x08002478                GetEPDblBuf0Addr
                0x08002498                GetEPDblBuf1Addr
                0x080024b8                SetEPDblBuffCount
                0x08002580                SetEPDblBuf0Count
                0x080025e0                SetEPDblBuf1Count
                0x08002640                GetEPDblBuf0Count
                0x08002660                GetEPDblBuf1Count
                0x08002680                GetEPDblBufDir
                0x080026c4                FreeUserBuffer
                0x0800270c                ToWord
                0x08002714                ByteSwap
 .text          0x08002720       0x74 ../../libraries/libge.a(usb_sil.o)
                0x08002720                USB_SIL_Init
                0x08002748                USB_SIL_Write
                0x08002770                USB_SIL_Read
 .text          0x08002794       0x8c ../../libraries/libge.a(usb_endp.o)
                0x08002794                EP1_IN_Callback
                0x080027a0                EP3_OUT_Callback
 .text          0x08002820      0x798 Libraries/libstm32f3.a(stm32f30x_adc.o)
                0x08002820                ADC_DeInit
                0x08002878                ADC_Init
                0x080028c4                ADC_StructInit
                0x080028dc                ADC_InjectedInit
                0x0800290c                ADC_InjectedStructInit
                0x08002920                ADC_CommonInit
                0x08002998                ADC_CommonStructInit
                0x080029a8                ADC_Cmd
                0x080029bc                ADC_StartCalibration
                0x080029c8                ADC_GetCalibrationValue
                0x080029d0                ADC_SetCalibrationValue
                0x080029d8                ADC_SelectCalibrationMode
                0x080029e8                ADC_GetCalibrationStatus
                0x080029f0                ADC_DisableCmd
                0x080029fc                ADC_GetDisableCmdStatus
                0x08002a04                ADC_VoltageRegulatorCmd
                0x08002a20                ADC_SelectDifferentialMode
                0x08002a44                ADC_SelectQueueOfContextMode
                0x08002a58                ADC_AutoDelayCmd
                0x08002a6c                ADC_AnalogWatchdogCmd
                0x08002a78                ADC_AnalogWatchdog1ThresholdsConfig
                0x08002aa0                ADC_AnalogWatchdog2ThresholdsConfig
                0x08002ac0                ADC_AnalogWatchdog3ThresholdsConfig
                0x08002ae0                ADC_AnalogWatchdog1SingleChannelConfig
                0x08002af0                ADC_AnalogWatchdog2SingleChannelConfig
                0x08002b14                ADC_AnalogWatchdog3SingleChannelConfig
                0x08002b38                ADC_TempSensorCmd
                0x08002b70                ADC_VrefintCmd
                0x08002ba8                ADC_VbatCmd
                0x08002be0                ADC_RegularChannelConfig
                0x08002ca4                ADC_RegularChannelSequencerLengthConfig
                0x08002cb8                ADC_ExternalTriggerConfig
                0x08002ccc                ADC_StartConversion
                0x08002cd8                ADC_GetStartConversionStatus
                0x08002ce0                ADC_StopConversion
                0x08002cec                ADC_DiscModeChannelCountConfig
                0x08002cfc                ADC_DiscModeCmd
                0x08002d10                ADC_GetConversionValue
                0x08002d18                ADC_GetDualModeConversionValue
                0x08002d3c                ADC_SetChannelOffset1
                0x08002d60                ADC_SetChannelOffset2
                0x08002d84                ADC_SetChannelOffset3
                0x08002da8                ADC_SetChannelOffset4
                0x08002dcc                ADC_ChannelOffset1Cmd
                0x08002de0                ADC_ChannelOffset2Cmd
                0x08002df4                ADC_ChannelOffset3Cmd
                0x08002e08                ADC_ChannelOffset4Cmd
                0x08002e1c                ADC_DMACmd
                0x08002e30                ADC_DMAConfig
                0x08002e40                ADC_InjectedChannelConfig
                0x08002e94                ADC_InjectedSequencerLengthConfig
                0x08002ea4                ADC_ExternalTriggerInjectedConfig
                0x08002eb8                ADC_StartInjectedConversion
                0x08002ec4                ADC_StopInjectedConversion
                0x08002ed0                ADC_GetStartInjectedConversionStatus
                0x08002ed8                ADC_AutoInjectedConvCmd
                0x08002eec                ADC_InjectedDiscModeCmd
                0x08002f00                ADC_GetInjectedConversionValue
                0x08002f1c                ADC_ITConfig
                0x08002f30                ADC_GetFlagStatus
                0x08002f3c                ADC_ClearFlag
                0x08002f40                ADC_GetCommonFlagStatus
                0x08002f6c                ADC_ClearCommonFlag
                0x08002f98                ADC_GetITStatus
                0x08002fb0                ADC_ClearITPendingBit
 .text          0x08002fb8      0x1f0 Libraries/libstm32f3.a(stm32f30x_exti.o)
                0x08002fb8                EXTI_DeInit
                0x08002fec                EXTI_Init
                0x08003100                EXTI_StructInit
                0x08003110                EXTI_GenerateSWInterrupt
                0x08003130                EXTI_GetFlagStatus
                0x08003150                EXTI_ClearFlag
                0x08003168                EXTI_GetITStatus
                0x08003190                EXTI_ClearITPendingBit
 .text          0x080031a8      0x214 Libraries/libstm32f3.a(stm32f30x_gpio.o)
                0x080031a8                GPIO_DeInit
                0x08003274                GPIO_Init
                0x08003330                GPIO_StructInit
                0x08003344                GPIO_PinLockConfig
                0x08003354                GPIO_ReadInputDataBit
                0x08003360                GPIO_ReadInputData
                0x08003368                GPIO_ReadOutputDataBit
                0x08003374                GPIO_ReadOutputData
                0x0800337c                GPIO_SetBits
                0x08003380                GPIO_ResetBits
                0x08003384                GPIO_WriteBit
                0x08003390                GPIO_Write
                0x08003394                GPIO_PinAFConfig
 .text          0x080033bc       0xc8 Libraries/libstm32f3.a(stm32f30x_misc.o)
                0x080033bc                NVIC_PriorityGroupConfig
                0x080033d0                NVIC_Init
                0x08003440                NVIC_SetVectorTable
                0x08003454                NVIC_SystemLPConfig
                0x0800346c                SysTick_CLKSourceConfig
 .text          0x08003484      0x654 Libraries/libstm32f3.a(stm32f30x_rcc.o)
                0x08003484                RCC_DeInit
                0x080034d8                RCC_HSEConfig
                0x080034e8                RCC_AdjustHSICalibrationValue
                0x080034fc                RCC_HSICmd
                0x08003508                RCC_LSEConfig
                0x08003528                RCC_LSEDriveConfig
                0x08003540                RCC_LSICmd
                0x0800354c                RCC_PLLConfig
                0x08003564                RCC_PLLCmd
                0x08003570                RCC_PREDIV1Config
                0x08003584                RCC_ClockSecuritySystemCmd
                0x08003590                RCC_MCOConfig
                0x0800359c                RCC_SYSCLKConfig
                0x080035b0                RCC_GetSYSCLKSource
                0x080035c0                RCC_HCLKConfig
                0x080035d4                RCC_PCLK1Config
                0x080035e8                RCC_PCLK2Config
                0x080035fc                RCC_GetClocksFreq
                0x08003888                RCC_ADCCLKConfig
                0x080038a8                RCC_I2CCLKConfig
                0x080038c8                RCC_TIMCLKConfig
                0x080038e8                RCC_USARTCLKConfig
                0x08003944                RCC_USBCLKConfig
                0x08003950                RCC_RTCCLKConfig
                0x08003960                RCC_I2SCLKConfig
                0x0800396c                RCC_RTCCLKCmd
                0x08003978                RCC_BackupResetCmd
                0x08003984                RCC_AHBPeriphClockCmd
                0x0800399c                RCC_APB2PeriphClockCmd
                0x080039b4                RCC_APB1PeriphClockCmd
                0x080039cc                RCC_AHBPeriphResetCmd
                0x080039e4                RCC_APB2PeriphResetCmd
                0x080039fc                RCC_APB1PeriphResetCmd
                0x08003a14                RCC_ITConfig
                0x08003a2c                RCC_GetFlagStatus
                0x08003a74                RCC_WaitForHSEStartUp
                0x08003aa8                RCC_ClearFlag
                0x08003ab8                RCC_GetITStatus
                0x08003acc                RCC_ClearITPendingBit
 .text          0x08003ad8      0xde0 Libraries/libstm32f3.a(stm32f30x_tim.o)
                0x08003ad8                TIM_DeInit
                0x08003c18                TIM_TimeBaseInit
                0x08003cc8                TIM_TimeBaseStructInit
                0x08003cdc                TIM_PrescalerConfig
                0x08003ce4                TIM_CounterModeConfig
                0x08003cf4                TIM_SetCounter
                0x08003cf8                TIM_SetAutoreload
                0x08003cfc                TIM_GetCounter
                0x08003d00                TIM_GetPrescaler
                0x08003d08                TIM_UpdateDisableConfig
                0x08003d24                TIM_UpdateRequestConfig
                0x08003d40                TIM_UIFRemap
                0x08003d5c                TIM_ARRPreloadConfig
                0x08003d78                TIM_SelectOnePulseMode
                0x08003d90                TIM_SetClockDivision
                0x08003da8                TIM_Cmd
                0x08003dc4                TIM_OC1Init
                0x08003e54                TIM_OC2Init
                0x08003ec8                TIM_OC3Init
                0x08003f38                TIM_OC4Init
                0x08003f90                TIM_OC5Init
                0x08003fe8                TIM_OC6Init
                0x0800403c                TIM_SelectGC5C1
                0x08004050                TIM_SelectGC5C2
                0x08004064                TIM_SelectGC5C3
                0x08004078                TIM_OCStructInit
                0x0800408c                TIM_SelectOCxM
                0x080040e0                TIM_SetCompare1
                0x080040e4                TIM_SetCompare2
                0x080040e8                TIM_SetCompare3
                0x080040ec                TIM_SetCompare4
                0x080040f0                TIM_SetCompare5
                0x080040f4                TIM_SetCompare6
                0x080040f8                TIM_ForcedOC1Config
                0x08004108                TIM_ForcedOC2Config
                0x0800411c                TIM_ForcedOC3Config
                0x08004128                TIM_ForcedOC4Config
                0x08004138                TIM_ForcedOC5Config
                0x08004144                TIM_ForcedOC6Config
                0x08004154                TIM_OC1PreloadConfig
                0x08004160                TIM_OC2PreloadConfig
                0x08004170                TIM_OC3PreloadConfig
                0x0800417c                TIM_OC4PreloadConfig
                0x0800418c                TIM_OC5PreloadConfig
                0x08004198                TIM_OC6PreloadConfig
                0x080041a8                TIM_OC1FastConfig
                0x080041b4                TIM_OC2FastConfig
                0x080041c4                TIM_OC3FastConfig
                0x080041d0                TIM_OC4FastConfig
                0x080041e0                TIM_ClearOC1Ref
                0x080041ec                TIM_ClearOC2Ref
                0x080041fc                TIM_ClearOC3Ref
                0x08004208                TIM_ClearOC4Ref
                0x08004218                TIM_ClearOC5Ref
                0x08004224                TIM_ClearOC6Ref
                0x08004234                TIM_SelectOCREFClear
                0x08004248                TIM_OC1PolarityConfig
                0x08004254                TIM_OC1NPolarityConfig
                0x08004260                TIM_OC2PolarityConfig
                0x08004270                TIM_OC2NPolarityConfig
                0x08004280                TIM_OC3PolarityConfig
                0x08004290                TIM_OC3NPolarityConfig
                0x080042a0                TIM_OC4PolarityConfig
                0x080042b0                TIM_OC5PolarityConfig
                0x080042c0                TIM_OC6PolarityConfig
                0x080042d0                TIM_CCxCmd
                0x080042ec                TIM_CCxNCmd
                0x08004308                TIM_ICInit
                0x08004434                TIM_ICStructInit
                0x08004444                TIM_PWMIConfig
                0x08004558                TIM_GetCapture1
                0x0800455c                TIM_GetCapture2
                0x08004560                TIM_GetCapture3
                0x08004564                TIM_GetCapture4
                0x08004568                TIM_SetIC1Prescaler
                0x08004578                TIM_SetIC2Prescaler
                0x0800458c                TIM_SetIC3Prescaler
                0x080045a0                TIM_SetIC4Prescaler
                0x080045b8                TIM_BDTRConfig
                0x080045e0                TIM_Break1Config
                0x080045f4                TIM_Break2Config
                0x08004608                TIM_Break1Cmd
                0x0800461c                TIM_Break2Cmd
                0x08004630                TIM_BDTRStructInit
                0x08004644                TIM_CtrlPWMOutputs
                0x08004658                TIM_SelectCOM
                0x08004670                TIM_CCPreloadControl
                0x08004688                TIM_ITConfig
                0x080046a0                TIM_GenerateEvent
                0x080046a4                TIM_GetFlagStatus
                0x080046b0                TIM_ClearFlag
                0x080046b8                TIM_GetITStatus
                0x080046cc                TIM_ClearITPendingBit
                0x080046d4                TIM_DMAConfig
                0x080046dc                TIM_DMACmd
                0x080046f4                TIM_SelectCCDMA
                0x0800470c                TIM_InternalClockConfig
                0x08004718                TIM_ITRxExternalClockConfig
                0x08004730                TIM_TIxExternalClockConfig
                0x080047a4                TIM_ETRClockMode1Config
                0x080047cc                TIM_ETRClockMode2Config
                0x080047ec                TIM_SelectInputTrigger
                0x080047fc                TIM_SelectOutputTrigger
                0x08004810                TIM_SelectOutputTrigger2
                0x08004820                TIM_SelectSlaveMode
                0x08004834                TIM_SelectMasterSlaveMode
                0x08004848                TIM_ETRConfig
                0x08004860                TIM_EncoderInterfaceConfig
                0x08004898                TIM_SelectHallSensor
                0x080048b0                TIM_RemapConfig
 .text          0x080048b8      0x370 /home/green-electronics/ee155_tools/gcc-arm-none-eabi-4_9-2015q2/bin/../lib/gcc/arm-none-eabi/4.9.3/armv7e-m/fpu/libgcc.a(_arm_addsubdf3.o)
                0x080048b8                __aeabi_drsub
                0x080048c0                __aeabi_dsub
                0x080048c0                __subdf3
                0x080048c4                __adddf3
                0x080048c4                __aeabi_dadd
                0x08004b3c                __aeabi_ui2d
                0x08004b3c                __floatunsidf
                0x08004b5c                __floatsidf
                0x08004b5c                __aeabi_i2d
                0x08004b80                __extendsfdf2
                0x08004b80                __aeabi_f2d
                0x08004bbc                __aeabi_ul2d
                0x08004bbc                __floatundidf
                0x08004bcc                __floatdidf
                0x08004bcc                __aeabi_l2d
 .text          0x08004c28      0x424 /home/green-electronics/ee155_tools/gcc-arm-none-eabi-4_9-2015q2/bin/../lib/gcc/arm-none-eabi/4.9.3/armv7e-m/fpu/libgcc.a(_arm_muldivdf3.o)
                0x08004c28                __aeabi_dmul
                0x08004c28                __muldf3
                0x08004e7c                __aeabi_ddiv
                0x08004e7c                __divdf3
 .text          0x0800504c       0x40 /home/green-electronics/ee155_tools/gcc-arm-none-eabi-4_9-2015q2/bin/../lib/gcc/arm-none-eabi/4.9.3/armv7e-m/fpu/libgcc.a(_arm_fixunsdfsi.o)
                0x0800504c                __fixunsdfsi
                0x0800504c                __aeabi_d2uiz
 .text          0x0800508c       0x38 /home/green-electronics/ee155_tools/gcc-arm-none-eabi-4_9-2015q2/bin/../lib/gcc/arm-none-eabi/4.9.3/armv7e-m/fpu/libgcc.a(_aeabi_ldivmod.o)
                0x0800508c                __aeabi_ldivmod
 .text          0x080050c4       0x60 /home/green-electronics/ee155_tools/gcc-arm-none-eabi-4_9-2015q2/bin/../lib/gcc/arm-none-eabi/4.9.3/armv7e-m/fpu/libgcc.a(bpabi.o)
                0x080050c4                __gnu_ldivmod_helper
                0x080050f4                __gnu_uldivmod_helper
 .text          0x08005124        0x4 /home/green-electronics/ee155_tools/gcc-arm-none-eabi-4_9-2015q2/bin/../lib/gcc/arm-none-eabi/4.9.3/armv7e-m/fpu/libgcc.a(_dvmd_tls.o)
                0x08005124                __aeabi_ldiv0
                0x08005124                __aeabi_idiv0
 .text          0x08005128      0x29c /home/green-electronics/ee155_tools/gcc-arm-none-eabi-4_9-2015q2/bin/../lib/gcc/arm-none-eabi/4.9.3/armv7e-m/fpu/libgcc.a(_divdi3.o)
                0x08005128                __divdi3
 .text          0x080053c4      0x26c /home/green-electronics/ee155_tools/gcc-arm-none-eabi-4_9-2015q2/bin/../lib/gcc/arm-none-eabi/4.9.3/armv7e-m/fpu/libgcc.a(_udivdi3.o)
                0x080053c4                __udivdi3
 .text          0x08005630      0x134 /home/green-electronics/ee155_tools/gcc-arm-none-eabi-4_9-2015q2/bin/../lib/gcc/arm-none-eabi/4.9.3/../../../../arm-none-eabi/lib/armv7e-m/fpu/libg.a(lib_a-memcpy.o)
                0x08005630                memcpy
 .text          0x08005764      0x110 /home/green-electronics/ee155_tools/gcc-arm-none-eabi-4_9-2015q2/bin/../lib/gcc/arm-none-eabi/4.9.3/armv7e-m/fpu/libgcc.a(_arm_cmpdf2.o)
                0x08005764                __gtdf2
                0x08005764                __gedf2
                0x0800576c                __ltdf2
                0x0800576c                __ledf2
                0x08005774                __cmpdf2
                0x08005774                __eqdf2
                0x08005774                __nedf2
                0x080057f0                __aeabi_cdrcmple
                0x08005800                __aeabi_cdcmple
                0x08005800                __aeabi_cdcmpeq
                0x08005810                __aeabi_dcmpeq
                0x08005824                __aeabi_dcmplt
                0x08005838                __aeabi_dcmple
                0x0800584c                __aeabi_dcmpge
                0x08005860                __aeabi_dcmpgt
 .text          0x08005874       0x50 /home/green-electronics/ee155_tools/gcc-arm-none-eabi-4_9-2015q2/bin/../lib/gcc/arm-none-eabi/4.9.3/armv7e-m/fpu/libgcc.a(_arm_fixdfsi.o)
                0x08005874                __fixdfsi
                0x08005874                __aeabi_d2iz
 .text          0x080058c4       0x30 /home/green-electronics/ee155_tools/gcc-arm-none-eabi-4_9-2015q2/bin/../lib/gcc/arm-none-eabi/4.9.3/armv7e-m/fpu/libgcc.a(_aeabi_uldivmod.o)
                0x080058c4                __aeabi_uldivmod
 *(.text*)
 .text.IntToUnicode
                0x080058f4       0x28 objs/hw_config.o
 .text.Set_System
                0x0800591c       0x88 objs/hw_config.o
                0x0800591c                Set_System
 .text.Set_USBClock
                0x080059a4       0x16 objs/hw_config.o
                0x080059a4                Set_USBClock
 *fill*         0x080059ba        0x2 
 .text.Leave_LowPowerMode
                0x080059bc       0x58 objs/hw_config.o
                0x080059bc                Leave_LowPowerMode
 .text.USB_Interrupts_Config
                0x08005a14       0x50 objs/hw_config.o
                0x08005a14                USB_Interrupts_Config
 .text.USB_Cable_Config
                0x08005a64       0x1c objs/hw_config.o
                0x08005a64                USB_Cable_Config
 .text.Get_SerialNum
                0x08005a80       0x34 objs/hw_config.o
                0x08005a80                Get_SerialNum
 .text.CDC_Send_DATA
                0x08005ab4       0x34 objs/hw_config.o
                0x08005ab4                CDC_Send_DATA
 .text.CDC_Receive_DATA
                0x08005ae8        0xc objs/hw_config.o
                0x08005ae8                CDC_Receive_DATA
 .text.calibrate_offset
                0x08005af4       0x24 objs/lab2.o
                0x08005af4                calibrate_offset
 .text.calibrate_voltage
                0x08005b18        0xc objs/lab2.o
                0x08005b18                calibrate_voltage
 .text.calibrate_current
                0x08005b24        0xc objs/lab2.o
                0x08005b24                calibrate_current
 .text.meter_init
                0x08005b30       0x14 objs/lab2.o
                0x08005b30                meter_init
 .text.meter_display
                0x08005b44      0x108 objs/lab2.o
                0x08005b44                meter_display
 .text.my_adc_callback
                0x08005c4c       0x24 objs/lab2.o
                0x08005c4c                my_adc_callback
 .text.change_state
                0x08005c70       0x34 objs/main.o
                0x08005c70                change_state
 .text.setup_buttons
                0x08005ca4       0x1e objs/main.o
                0x08005ca4                setup_buttons
 *fill*         0x08005cc2        0x2 
 .text.start_conversion
                0x08005cc4       0x28 objs/main.o
                0x08005cc4                start_conversion
 .text.startup.main
                0x08005cec      0x140 objs/main.o
                0x08005cec                main
 .text._write   0x08005e2c       0x54 objs/newlib_stubs.o
                0x08005e2c                _write
 .text._sbrk    0x08005e80       0x48 objs/newlib_stubs.o
                0x08005e80                _sbrk
 .text.SystemInit
                0x08005ec8       0xfc objs/system_stm32f30x.o
                0x08005ec8                SystemInit
 .text.Reset_Handler
                0x08005fc4       0x48 /tmp/ccycWgsn.o
                0x08005fc4                Reset_Handler
 .text.Default_Handler
                0x0800600c        0x2 /tmp/ccycWgsn.o
                0x0800600c                RTC_Alarm_IRQHandler
                0x0800600c                TIM8_TRG_COM_IRQHandler
                0x0800600c                TIM8_CC_IRQHandler
                0x0800600c                DebugMon_Handler
                0x0800600c                TIM1_CC_IRQHandler
                0x0800600c                HardFault_Handler
                0x0800600c                USB_HP_IRQHandler
                0x0800600c                PVD_IRQHandler
                0x0800600c                PendSV_Handler
                0x0800600c                NMI_Handler
                0x0800600c                EXTI3_IRQHandler
                0x0800600c                EXTI0_IRQHandler
                0x0800600c                I2C2_EV_IRQHandler
                0x0800600c                FPU_IRQHandler
                0x0800600c                EXTI2_TS_IRQHandler
                0x0800600c                TIM1_UP_TIM16_IRQHandler
                0x0800600c                UsageFault_Handler
                0x0800600c                SPI1_IRQHandler
                0x0800600c                TIM6_DAC_IRQHandler
                0x0800600c                TIM8_UP_IRQHandler
                0x0800600c                DMA2_Channel2_IRQHandler
                0x0800600c                DMA1_Channel4_IRQHandler
                0x0800600c                USART3_IRQHandler
                0x0800600c                DMA1_Channel7_IRQHandler
                0x0800600c                CAN1_RX1_IRQHandler
                0x0800600c                UART5_IRQHandler
                0x0800600c                ADC3_IRQHandler
                0x0800600c                TIM4_IRQHandler
                0x0800600c                DMA2_Channel1_IRQHandler
                0x0800600c                I2C1_EV_IRQHandler
                0x0800600c                DMA1_Channel6_IRQHandler
                0x0800600c                UART4_IRQHandler
                0x0800600c                DMA2_Channel4_IRQHandler
                0x0800600c                RCC_IRQHandler
                0x0800600c                DMA1_Channel1_IRQHandler
                0x0800600c                Default_Handler
                0x0800600c                USBWakeUp_RMP_IRQHandler
                0x0800600c                EXTI15_10_IRQHandler
                0x0800600c                TIM7_IRQHandler
                0x0800600c                EXTI9_5_IRQHandler
                0x0800600c                TAMPER_STAMP_IRQHandler
                0x0800600c                RTC_WKUP_IRQHandler
                0x0800600c                SPI2_IRQHandler
                0x0800600c                MemManage_Handler
                0x0800600c                SVC_Handler
                0x0800600c                DMA2_Channel5_IRQHandler
                0x0800600c                DMA1_Channel5_IRQHandler
                0x0800600c                USB_LP_IRQHandler
                0x0800600c                EXTI4_IRQHandler
                0x0800600c                TIM1_TRG_COM_TIM17_IRQHandler
                0x0800600c                USB_HP_CAN1_TX_IRQHandler
                0x0800600c                DMA1_Channel3_IRQHandler
                0x0800600c                ADC4_IRQHandler
                0x0800600c                WWDG_IRQHandler
                0x0800600c                TIM2_IRQHandler
                0x0800600c                COMP7_IRQHandler
                0x0800600c                COMP1_2_3_IRQHandler
                0x0800600c                EXTI1_IRQHandler
                0x0800600c                USART2_IRQHandler
                0x0800600c                COMP4_5_6_IRQHandler
                0x0800600c                I2C2_ER_IRQHandler
                0x0800600c                DMA1_Channel2_IRQHandler
                0x0800600c                TIM8_BRK_IRQHandler
                0x0800600c                CAN1_SCE_IRQHandler
                0x0800600c                FLASH_IRQHandler
                0x0800600c                BusFault_Handler
                0x0800600c                USART1_IRQHandler
                0x0800600c                SPI3_IRQHandler
                0x0800600c                I2C1_ER_IRQHandler
                0x0800600c                DMA2_Channel3_IRQHandler
                0x0800600c                TIM1_BRK_TIM15_IRQHandler
 *fill*         0x0800600e        0x2 
 .text.__libc_init_array
                0x08006010       0x50 /home/green-electronics/ee155_tools/gcc-arm-none-eabi-4_9-2015q2/bin/../lib/gcc/arm-none-eabi/4.9.3/../../../../arm-none-eabi/lib/armv7e-m/fpu/libg.a(lib_a-init.o)
                0x08006010                __libc_init_array
 .text.memset   0x08006060       0x9c /home/green-electronics/ee155_tools/gcc-arm-none-eabi-4_9-2015q2/bin/../lib/gcc/arm-none-eabi/4.9.3/../../../../arm-none-eabi/lib/armv7e-m/fpu/libg.a(lib_a-memset.o)
                0x08006060                memset
 .text.sprintf  0x080060fc       0x4c /home/green-electronics/ee155_tools/gcc-arm-none-eabi-4_9-2015q2/bin/../lib/gcc/arm-none-eabi/4.9.3/../../../../arm-none-eabi/lib/armv7e-m/fpu/libg.a(lib_a-sprintf.o)
                0x080060fc                sprintf
 .text.strlen   0x08006148       0x5c /home/green-electronics/ee155_tools/gcc-arm-none-eabi-4_9-2015q2/bin/../lib/gcc/arm-none-eabi/4.9.3/../../../../arm-none-eabi/lib/armv7e-m/fpu/libg.a(lib_a-strlen.o)
                0x08006148                strlen
 *fill*         0x080061a4        0x4 
 .text._svfprintf_r
                0x080061a8     0x14cc /home/green-electronics/ee155_tools/gcc-arm-none-eabi-4_9-2015q2/bin/../lib/gcc/arm-none-eabi/4.9.3/../../../../arm-none-eabi/lib/armv7e-m/fpu/libg.a(lib_a-svfprintf.o)
                0x080061a8                _svfprintf_r
 .text.startup.register_fini
                0x08007674       0x14 /home/green-electronics/ee155_tools/gcc-arm-none-eabi-4_9-2015q2/bin/../lib/gcc/arm-none-eabi/4.9.3/../../../../arm-none-eabi/lib/armv7e-m/fpu/libg.a(lib_a-__call_atexit.o)
 .text.atexit   0x08007688        0xc /home/green-electronics/ee155_tools/gcc-arm-none-eabi-4_9-2015q2/bin/../lib/gcc/arm-none-eabi/4.9.3/../../../../arm-none-eabi/lib/armv7e-m/fpu/libg.a(lib_a-atexit.o)
                0x08007688                atexit
 .text.quorem   0x08007694      0x12c /home/green-electronics/ee155_tools/gcc-arm-none-eabi-4_9-2015q2/bin/../lib/gcc/arm-none-eabi/4.9.3/../../../../arm-none-eabi/lib/armv7e-m/fpu/libg.a(lib_a-dtoa.o)
 .text._dtoa_r  0x080077c0      0xea4 /home/green-electronics/ee155_tools/gcc-arm-none-eabi-4_9-2015q2/bin/../lib/gcc/arm-none-eabi/4.9.3/../../../../arm-none-eabi/lib/armv7e-m/fpu/libg.a(lib_a-dtoa.o)
                0x080077c0                _dtoa_r
 .text.__libc_fini_array
                0x08008664       0x2c /home/green-electronics/ee155_tools/gcc-arm-none-eabi-4_9-2015q2/bin/../lib/gcc/arm-none-eabi/4.9.3/../../../../arm-none-eabi/lib/armv7e-m/fpu/libg.a(lib_a-fini.o)
                0x08008664                __libc_fini_array
 .text._localeconv_r
                0x08008690        0x8 /home/green-electronics/ee155_tools/gcc-arm-none-eabi-4_9-2015q2/bin/../lib/gcc/arm-none-eabi/4.9.3/../../../../arm-none-eabi/lib/armv7e-m/fpu/libg.a(lib_a-locale.o)
                0x08008690                _localeconv_r
 .text._malloc_r
                0x08008698      0x524 /home/green-electronics/ee155_tools/gcc-arm-none-eabi-4_9-2015q2/bin/../lib/gcc/arm-none-eabi/4.9.3/../../../../arm-none-eabi/lib/armv7e-m/fpu/libg.a(lib_a-mallocr.o)
                0x08008698                _malloc_r
 .text.memchr   0x08008bbc       0x94 /home/green-electronics/ee155_tools/gcc-arm-none-eabi-4_9-2015q2/bin/../lib/gcc/arm-none-eabi/4.9.3/../../../../arm-none-eabi/lib/armv7e-m/fpu/libg.a(lib_a-memchr.o)
                0x08008bbc                memchr
 .text.__malloc_lock
                0x08008c50        0x4 /home/green-electronics/ee155_tools/gcc-arm-none-eabi-4_9-2015q2/bin/../lib/gcc/arm-none-eabi/4.9.3/../../../../arm-none-eabi/lib/armv7e-m/fpu/libg.a(lib_a-mlock.o)
                0x08008c50                __malloc_lock
 .text.__malloc_unlock
                0x08008c54        0x4 /home/green-electronics/ee155_tools/gcc-arm-none-eabi-4_9-2015q2/bin/../lib/gcc/arm-none-eabi/4.9.3/../../../../arm-none-eabi/lib/armv7e-m/fpu/libg.a(lib_a-mlock.o)
                0x08008c54                __malloc_unlock
 .text._Balloc  0x08008c58       0x4c /home/green-electronics/ee155_tools/gcc-arm-none-eabi-4_9-2015q2/bin/../lib/gcc/arm-none-eabi/4.9.3/../../../../arm-none-eabi/lib/armv7e-m/fpu/libg.a(lib_a-mprec.o)
                0x08008c58                _Balloc
 .text._Bfree   0x08008ca4       0x14 /home/green-electronics/ee155_tools/gcc-arm-none-eabi-4_9-2015q2/bin/../lib/gcc/arm-none-eabi/4.9.3/../../../../arm-none-eabi/lib/armv7e-m/fpu/libg.a(lib_a-mprec.o)
                0x08008ca4                _Bfree
 .text.__multadd
                0x08008cb8       0x84 /home/green-electronics/ee155_tools/gcc-arm-none-eabi-4_9-2015q2/bin/../lib/gcc/arm-none-eabi/4.9.3/../../../../arm-none-eabi/lib/armv7e-m/fpu/libg.a(lib_a-mprec.o)
                0x08008cb8                __multadd
 .text.__hi0bits
                0x08008d3c       0x40 /home/green-electronics/ee155_tools/gcc-arm-none-eabi-4_9-2015q2/bin/../lib/gcc/arm-none-eabi/4.9.3/../../../../arm-none-eabi/lib/armv7e-m/fpu/libg.a(lib_a-mprec.o)
                0x08008d3c                __hi0bits
 .text.__lo0bits
                0x08008d7c       0x5c /home/green-electronics/ee155_tools/gcc-arm-none-eabi-4_9-2015q2/bin/../lib/gcc/arm-none-eabi/4.9.3/../../../../arm-none-eabi/lib/armv7e-m/fpu/libg.a(lib_a-mprec.o)
                0x08008d7c                __lo0bits
 .text.__i2b    0x08008dd8       0x14 /home/green-electronics/ee155_tools/gcc-arm-none-eabi-4_9-2015q2/bin/../lib/gcc/arm-none-eabi/4.9.3/../../../../arm-none-eabi/lib/armv7e-m/fpu/libg.a(lib_a-mprec.o)
                0x08008dd8                __i2b
 .text.__multiply
                0x08008dec      0x134 /home/green-electronics/ee155_tools/gcc-arm-none-eabi-4_9-2015q2/bin/../lib/gcc/arm-none-eabi/4.9.3/../../../../arm-none-eabi/lib/armv7e-m/fpu/libg.a(lib_a-mprec.o)
                0x08008dec                __multiply
 .text.__pow5mult
                0x08008f20       0xa0 /home/green-electronics/ee155_tools/gcc-arm-none-eabi-4_9-2015q2/bin/../lib/gcc/arm-none-eabi/4.9.3/../../../../arm-none-eabi/lib/armv7e-m/fpu/libg.a(lib_a-mprec.o)
                0x08008f20                __pow5mult
 .text.__lshift
                0x08008fc0       0xac /home/green-electronics/ee155_tools/gcc-arm-none-eabi-4_9-2015q2/bin/../lib/gcc/arm-none-eabi/4.9.3/../../../../arm-none-eabi/lib/armv7e-m/fpu/libg.a(lib_a-mprec.o)
                0x08008fc0                __lshift
 .text.__mcmp   0x0800906c       0x48 /home/green-electronics/ee155_tools/gcc-arm-none-eabi-4_9-2015q2/bin/../lib/gcc/arm-none-eabi/4.9.3/../../../../arm-none-eabi/lib/armv7e-m/fpu/libg.a(lib_a-mprec.o)
                0x0800906c                __mcmp
 .text.__mdiff  0x080090b4       0xd4 /home/green-electronics/ee155_tools/gcc-arm-none-eabi-4_9-2015q2/bin/../lib/gcc/arm-none-eabi/4.9.3/../../../../arm-none-eabi/lib/armv7e-m/fpu/libg.a(lib_a-mprec.o)
                0x080090b4                __mdiff
 .text.__d2b    0x08009188       0xbc /home/green-electronics/ee155_tools/gcc-arm-none-eabi-4_9-2015q2/bin/../lib/gcc/arm-none-eabi/4.9.3/../../../../arm-none-eabi/lib/armv7e-m/fpu/libg.a(lib_a-mprec.o)
                0x08009188                __d2b
 .text.__fpclassifyd
                0x08009244       0x5c /home/green-electronics/ee155_tools/gcc-arm-none-eabi-4_9-2015q2/bin/../lib/gcc/arm-none-eabi/4.9.3/../../../../arm-none-eabi/lib/armv7e-m/fpu/libg.a(lib_a-s_fpclassify.o)
                0x08009244                __fpclassifyd
 .text._sbrk_r  0x080092a0       0x24 /home/green-electronics/ee155_tools/gcc-arm-none-eabi-4_9-2015q2/bin/../lib/gcc/arm-none-eabi/4.9.3/../../../../arm-none-eabi/lib/armv7e-m/fpu/libg.a(lib_a-sbrkr.o)
                0x080092a0                _sbrk_r
 .text.__ssprint_r
                0x080092c4      0x104 /home/green-electronics/ee155_tools/gcc-arm-none-eabi-4_9-2015q2/bin/../lib/gcc/arm-none-eabi/4.9.3/../../../../arm-none-eabi/lib/armv7e-m/fpu/libg.a(lib_a-svfiprintf.o)
                0x080092c4                __ssprint_r
 .text.__register_exitproc
                0x080093c8       0xa4 /home/green-electronics/ee155_tools/gcc-arm-none-eabi-4_9-2015q2/bin/../lib/gcc/arm-none-eabi/4.9.3/../../../../arm-none-eabi/lib/armv7e-m/fpu/libg.a(lib_a-__atexit.o)
                0x080093c8                __register_exitproc
 .text._calloc_r
                0x0800946c       0x60 /home/green-electronics/ee155_tools/gcc-arm-none-eabi-4_9-2015q2/bin/../lib/gcc/arm-none-eabi/4.9.3/../../../../arm-none-eabi/lib/armv7e-m/fpu/libg.a(lib_a-callocr.o)
                0x0800946c                _calloc_r
 .text._malloc_trim_r
                0x080094cc       0x9c /home/green-electronics/ee155_tools/gcc-arm-none-eabi-4_9-2015q2/bin/../lib/gcc/arm-none-eabi/4.9.3/../../../../arm-none-eabi/lib/armv7e-m/fpu/libg.a(lib_a-freer.o)
                0x080094cc                _malloc_trim_r
 .text._free_r  0x08009568      0x1b0 /home/green-electronics/ee155_tools/gcc-arm-none-eabi-4_9-2015q2/bin/../lib/gcc/arm-none-eabi/4.9.3/../../../../arm-none-eabi/lib/armv7e-m/fpu/libg.a(lib_a-freer.o)
                0x08009568                _free_r
 .text.memmove  0x08009718       0xc8 /home/green-electronics/ee155_tools/gcc-arm-none-eabi-4_9-2015q2/bin/../lib/gcc/arm-none-eabi/4.9.3/../../../../arm-none-eabi/lib/armv7e-m/fpu/libg.a(lib_a-memmove.o)
                0x08009718                memmove
 .text._realloc_r
                0x080097e0      0x3ec /home/green-electronics/ee155_tools/gcc-arm-none-eabi-4_9-2015q2/bin/../lib/gcc/arm-none-eabi/4.9.3/../../../../arm-none-eabi/lib/armv7e-m/fpu/libg.a(lib_a-reallocr.o)
                0x080097e0                _realloc_r
 *(.rodata)
 .rodata        0x08009bcc      0x20c ../../libraries/libge.a(ge_gpio.o)
 .rodata        0x08009dd8        0x4 ../../libraries/libge.a(HD44780_F3.o)
 .rodata        0x08009ddc       0xb6 ../../libraries/libge.a(usb_desc.o)
                0x08009ddc                Virtual_Com_Port_StringProduct
                0x08009e10                Virtual_Com_Port_StringVendor
                0x08009e38                Virtual_Com_Port_StringLangID
                0x08009e3c                Virtual_Com_Port_ConfigDescriptor
                0x08009e80                Virtual_Com_Port_DeviceDescriptor
 *(.rodata*)
 .rodata.str1.1
                0x08009e92       0x28 objs/lab2.o
 .rodata.str1.1
                0x08009eba       0x74 objs/main.o
 .rodata.str1.1
                0x08009f2e       0x1f objs/newlib_stubs.o
 *fill*         0x08009f4d        0x3 
 .rodata.str1.4
                0x08009f50        0x2 /home/green-electronics/ee155_tools/gcc-arm-none-eabi-4_9-2015q2/bin/../lib/gcc/arm-none-eabi/4.9.3/../../../../arm-none-eabi/lib/armv7e-m/fpu/libg.a(lib_a-impure.o)
 *fill*         0x08009f52        0x2 
 .rodata._global_impure_ptr
                0x08009f54        0x4 /home/green-electronics/ee155_tools/gcc-arm-none-eabi-4_9-2015q2/bin/../lib/gcc/arm-none-eabi/4.9.3/../../../../arm-none-eabi/lib/armv7e-m/fpu/libg.a(lib_a-impure.o)
                0x08009f54                _global_impure_ptr
 .rodata.zeroes.6911
                0x08009f58       0x10 /home/green-electronics/ee155_tools/gcc-arm-none-eabi-4_9-2015q2/bin/../lib/gcc/arm-none-eabi/4.9.3/../../../../arm-none-eabi/lib/armv7e-m/fpu/libg.a(lib_a-svfprintf.o)
 .rodata.blanks.6910
                0x08009f68       0x10 /home/green-electronics/ee155_tools/gcc-arm-none-eabi-4_9-2015q2/bin/../lib/gcc/arm-none-eabi/4.9.3/../../../../arm-none-eabi/lib/armv7e-m/fpu/libg.a(lib_a-svfprintf.o)
 .rodata.str1.4
                0x08009f78       0x42 /home/green-electronics/ee155_tools/gcc-arm-none-eabi-4_9-2015q2/bin/../lib/gcc/arm-none-eabi/4.9.3/../../../../arm-none-eabi/lib/armv7e-m/fpu/libg.a(lib_a-svfprintf.o)
 *fill*         0x08009fba        0x2 
 .rodata.str1.4
                0x08009fbc       0x10 /home/green-electronics/ee155_tools/gcc-arm-none-eabi-4_9-2015q2/bin/../lib/gcc/arm-none-eabi/4.9.3/../../../../arm-none-eabi/lib/armv7e-m/fpu/libg.a(lib_a-dtoa.o)
                                 0x12 (size before relaxing)
 .rodata.str1.4
                0x08009fcc        0xc /home/green-electronics/ee155_tools/gcc-arm-none-eabi-4_9-2015q2/bin/../lib/gcc/arm-none-eabi/4.9.3/../../../../arm-none-eabi/lib/armv7e-m/fpu/libg.a(lib_a-locale.o)
                                 0x12 (size before relaxing)
 .rodata.__mprec_tens
                0x08009fd8       0xc8 /home/green-electronics/ee155_tools/gcc-arm-none-eabi-4_9-2015q2/bin/../lib/gcc/arm-none-eabi/4.9.3/../../../../arm-none-eabi/lib/armv7e-m/fpu/libg.a(lib_a-mprec.o)
                0x08009fd8                __mprec_tens
 .rodata.p05.5302
                0x0800a0a0        0xc /home/green-electronics/ee155_tools/gcc-arm-none-eabi-4_9-2015q2/bin/../lib/gcc/arm-none-eabi/4.9.3/../../../../arm-none-eabi/lib/armv7e-m/fpu/libg.a(lib_a-mprec.o)
 *fill*         0x0800a0ac        0x4 
 .rodata.__mprec_bigtens
                0x0800a0b0       0x28 /home/green-electronics/ee155_tools/gcc-arm-none-eabi-4_9-2015q2/bin/../lib/gcc/arm-none-eabi/4.9.3/../../../../arm-none-eabi/lib/armv7e-m/fpu/libg.a(lib_a-mprec.o)
                0x0800a0b0                __mprec_bigtens
 *(.glue_7)
 .glue_7        0x00000000        0x0 linker stubs
 *(.glue_7t)
 .glue_7t       0x00000000        0x0 linker stubs
 *(.init)
 .init          0x0800a0d8        0x4 /home/green-electronics/ee155_tools/gcc-arm-none-eabi-4_9-2015q2/bin/../lib/gcc/arm-none-eabi/4.9.3/armv7e-m/fpu/crti.o
                0x0800a0d8                _init
 .init          0x0800a0dc        0x8 /home/green-electronics/ee155_tools/gcc-arm-none-eabi-4_9-2015q2/bin/../lib/gcc/arm-none-eabi/4.9.3/armv7e-m/fpu/crtn.o
 *(.fini)
 .fini          0x0800a0e4        0x4 /home/green-electronics/ee155_tools/gcc-arm-none-eabi-4_9-2015q2/bin/../lib/gcc/arm-none-eabi/4.9.3/armv7e-m/fpu/crti.o
                0x0800a0e4                _fini
 .fini          0x0800a0e8        0x8 /home/green-electronics/ee155_tools/gcc-arm-none-eabi-4_9-2015q2/bin/../lib/gcc/arm-none-eabi/4.9.3/armv7e-m/fpu/crtn.o
                0x0800a0f0                . = ALIGN (0x4)
                0x0800a0f0                _etext = .

.vfp11_veneer   0x0800a0f0        0x0
 .vfp11_veneer  0x00000000        0x0 linker stubs

.v4_bx          0x0800a0f0        0x0
 .v4_bx         0x00000000        0x0 linker stubs

.iplt           0x0800a0f0        0x0
 .iplt          0x00000000        0x0 /home/green-electronics/ee155_tools/gcc-arm-none-eabi-4_9-2015q2/bin/../lib/gcc/arm-none-eabi/4.9.3/armv7e-m/fpu/crtbegin.o

.ARM.extab
 *(.ARM.extab* .gnu.linkonce.armextab.*)

.ARM            0x0800a0f0        0x8
                0x0800a0f0                __exidx_start = .
 *(.ARM.exidx*)
 .ARM.exidx     0x0800a0f0        0x8 /home/green-electronics/ee155_tools/gcc-arm-none-eabi-4_9-2015q2/bin/../lib/gcc/arm-none-eabi/4.9.3/armv7e-m/fpu/libgcc.a(_divdi3.o)
 .ARM.exidx     0x0800a0f8        0x0 /home/green-electronics/ee155_tools/gcc-arm-none-eabi-4_9-2015q2/bin/../lib/gcc/arm-none-eabi/4.9.3/armv7e-m/fpu/libgcc.a(_udivdi3.o)
                                  0x8 (size before relaxing)
                0x0800a0f8                __exidx_end = .

.rel.dyn        0x0800a0f8        0x0
 .rel.iplt      0x00000000        0x0 /home/green-electronics/ee155_tools/gcc-arm-none-eabi-4_9-2015q2/bin/../lib/gcc/arm-none-eabi/4.9.3/armv7e-m/fpu/crtbegin.o

.preinit_array  0x0800a0f8        0x0
                0x0800a0f8                PROVIDE (__preinit_array_start, .)
 *(.preinit_array*)
                0x0800a0f8                PROVIDE (__preinit_array_end, .)

.init_array     0x0800a0f8        0x8
                0x0800a0f8                PROVIDE (__init_array_start, .)
 *(SORT(.init_array.*))
 .init_array.00000
                0x0800a0f8        0x4 /home/green-electronics/ee155_tools/gcc-arm-none-eabi-4_9-2015q2/bin/../lib/gcc/arm-none-eabi/4.9.3/../../../../arm-none-eabi/lib/armv7e-m/fpu/libg.a(lib_a-__call_atexit.o)
 *(.init_array*)
 .init_array    0x0800a0fc        0x4 /home/green-electronics/ee155_tools/gcc-arm-none-eabi-4_9-2015q2/bin/../lib/gcc/arm-none-eabi/4.9.3/armv7e-m/fpu/crtbegin.o
                0x0800a100                PROVIDE (__init_array_end, .)

.fini_array     0x0800a100        0x4
                0x0800a100                PROVIDE (__fini_array_start, .)
 *(.fini_array*)
 .fini_array    0x0800a100        0x4 /home/green-electronics/ee155_tools/gcc-arm-none-eabi-4_9-2015q2/bin/../lib/gcc/arm-none-eabi/4.9.3/armv7e-m/fpu/crtbegin.o
 *(SORT(.fini_array.*))
                0x0800a104                PROVIDE (__fini_array_end, .)
                0x0800a104                _sidata = .

.data           0x20000000      0xa44 load address 0x0800a104
                0x20000000                . = ALIGN (0x4)
                0x20000000                _sdata = .
 *(.data)
 .data          0x20000000       0xb8 ../../libraries/libge.a(ge_adc.o)
                0x20000000                adc_bank_map
                0x2000005c                adc_pin_map
 .data          0x200000b8        0x4 ../../libraries/libge.a(ge_system.o)
                0x200000b8                _ge_usb_timeout
 .data          0x200000bc        0x4 ../../libraries/libge.a(ge_vcom.o)
                0x200000bc                packet_sent
 .data          0x200000c0       0x1a ../../libraries/libge.a(usb_desc.o)
                0x200000c0                Virtual_Com_Port_StringSerial
 *fill*         0x200000da        0x2 
 .data          0x200000dc       0x38 ../../libraries/libge.a(usb_istr.o)
                0x200000dc                pEpInt_OUT
                0x200000f8                pEpInt_IN
 .data          0x20000114       0x8e ../../libraries/libge.a(usb_prop.o)
                0x20000114                linecoding
                0x2000011c                Device_Property
                0x2000014c                Device_Descriptor
                0x20000154                Config_Descriptor
                0x2000015c                String_Descriptor
                0x2000017c                User_Standard_Requests
                0x200001a0                Device_Table
 *fill*         0x200001a2        0x2 
 .data          0x200001a4       0x2a Libraries/libstm32f3.a(stm32f30x_rcc.o)
 *(.data*)
 .data.reaches_callback
                0x200001ce        0x1 objs/lab2.o
                0x200001ce                reaches_callback
 *fill*         0x200001cf        0x1 
 .data.impure_data
                0x200001d0      0x428 /home/green-electronics/ee155_tools/gcc-arm-none-eabi-4_9-2015q2/bin/../lib/gcc/arm-none-eabi/4.9.3/../../../../arm-none-eabi/lib/armv7e-m/fpu/libg.a(lib_a-impure.o)
 .data._impure_ptr
                0x200005f8        0x4 /home/green-electronics/ee155_tools/gcc-arm-none-eabi-4_9-2015q2/bin/../lib/gcc/arm-none-eabi/4.9.3/../../../../arm-none-eabi/lib/armv7e-m/fpu/libg.a(lib_a-impure.o)
                0x200005f8                _impure_ptr
 .data.lconv    0x200005fc       0x38 /home/green-electronics/ee155_tools/gcc-arm-none-eabi-4_9-2015q2/bin/../lib/gcc/arm-none-eabi/4.9.3/../../../../arm-none-eabi/lib/armv7e-m/fpu/libg.a(lib_a-locale.o)
 .data.__malloc_av_
                0x20000634      0x408 /home/green-electronics/ee155_tools/gcc-arm-none-eabi-4_9-2015q2/bin/../lib/gcc/arm-none-eabi/4.9.3/../../../../arm-none-eabi/lib/armv7e-m/fpu/libg.a(lib_a-mallocr.o)
                0x20000634                __malloc_av_
 .data.__malloc_trim_threshold
                0x20000a3c        0x4 /home/green-electronics/ee155_tools/gcc-arm-none-eabi-4_9-2015q2/bin/../lib/gcc/arm-none-eabi/4.9.3/../../../../arm-none-eabi/lib/armv7e-m/fpu/libg.a(lib_a-mallocr.o)
                0x20000a3c                __malloc_trim_threshold
 .data.__malloc_sbrk_base
                0x20000a40        0x4 /home/green-electronics/ee155_tools/gcc-arm-none-eabi-4_9-2015q2/bin/../lib/gcc/arm-none-eabi/4.9.3/../../../../arm-none-eabi/lib/armv7e-m/fpu/libg.a(lib_a-mallocr.o)
                0x20000a40                __malloc_sbrk_base
                0x20000a44                . = ALIGN (0x4)
                0x20000a44                _edata = .

.jcr            0x20000a44        0x0 load address 0x0800ab48
 .jcr           0x20000a44        0x0 /home/green-electronics/ee155_tools/gcc-arm-none-eabi-4_9-2015q2/bin/../lib/gcc/arm-none-eabi/4.9.3/armv7e-m/fpu/crtbegin.o

.igot.plt       0x20000a44        0x0 load address 0x0800ab48
 .igot.plt      0x00000000        0x0 /home/green-electronics/ee155_tools/gcc-arm-none-eabi-4_9-2015q2/bin/../lib/gcc/arm-none-eabi/4.9.3/armv7e-m/fpu/crtbegin.o
                0x20000a44                . = ALIGN (0x4)

.bss            0x20000a44      0x410 load address 0x0800ab48
                0x20000a44                _sbss = .
                0x20000a44                __bss_start__ = _sbss
 *(.bss)
 .bss           0x20000a44       0x1c /home/green-electronics/ee155_tools/gcc-arm-none-eabi-4_9-2015q2/bin/../lib/gcc/arm-none-eabi/4.9.3/armv7e-m/fpu/crtbegin.o
 .bss           0x20000a60        0x4 ../../libraries/libge.a(ge_system.o)
                0x20000a60                _ge_delay_time
 .bss           0x20000a64        0x3 ../../libraries/libge.a(ge_vcom.o)
                0x20000a64                _vcom_buf_head
                0x20000a65                _vcom_buf_tail
                0x20000a66                _vcom_buf_corrupt
 *fill*         0x20000a67        0x1 
 .bss           0x20000a68        0xc ../../libraries/libge.a(usb_istr.o)
                0x20000a68                bIntPackSOF
                0x20000a6c                esof_counter
                0x20000a70                wCNTR
 .bss           0x20000a74        0x1 ../../libraries/libge.a(usb_prop.o)
                0x20000a74                Request
 *fill*         0x20000a75        0x3 
 .bss           0x20000a78        0x8 ../../libraries/libge.a(usb_pwr.o)
                0x20000a78                remotewakeupon
                0x20000a7c                bDeviceState
 .bss           0x20000a80        0x1 ../../libraries/libge.a(usb_core.o)
                0x20000a80                Data_Mul_MaxPacketSize
 *(.bss*)
 .bss.btn_pressed
                0x20000a81        0x1 objs/main.o
                0x20000a81                btn_pressed
 .bss.state     0x20000a82        0x1 objs/main.o
                0x20000a82                state
 *fill*         0x20000a83        0x1 
 .bss.heap_end.7579
                0x20000a84        0x4 objs/newlib_stubs.o
 .bss.__malloc_max_total_mem
                0x20000a88        0x4 /home/green-electronics/ee155_tools/gcc-arm-none-eabi-4_9-2015q2/bin/../lib/gcc/arm-none-eabi/4.9.3/../../../../arm-none-eabi/lib/armv7e-m/fpu/libg.a(lib_a-mallocr.o)
                0x20000a88                __malloc_max_total_mem
 .bss.__malloc_max_sbrked_mem
                0x20000a8c        0x4 /home/green-electronics/ee155_tools/gcc-arm-none-eabi-4_9-2015q2/bin/../lib/gcc/arm-none-eabi/4.9.3/../../../../arm-none-eabi/lib/armv7e-m/fpu/libg.a(lib_a-mallocr.o)
                0x20000a8c                __malloc_max_sbrked_mem
 .bss.__malloc_top_pad
                0x20000a90        0x4 /home/green-electronics/ee155_tools/gcc-arm-none-eabi-4_9-2015q2/bin/../lib/gcc/arm-none-eabi/4.9.3/../../../../arm-none-eabi/lib/armv7e-m/fpu/libg.a(lib_a-mallocr.o)
                0x20000a90                __malloc_top_pad
 .bss.__malloc_current_mallinfo
                0x20000a94       0x28 /home/green-electronics/ee155_tools/gcc-arm-none-eabi-4_9-2015q2/bin/../lib/gcc/arm-none-eabi/4.9.3/../../../../arm-none-eabi/lib/armv7e-m/fpu/libg.a(lib_a-mallocr.o)
                0x20000a94                __malloc_current_mallinfo
 *(COMMON)
 COMMON         0x20000abc        0x4 objs/errno.o
                0x20000abc                errno
 COMMON         0x20000ac0       0x50 objs/hw_config.o
                0x20000ac0                HSEStartUpStatus
                0x20000ac4                Receive_Buffer
                0x20000b04                EXTI_InitStructure
                0x20000b0c                Send_length
 COMMON         0x20000b10       0xae objs/lab2.o
                0x20000b10                voltage_reading
                0x20000b12                zero_amps
                0x20000b14                c_cal_already
                0x20000b18                adc_reg_callbacks
                0x20000b54                data_buf
                0x20000b90                chan_order
                0x20000bae                v_cal_already
                0x20000bb0                current_reading
                0x20000bb4                volts_per_div
                0x20000bb8                amps_per_div
                0x20000bbc                zero_volts
 *fill*         0x20000bbe        0x2 
 COMMON         0x20000bc0       0x10 ../../libraries/libge.a(ge_adc.o)
                0x20000bc0                calibration_value_adc1
                0x20000bc4                calibration_value_adc2
                0x20000bc8                curr_chan
                0x20000bcc                num_channels
 COMMON         0x20000bd0      0x11c ../../libraries/libge.a(ge_timer.o)
                0x20000bd0                _ge_tim_periods
                0x20000c10                _ge_tim_callbacks
                0x20000c50                _ge_tim_max_counter
                0x20000c54                _ge_tim_num_timers
                0x20000c58                _ge_tim_count
                0x20000c5c                _ge_tim_type
                0x20000c9c                _ge_tim_state
                0x20000cac                _ge_tim_offsets
 COMMON         0x20000cec      0x102 ../../libraries/libge.a(ge_vcom.o)
                0x20000cec                _vcom_buf
                0x20000dec                _vcom_buf_available
 COMMON         0x20000dee        0x2 ../../libraries/libge.a(usb_istr.o)
                0x20000dee                wIstr
 COMMON         0x20000df0       0x24 ../../libraries/libge.a(usb_pwr.o)
                0x20000df0                ResumeS
                0x20000df4                EP
 COMMON         0x20000e14        0x2 ../../libraries/libge.a(usb_core.o)
                0x20000e14                StatusInfo
 *fill*         0x20000e16        0x2 
 COMMON         0x20000e18       0x32 ../../libraries/libge.a(usb_init.o)
                0x20000e18                SaveState
                0x20000e1c                pProperty
                0x20000e20                EPindex
                0x20000e24                Device_Info
                0x20000e40                pUser_Standard_Requests
                0x20000e44                pInformation
                0x20000e48                wInterrupt_Mask
 COMMON         0x20000e4a        0x4 ../../libraries/libge.a(usb_int.o)
                0x20000e4a                SaveRState
                0x20000e4c                SaveTState
 *fill*         0x20000e4e        0x2 
 COMMON         0x20000e50        0x4 ../../libraries/libge.a(usb_endp.o)
                0x20000e50                Receive_length
                0x20000e54                . = ALIGN (0x4)
                0x20000e54                _ebss = .
                0x20000e54                __bss_end__ = _ebss
                0x20000e54                PROVIDE (end, _ebss)
                0x20000e54                PROVIDE (_end, _ebss)

._user_heap_stack
                0x20000e54      0x600 load address 0x0800af58
                0x20000e54                . = ALIGN (0x4)
                0x20001054                . = (. + _Min_Heap_Size)
 *fill*         0x20000e54      0x200 
                0x20001454                . = (. + _Min_Stack_Size)
 *fill*         0x20001054      0x400 
                0x20001454                . = ALIGN (0x4)

.memory_b1_text
 *(.mb1text)
 *(.mb1text*)
 *(.mb1rodata)
 *(.mb1rodata*)

/DISCARD/
 libc.a(*)
 libm.a(*)
 libgcc.a(*)

.ARM.attributes
                0x00000000       0x30
 *(.ARM.attributes)
 .ARM.attributes
                0x00000000       0x22 /home/green-electronics/ee155_tools/gcc-arm-none-eabi-4_9-2015q2/bin/../lib/gcc/arm-none-eabi/4.9.3/armv7e-m/fpu/crti.o
 .ARM.attributes
                0x00000022       0x34 /home/green-electronics/ee155_tools/gcc-arm-none-eabi-4_9-2015q2/bin/../lib/gcc/arm-none-eabi/4.9.3/armv7e-m/fpu/crtbegin.o
 .ARM.attributes
                0x00000056       0x39 objs/errno.o
 .ARM.attributes
                0x0000008f       0x39 objs/hw_config.o
 .ARM.attributes
                0x000000c8       0x39 objs/lab2.o
 .ARM.attributes
                0x00000101       0x39 objs/main.o
 .ARM.attributes
                0x0000013a       0x39 objs/newlib_stubs.o
 .ARM.attributes
                0x00000173       0x39 objs/system_stm32f30x.o
 .ARM.attributes
                0x000001ac       0x21 /tmp/ccycWgsn.o
 .ARM.attributes
                0x000001cd       0x39 ../../libraries/libge.a(ge_adc.o)
 .ARM.attributes
                0x00000206       0x39 ../../libraries/libge.a(ge_gpio.o)
 .ARM.attributes
                0x0000023f       0x39 ../../libraries/libge.a(ge_lcd.o)
 .ARM.attributes
                0x00000278       0x39 ../../libraries/libge.a(ge_system.o)
 .ARM.attributes
                0x000002b1       0x39 ../../libraries/libge.a(ge_timer.o)
 .ARM.attributes
                0x000002ea       0x39 ../../libraries/libge.a(ge_vcom.o)
 .ARM.attributes
                0x00000323       0x39 ../../libraries/libge.a(HD44780_F3.o)
 .ARM.attributes
                0x0000035c       0x39 ../../libraries/libge.a(usb_desc.o)
 .ARM.attributes
                0x00000395       0x39 ../../libraries/libge.a(usb_istr.o)
 .ARM.attributes
                0x000003ce       0x39 ../../libraries/libge.a(usb_prop.o)
 .ARM.attributes
                0x00000407       0x39 ../../libraries/libge.a(usb_pwr.o)
 .ARM.attributes
                0x00000440       0x39 ../../libraries/libge.a(usb_core.o)
 .ARM.attributes
                0x00000479       0x39 ../../libraries/libge.a(usb_init.o)
 .ARM.attributes
                0x000004b2       0x39 ../../libraries/libge.a(usb_int.o)
 .ARM.attributes
                0x000004eb       0x39 ../../libraries/libge.a(usb_mem.o)
 .ARM.attributes
                0x00000524       0x39 ../../libraries/libge.a(usb_regs.o)
 .ARM.attributes
                0x0000055d       0x39 ../../libraries/libge.a(usb_sil.o)
 .ARM.attributes
                0x00000596       0x39 ../../libraries/libge.a(usb_endp.o)
 .ARM.attributes
                0x000005cf       0x39 Libraries/libstm32f3.a(stm32f30x_adc.o)
 .ARM.attributes
                0x00000608       0x39 Libraries/libstm32f3.a(stm32f30x_exti.o)
 .ARM.attributes
                0x00000641       0x39 Libraries/libstm32f3.a(stm32f30x_gpio.o)
 .ARM.attributes
                0x0000067a       0x39 Libraries/libstm32f3.a(stm32f30x_misc.o)
 .ARM.attributes
                0x000006b3       0x39 Libraries/libstm32f3.a(stm32f30x_rcc.o)
 .ARM.attributes
                0x000006ec       0x39 Libraries/libstm32f3.a(stm32f30x_tim.o)
 .ARM.attributes
                0x00000725       0x22 /home/green-electronics/ee155_tools/gcc-arm-none-eabi-4_9-2015q2/bin/../lib/gcc/arm-none-eabi/4.9.3/armv7e-m/fpu/libgcc.a(_arm_addsubdf3.o)
 .ARM.attributes
                0x00000747       0x22 /home/green-electronics/ee155_tools/gcc-arm-none-eabi-4_9-2015q2/bin/../lib/gcc/arm-none-eabi/4.9.3/armv7e-m/fpu/libgcc.a(_arm_muldivdf3.o)
 .ARM.attributes
                0x00000769       0x22 /home/green-electronics/ee155_tools/gcc-arm-none-eabi-4_9-2015q2/bin/../lib/gcc/arm-none-eabi/4.9.3/armv7e-m/fpu/libgcc.a(_arm_fixunsdfsi.o)
 .ARM.attributes
                0x0000078b       0x22 /home/green-electronics/ee155_tools/gcc-arm-none-eabi-4_9-2015q2/bin/../lib/gcc/arm-none-eabi/4.9.3/armv7e-m/fpu/libgcc.a(_aeabi_ldivmod.o)
 .ARM.attributes
                0x000007ad       0x34 /home/green-electronics/ee155_tools/gcc-arm-none-eabi-4_9-2015q2/bin/../lib/gcc/arm-none-eabi/4.9.3/armv7e-m/fpu/libgcc.a(bpabi.o)
 .ARM.attributes
                0x000007e1       0x22 /home/green-electronics/ee155_tools/gcc-arm-none-eabi-4_9-2015q2/bin/../lib/gcc/arm-none-eabi/4.9.3/armv7e-m/fpu/libgcc.a(_dvmd_tls.o)
 .ARM.attributes
                0x00000803       0x34 /home/green-electronics/ee155_tools/gcc-arm-none-eabi-4_9-2015q2/bin/../lib/gcc/arm-none-eabi/4.9.3/armv7e-m/fpu/libgcc.a(_divdi3.o)
 .ARM.attributes
                0x00000837       0x34 /home/green-electronics/ee155_tools/gcc-arm-none-eabi-4_9-2015q2/bin/../lib/gcc/arm-none-eabi/4.9.3/armv7e-m/fpu/libgcc.a(_udivdi3.o)
 .ARM.attributes
                0x0000086b       0x34 /home/green-electronics/ee155_tools/gcc-arm-none-eabi-4_9-2015q2/bin/../lib/gcc/arm-none-eabi/4.9.3/../../../../arm-none-eabi/lib/armv7e-m/fpu/libg.a(lib_a-impure.o)
 .ARM.attributes
                0x0000089f       0x34 /home/green-electronics/ee155_tools/gcc-arm-none-eabi-4_9-2015q2/bin/../lib/gcc/arm-none-eabi/4.9.3/../../../../arm-none-eabi/lib/armv7e-m/fpu/libg.a(lib_a-init.o)
 .ARM.attributes
                0x000008d3       0x34 /home/green-electronics/ee155_tools/gcc-arm-none-eabi-4_9-2015q2/bin/../lib/gcc/arm-none-eabi/4.9.3/../../../../arm-none-eabi/lib/armv7e-m/fpu/libg.a(lib_a-memset.o)
 .ARM.attributes
                0x00000907       0x34 /home/green-electronics/ee155_tools/gcc-arm-none-eabi-4_9-2015q2/bin/../lib/gcc/arm-none-eabi/4.9.3/../../../../arm-none-eabi/lib/armv7e-m/fpu/libg.a(lib_a-sprintf.o)
 .ARM.attributes
                0x0000093b       0x34 /home/green-electronics/ee155_tools/gcc-arm-none-eabi-4_9-2015q2/bin/../lib/gcc/arm-none-eabi/4.9.3/../../../../arm-none-eabi/lib/armv7e-m/fpu/libg.a(lib_a-strlen.o)
 .ARM.attributes
                0x0000096f       0x34 /home/green-electronics/ee155_tools/gcc-arm-none-eabi-4_9-2015q2/bin/../lib/gcc/arm-none-eabi/4.9.3/../../../../arm-none-eabi/lib/armv7e-m/fpu/libg.a(lib_a-svfprintf.o)
 .ARM.attributes
                0x000009a3       0x34 /home/green-electronics/ee155_tools/gcc-arm-none-eabi-4_9-2015q2/bin/../lib/gcc/arm-none-eabi/4.9.3/../../../../arm-none-eabi/lib/armv7e-m/fpu/libg.a(lib_a-__call_atexit.o)
 .ARM.attributes
                0x000009d7       0x34 /home/green-electronics/ee155_tools/gcc-arm-none-eabi-4_9-2015q2/bin/../lib/gcc/arm-none-eabi/4.9.3/../../../../arm-none-eabi/lib/armv7e-m/fpu/libg.a(lib_a-atexit.o)
 .ARM.attributes
                0x00000a0b       0x34 /home/green-electronics/ee155_tools/gcc-arm-none-eabi-4_9-2015q2/bin/../lib/gcc/arm-none-eabi/4.9.3/../../../../arm-none-eabi/lib/armv7e-m/fpu/libg.a(lib_a-dtoa.o)
 .ARM.attributes
                0x00000a3f       0x34 /home/green-electronics/ee155_tools/gcc-arm-none-eabi-4_9-2015q2/bin/../lib/gcc/arm-none-eabi/4.9.3/../../../../arm-none-eabi/lib/armv7e-m/fpu/libg.a(lib_a-fini.o)
 .ARM.attributes
                0x00000a73       0x34 /home/green-electronics/ee155_tools/gcc-arm-none-eabi-4_9-2015q2/bin/../lib/gcc/arm-none-eabi/4.9.3/../../../../arm-none-eabi/lib/armv7e-m/fpu/libg.a(lib_a-locale.o)
 .ARM.attributes
                0x00000aa7       0x34 /home/green-electronics/ee155_tools/gcc-arm-none-eabi-4_9-2015q2/bin/../lib/gcc/arm-none-eabi/4.9.3/../../../../arm-none-eabi/lib/armv7e-m/fpu/libg.a(lib_a-mallocr.o)
 .ARM.attributes
                0x00000adb       0x34 /home/green-electronics/ee155_tools/gcc-arm-none-eabi-4_9-2015q2/bin/../lib/gcc/arm-none-eabi/4.9.3/../../../../arm-none-eabi/lib/armv7e-m/fpu/libg.a(lib_a-memchr.o)
 .ARM.attributes
                0x00000b0f       0x20 /home/green-electronics/ee155_tools/gcc-arm-none-eabi-4_9-2015q2/bin/../lib/gcc/arm-none-eabi/4.9.3/../../../../arm-none-eabi/lib/armv7e-m/fpu/libg.a(lib_a-memcpy.o)
 .ARM.attributes
                0x00000b2f       0x34 /home/green-electronics/ee155_tools/gcc-arm-none-eabi-4_9-2015q2/bin/../lib/gcc/arm-none-eabi/4.9.3/../../../../arm-none-eabi/lib/armv7e-m/fpu/libg.a(lib_a-mlock.o)
 .ARM.attributes
                0x00000b63       0x34 /home/green-electronics/ee155_tools/gcc-arm-none-eabi-4_9-2015q2/bin/../lib/gcc/arm-none-eabi/4.9.3/../../../../arm-none-eabi/lib/armv7e-m/fpu/libg.a(lib_a-mprec.o)
 .ARM.attributes
                0x00000b97       0x34 /home/green-electronics/ee155_tools/gcc-arm-none-eabi-4_9-2015q2/bin/../lib/gcc/arm-none-eabi/4.9.3/../../../../arm-none-eabi/lib/armv7e-m/fpu/libg.a(lib_a-s_fpclassify.o)
 .ARM.attributes
                0x00000bcb       0x34 /home/green-electronics/ee155_tools/gcc-arm-none-eabi-4_9-2015q2/bin/../lib/gcc/arm-none-eabi/4.9.3/../../../../arm-none-eabi/lib/armv7e-m/fpu/libg.a(lib_a-sbrkr.o)
 .ARM.attributes
                0x00000bff       0x34 /home/green-electronics/ee155_tools/gcc-arm-none-eabi-4_9-2015q2/bin/../lib/gcc/arm-none-eabi/4.9.3/../../../../arm-none-eabi/lib/armv7e-m/fpu/libg.a(lib_a-svfiprintf.o)
 .ARM.attributes
                0x00000c33       0x34 /home/green-electronics/ee155_tools/gcc-arm-none-eabi-4_9-2015q2/bin/../lib/gcc/arm-none-eabi/4.9.3/../../../../arm-none-eabi/lib/armv7e-m/fpu/libg.a(lib_a-__atexit.o)
 .ARM.attributes
                0x00000c67       0x34 /home/green-electronics/ee155_tools/gcc-arm-none-eabi-4_9-2015q2/bin/../lib/gcc/arm-none-eabi/4.9.3/../../../../arm-none-eabi/lib/armv7e-m/fpu/libg.a(lib_a-callocr.o)
 .ARM.attributes
                0x00000c9b       0x34 /home/green-electronics/ee155_tools/gcc-arm-none-eabi-4_9-2015q2/bin/../lib/gcc/arm-none-eabi/4.9.3/../../../../arm-none-eabi/lib/armv7e-m/fpu/libg.a(lib_a-freer.o)
 .ARM.attributes
                0x00000ccf       0x34 /home/green-electronics/ee155_tools/gcc-arm-none-eabi-4_9-2015q2/bin/../lib/gcc/arm-none-eabi/4.9.3/../../../../arm-none-eabi/lib/armv7e-m/fpu/libg.a(lib_a-memmove.o)
 .ARM.attributes
                0x00000d03       0x34 /home/green-electronics/ee155_tools/gcc-arm-none-eabi-4_9-2015q2/bin/../lib/gcc/arm-none-eabi/4.9.3/../../../../arm-none-eabi/lib/armv7e-m/fpu/libg.a(lib_a-reallocr.o)
 .ARM.attributes
                0x00000d37       0x22 /home/green-electronics/ee155_tools/gcc-arm-none-eabi-4_9-2015q2/bin/../lib/gcc/arm-none-eabi/4.9.3/armv7e-m/fpu/libgcc.a(_arm_cmpdf2.o)
 .ARM.attributes
                0x00000d59       0x22 /home/green-electronics/ee155_tools/gcc-arm-none-eabi-4_9-2015q2/bin/../lib/gcc/arm-none-eabi/4.9.3/armv7e-m/fpu/libgcc.a(_arm_fixdfsi.o)
 .ARM.attributes
                0x00000d7b       0x22 /home/green-electronics/ee155_tools/gcc-arm-none-eabi-4_9-2015q2/bin/../lib/gcc/arm-none-eabi/4.9.3/armv7e-m/fpu/libgcc.a(_aeabi_uldivmod.o)
 .ARM.attributes
                0x00000d9d       0x22 /home/green-electronics/ee155_tools/gcc-arm-none-eabi-4_9-2015q2/bin/../lib/gcc/arm-none-eabi/4.9.3/armv7e-m/fpu/crtn.o
OUTPUT(main.elf elf32-littlearm)

.debug_info     0x00000000    0x100a6
 .debug_info    0x00000000       0xc6 objs/errno.o
 .debug_info    0x000000c6      0xe79 objs/hw_config.o
 .debug_info    0x00000f3f      0x49f objs/lab2.o
 .debug_info    0x000013de      0x9b8 objs/main.o
 .debug_info    0x00001d96      0x826 objs/newlib_stubs.o
 .debug_info    0x000025bc      0x4bc objs/system_stm32f30x.o
 .debug_info    0x00002a78       0x79 /tmp/ccycWgsn.o
 .debug_info    0x00002af1     0x1542 ../../libraries/libge.a(ge_adc.o)
 .debug_info    0x00004033      0x710 ../../libraries/libge.a(ge_gpio.o)
 .debug_info    0x00004743      0x1db ../../libraries/libge.a(ge_lcd.o)
 .debug_info    0x0000491e      0x7aa ../../libraries/libge.a(ge_system.o)
 .debug_info    0x000050c8      0xae6 ../../libraries/libge.a(ge_timer.o)
 .debug_info    0x00005bae      0x40e ../../libraries/libge.a(ge_vcom.o)
 .debug_info    0x00005fbc      0x968 ../../libraries/libge.a(HD44780_F3.o)
 .debug_info    0x00006924      0x1b3 ../../libraries/libge.a(usb_desc.o)
 .debug_info    0x00006ad7      0x381 ../../libraries/libge.a(usb_istr.o)
 .debug_info    0x00006e58      0xbbe ../../libraries/libge.a(usb_prop.o)
 .debug_info    0x00007a16      0x5c9 ../../libraries/libge.a(usb_pwr.o)
 .debug_info    0x00007fdf      0xebd ../../libraries/libge.a(usb_core.o)
 .debug_info    0x00008e9c      0x475 ../../libraries/libge.a(usb_init.o)
 .debug_info    0x00009311      0x20d ../../libraries/libge.a(usb_int.o)
 .debug_info    0x0000951e      0x1ef ../../libraries/libge.a(usb_mem.o)
 .debug_info    0x0000970d      0xd05 ../../libraries/libge.a(usb_regs.o)
 .debug_info    0x0000a412      0x2a8 ../../libraries/libge.a(usb_sil.o)
 .debug_info    0x0000a6ba      0x221 ../../libraries/libge.a(usb_endp.o)
 .debug_info    0x0000a8db     0x1406 Libraries/libstm32f3.a(stm32f30x_adc.o)
 .debug_info    0x0000bce1      0x3ab Libraries/libstm32f3.a(stm32f30x_exti.o)
 .debug_info    0x0000c08c      0x725 Libraries/libstm32f3.a(stm32f30x_gpio.o)
 .debug_info    0x0000c7b1      0x526 Libraries/libstm32f3.a(stm32f30x_misc.o)
 .debug_info    0x0000ccd7      0xac3 Libraries/libstm32f3.a(stm32f30x_rcc.o)
 .debug_info    0x0000d79a     0x290c Libraries/libstm32f3.a(stm32f30x_tim.o)

.debug_abbrev   0x00000000     0x36b1
 .debug_abbrev  0x00000000       0x81 objs/errno.o
 .debug_abbrev  0x00000081      0x2ef objs/hw_config.o
 .debug_abbrev  0x00000370      0x169 objs/lab2.o
 .debug_abbrev  0x000004d9      0x1da objs/main.o
 .debug_abbrev  0x000006b3      0x233 objs/newlib_stubs.o
 .debug_abbrev  0x000008e6      0x145 objs/system_stm32f30x.o
 .debug_abbrev  0x00000a2b       0x12 /tmp/ccycWgsn.o
 .debug_abbrev  0x00000a3d      0x2bb ../../libraries/libge.a(ge_adc.o)
 .debug_abbrev  0x00000cf8      0x1ee ../../libraries/libge.a(ge_gpio.o)
 .debug_abbrev  0x00000ee6       0xd4 ../../libraries/libge.a(ge_lcd.o)
 .debug_abbrev  0x00000fba      0x227 ../../libraries/libge.a(ge_system.o)
 .debug_abbrev  0x000011e1      0x29e ../../libraries/libge.a(ge_timer.o)
 .debug_abbrev  0x0000147f      0x1cd ../../libraries/libge.a(ge_vcom.o)
 .debug_abbrev  0x0000164c      0x290 ../../libraries/libge.a(HD44780_F3.o)
 .debug_abbrev  0x000018dc       0x75 ../../libraries/libge.a(usb_desc.o)
 .debug_abbrev  0x00001951      0x162 ../../libraries/libge.a(usb_istr.o)
 .debug_abbrev  0x00001ab3      0x292 ../../libraries/libge.a(usb_prop.o)
 .debug_abbrev  0x00001d45      0x28b ../../libraries/libge.a(usb_pwr.o)
 .debug_abbrev  0x00001fd0      0x3f1 ../../libraries/libge.a(usb_core.o)
 .debug_abbrev  0x000023c1      0x12f ../../libraries/libge.a(usb_init.o)
 .debug_abbrev  0x000024f0       0xfd ../../libraries/libge.a(usb_int.o)
 .debug_abbrev  0x000025ed       0xc2 ../../libraries/libge.a(usb_mem.o)
 .debug_abbrev  0x000026af      0x212 ../../libraries/libge.a(usb_regs.o)
 .debug_abbrev  0x000028c1      0x157 ../../libraries/libge.a(usb_sil.o)
 .debug_abbrev  0x00002a18      0x13f ../../libraries/libge.a(usb_endp.o)
 .debug_abbrev  0x00002b57      0x1f4 Libraries/libstm32f3.a(stm32f30x_adc.o)
 .debug_abbrev  0x00002d4b      0x18b Libraries/libstm32f3.a(stm32f30x_exti.o)
 .debug_abbrev  0x00002ed6      0x1e9 Libraries/libstm32f3.a(stm32f30x_gpio.o)
 .debug_abbrev  0x000030bf      0x156 Libraries/libstm32f3.a(stm32f30x_misc.o)
 .debug_abbrev  0x00003215      0x20b Libraries/libstm32f3.a(stm32f30x_rcc.o)
 .debug_abbrev  0x00003420      0x291 Libraries/libstm32f3.a(stm32f30x_tim.o)

.debug_aranges  0x00000000      0x4f8
 .debug_aranges
                0x00000000       0x20 objs/errno.o
 .debug_aranges
                0x00000020       0x70 objs/hw_config.o
 .debug_aranges
                0x00000090       0x48 objs/lab2.o
 .debug_aranges
                0x000000d8       0x38 objs/main.o
 .debug_aranges
                0x00000110       0xa0 objs/newlib_stubs.o
 .debug_aranges
                0x000001b0       0x28 objs/system_stm32f30x.o
 .debug_aranges
                0x000001d8       0x28 /tmp/ccycWgsn.o
 .debug_aranges
                0x00000200       0x20 ../../libraries/libge.a(ge_adc.o)
 .debug_aranges
                0x00000220       0x20 ../../libraries/libge.a(ge_gpio.o)
 .debug_aranges
                0x00000240       0x20 ../../libraries/libge.a(ge_lcd.o)
 .debug_aranges
                0x00000260       0x20 ../../libraries/libge.a(ge_system.o)
 .debug_aranges
                0x00000280       0x20 ../../libraries/libge.a(ge_timer.o)
 .debug_aranges
                0x000002a0       0x20 ../../libraries/libge.a(ge_vcom.o)
 .debug_aranges
                0x000002c0       0x20 ../../libraries/libge.a(HD44780_F3.o)
 .debug_aranges
                0x000002e0       0x18 ../../libraries/libge.a(usb_desc.o)
 .debug_aranges
                0x000002f8       0x20 ../../libraries/libge.a(usb_istr.o)
 .debug_aranges
                0x00000318       0x20 ../../libraries/libge.a(usb_prop.o)
 .debug_aranges
                0x00000338       0x20 ../../libraries/libge.a(usb_pwr.o)
 .debug_aranges
                0x00000358       0x20 ../../libraries/libge.a(usb_core.o)
 .debug_aranges
                0x00000378       0x20 ../../libraries/libge.a(usb_init.o)
 .debug_aranges
                0x00000398       0x20 ../../libraries/libge.a(usb_int.o)
 .debug_aranges
                0x000003b8       0x20 ../../libraries/libge.a(usb_mem.o)
 .debug_aranges
                0x000003d8       0x20 ../../libraries/libge.a(usb_regs.o)
 .debug_aranges
                0x000003f8       0x20 ../../libraries/libge.a(usb_sil.o)
 .debug_aranges
                0x00000418       0x20 ../../libraries/libge.a(usb_endp.o)
 .debug_aranges
                0x00000438       0x20 Libraries/libstm32f3.a(stm32f30x_adc.o)
 .debug_aranges
                0x00000458       0x20 Libraries/libstm32f3.a(stm32f30x_exti.o)
 .debug_aranges
                0x00000478       0x20 Libraries/libstm32f3.a(stm32f30x_gpio.o)
 .debug_aranges
                0x00000498       0x20 Libraries/libstm32f3.a(stm32f30x_misc.o)
 .debug_aranges
                0x000004b8       0x20 Libraries/libstm32f3.a(stm32f30x_rcc.o)
 .debug_aranges
                0x000004d8       0x20 Libraries/libstm32f3.a(stm32f30x_tim.o)

.debug_ranges   0x00000000      0x660
 .debug_ranges  0x00000000       0x10 objs/errno.o
 .debug_ranges  0x00000010       0x60 objs/hw_config.o
 .debug_ranges  0x00000070       0x38 objs/lab2.o
 .debug_ranges  0x000000a8       0x28 objs/main.o
 .debug_ranges  0x000000d0       0x90 objs/newlib_stubs.o
 .debug_ranges  0x00000160       0x30 objs/system_stm32f30x.o
 .debug_ranges  0x00000190       0x20 /tmp/ccycWgsn.o
 .debug_ranges  0x000001b0       0x28 ../../libraries/libge.a(ge_adc.o)
 .debug_ranges  0x000001d8       0x38 ../../libraries/libge.a(ge_system.o)
 .debug_ranges  0x00000210       0x68 ../../libraries/libge.a(ge_timer.o)
 .debug_ranges  0x00000278       0x30 ../../libraries/libge.a(HD44780_F3.o)
 .debug_ranges  0x000002a8       0x38 ../../libraries/libge.a(usb_pwr.o)
 .debug_ranges  0x000002e0      0x110 ../../libraries/libge.a(usb_core.o)
 .debug_ranges  0x000003f0       0x18 ../../libraries/libge.a(usb_int.o)
 .debug_ranges  0x00000408      0x1e0 ../../libraries/libge.a(usb_regs.o)
 .debug_ranges  0x000005e8       0x78 Libraries/libstm32f3.a(stm32f30x_tim.o)

.debug_line     0x00000000     0x5057
 .debug_line    0x00000000      0x13b objs/errno.o
 .debug_line    0x0000013b      0x3b3 objs/hw_config.o
 .debug_line    0x000004ee      0x264 objs/lab2.o
 .debug_line    0x00000752      0x227 objs/main.o
 .debug_line    0x00000979      0x347 objs/newlib_stubs.o
 .debug_line    0x00000cc0      0x1e1 objs/system_stm32f30x.o
 .debug_line    0x00000ea1       0x77 /tmp/ccycWgsn.o
 .debug_line    0x00000f18      0x38b ../../libraries/libge.a(ge_adc.o)
 .debug_line    0x000012a3      0x270 ../../libraries/libge.a(ge_gpio.o)
 .debug_line    0x00001513      0x181 ../../libraries/libge.a(ge_lcd.o)
 .debug_line    0x00001694      0x241 ../../libraries/libge.a(ge_system.o)
 .debug_line    0x000018d5      0x30d ../../libraries/libge.a(ge_timer.o)
 .debug_line    0x00001be2      0x305 ../../libraries/libge.a(ge_vcom.o)
 .debug_line    0x00001ee7      0x307 ../../libraries/libge.a(HD44780_F3.o)
 .debug_line    0x000021ee      0x112 ../../libraries/libge.a(usb_desc.o)
 .debug_line    0x00002300      0x20f ../../libraries/libge.a(usb_istr.o)
 .debug_line    0x0000250f      0x25f ../../libraries/libge.a(usb_prop.o)
 .debug_line    0x0000276e      0x2d7 ../../libraries/libge.a(usb_pwr.o)
 .debug_line    0x00002a45      0x50c ../../libraries/libge.a(usb_core.o)
 .debug_line    0x00002f51      0x1b2 ../../libraries/libge.a(usb_init.o)
 .debug_line    0x00003103      0x240 ../../libraries/libge.a(usb_int.o)
 .debug_line    0x00003343      0x190 ../../libraries/libge.a(usb_mem.o)
 .debug_line    0x000034d3      0x366 ../../libraries/libge.a(usb_regs.o)
 .debug_line    0x00003839      0x1d9 ../../libraries/libge.a(usb_sil.o)
 .debug_line    0x00003a12      0x1af ../../libraries/libge.a(usb_endp.o)
 .debug_line    0x00003bc1      0x446 Libraries/libstm32f3.a(stm32f30x_adc.o)
 .debug_line    0x00004007      0x1ba Libraries/libstm32f3.a(stm32f30x_exti.o)
 .debug_line    0x000041c1      0x219 Libraries/libstm32f3.a(stm32f30x_gpio.o)
 .debug_line    0x000043da      0x17f Libraries/libstm32f3.a(stm32f30x_misc.o)
 .debug_line    0x00004559      0x348 Libraries/libstm32f3.a(stm32f30x_rcc.o)
 .debug_line    0x000048a1      0x7b6 Libraries/libstm32f3.a(stm32f30x_tim.o)

.debug_str      0x00000000     0x4b2b
 .debug_str     0x00000000      0x196 objs/errno.o
                                0x1d8 (size before relaxing)
 .debug_str     0x00000196      0xba6 objs/hw_config.o
                                0xdcd (size before relaxing)
 .debug_str     0x00000d3c      0x18f objs/lab2.o
                                0x3b3 (size before relaxing)
 .debug_str     0x00000ecb      0x22a objs/main.o
                                0x4fa (size before relaxing)
 .debug_str     0x000010f5      0x205 objs/newlib_stubs.o
                                0x454 (size before relaxing)
 .debug_str     0x000012fa      0x158 objs/system_stm32f30x.o
                                0x373 (size before relaxing)
 .debug_str     0x00001452      0x729 ../../libraries/libge.a(ge_adc.o)
                                0xfa7 (size before relaxing)
 .debug_str     0x00001b7b       0xbe ../../libraries/libge.a(ge_gpio.o)
                                0x4e3 (size before relaxing)
 .debug_str     0x00001c39       0x60 ../../libraries/libge.a(ge_lcd.o)
                                0x24c (size before relaxing)
 .debug_str     0x00001c99      0x1f6 ../../libraries/libge.a(ge_system.o)
                                0x8a2 (size before relaxing)
 .debug_str     0x00001e8f      0x130 ../../libraries/libge.a(ge_timer.o)
                                0x9f9 (size before relaxing)
 .debug_str     0x00001fbf      0x175 ../../libraries/libge.a(ge_vcom.o)
                                0x465 (size before relaxing)
 .debug_str     0x00002134       0x7d ../../libraries/libge.a(HD44780_F3.o)
                                0x4e6 (size before relaxing)
 .debug_str     0x000021b1       0xae ../../libraries/libge.a(usb_desc.o)
                                0x297 (size before relaxing)
 .debug_str     0x0000225f      0x128 ../../libraries/libge.a(usb_istr.o)
                                0x3f6 (size before relaxing)
 .debug_str     0x00002387      0x481 ../../libraries/libge.a(usb_prop.o)
                                0xa6a (size before relaxing)
 .debug_str     0x00002808       0x8d ../../libraries/libge.a(usb_pwr.o)
                                0x456 (size before relaxing)
 .debug_str     0x00002895      0x478 ../../libraries/libge.a(usb_core.o)
                                0xb60 (size before relaxing)
 .debug_str     0x00002d0d       0x5a ../../libraries/libge.a(usb_init.o)
                                0x5c7 (size before relaxing)
 .debug_str     0x00002d67       0x55 ../../libraries/libge.a(usb_int.o)
                                0x29a (size before relaxing)
 .debug_str     0x00002dbc       0x77 ../../libraries/libge.a(usb_mem.o)
                                0x273 (size before relaxing)
 .debug_str     0x00002e33      0x343 ../../libraries/libge.a(usb_regs.o)
                                0x5fb (size before relaxing)
 .debug_str     0x00003176       0x90 ../../libraries/libge.a(usb_sil.o)
                                0x2db (size before relaxing)
 .debug_str     0x00003206       0x3f ../../libraries/libge.a(usb_endp.o)
                                0x291 (size before relaxing)
 .debug_str     0x00003245      0x792 Libraries/libstm32f3.a(stm32f30x_adc.o)
                                0xc15 (size before relaxing)
 .debug_str     0x000039d7       0xef Libraries/libstm32f3.a(stm32f30x_exti.o)
                                0x3df (size before relaxing)
 .debug_str     0x00003ac6       0xf2 Libraries/libstm32f3.a(stm32f30x_gpio.o)
                                0x508 (size before relaxing)
 .debug_str     0x00003bb8       0xcc Libraries/libstm32f3.a(stm32f30x_misc.o)
                                0x423 (size before relaxing)
 .debug_str     0x00003c84      0x352 Libraries/libstm32f3.a(stm32f30x_rcc.o)
                                0x83e (size before relaxing)
 .debug_str     0x00003fd6      0xb55 Libraries/libstm32f3.a(stm32f30x_tim.o)
                                0xfef (size before relaxing)

.comment        0x00000000       0x70
 .comment       0x00000000       0x70 objs/errno.o
                                 0x71 (size before relaxing)
 .comment       0x00000000       0x71 objs/hw_config.o
 .comment       0x00000000       0x71 objs/lab2.o
 .comment       0x00000000       0x71 objs/main.o
 .comment       0x00000000       0x71 objs/newlib_stubs.o
 .comment       0x00000000       0x71 objs/system_stm32f30x.o
 .comment       0x00000000       0x71 ../../libraries/libge.a(ge_adc.o)
 .comment       0x00000000       0x71 ../../libraries/libge.a(ge_gpio.o)
 .comment       0x00000000       0x71 ../../libraries/libge.a(ge_lcd.o)
 .comment       0x00000000       0x71 ../../libraries/libge.a(ge_system.o)
 .comment       0x00000000       0x71 ../../libraries/libge.a(ge_timer.o)
 .comment       0x00000000       0x71 ../../libraries/libge.a(ge_vcom.o)
 .comment       0x00000000       0x71 ../../libraries/libge.a(HD44780_F3.o)
 .comment       0x00000000       0x71 ../../libraries/libge.a(usb_desc.o)
 .comment       0x00000000       0x71 ../../libraries/libge.a(usb_istr.o)
 .comment       0x00000000       0x71 ../../libraries/libge.a(usb_prop.o)
 .comment       0x00000000       0x71 ../../libraries/libge.a(usb_pwr.o)
 .comment       0x00000000       0x71 ../../libraries/libge.a(usb_core.o)
 .comment       0x00000000       0x71 ../../libraries/libge.a(usb_init.o)
 .comment       0x00000000       0x71 ../../libraries/libge.a(usb_int.o)
 .comment       0x00000000       0x71 ../../libraries/libge.a(usb_mem.o)
 .comment       0x00000000       0x71 ../../libraries/libge.a(usb_regs.o)
 .comment       0x00000000       0x71 ../../libraries/libge.a(usb_sil.o)
 .comment       0x00000000       0x71 ../../libraries/libge.a(usb_endp.o)
 .comment       0x00000000       0x71 Libraries/libstm32f3.a(stm32f30x_adc.o)