Archive member included because of file (symbol)

../../libraries/libge.a(ge_adc.o)
                              objs/main.o (adc_init)
../../libraries/libge.a(ge_gpio.o)
                              objs/main.o (gpio_init)
../../libraries/libge.a(ge_lcd.o)
                              objs/main.o (lcd_init)
../../libraries/libge.a(ge_system.o)
                              objs/main.o (ge_init)
../../libraries/libge.a(ge_timer.o)
                              objs/main.o (timer_init)
../../libraries/libge.a(ge_vcom.o)
                              objs/hw_config.o (packet_sent)
../../libraries/libge.a(HD44780_F3.o)
                              ../../libraries/libge.a(ge_lcd.o) (HD44780_Init)
../../libraries/libge.a(usb_desc.o)
                              objs/hw_config.o (Virtual_Com_Port_StringSerial)
../../libraries/libge.a(usb_istr.o)
                              ../../libraries/libge.a(ge_vcom.o) (USB_Istr)
../../libraries/libge.a(usb_prop.o)
                              ../../libraries/libge.a(usb_istr.o) (Device_Property)
../../libraries/libge.a(usb_pwr.o)
                              ../../libraries/libge.a(usb_prop.o) (PowerOn)
../../libraries/libge.a(usb_core.o)
                              ../../libraries/libge.a(usb_prop.o) (Standard_GetDescriptorData)
../../libraries/libge.a(usb_init.o)
                              ../../libraries/libge.a(ge_vcom.o) (USB_Init)
../../libraries/libge.a(usb_int.o)
                              ../../libraries/libge.a(usb_istr.o) (CTR_LP)
../../libraries/libge.a(usb_mem.o)
                              objs/hw_config.o (UserToPMABufferCopy)
../../libraries/libge.a(usb_regs.o)
                              ../../libraries/libge.a(usb_prop.o) (SetBTABLE)
../../libraries/libge.a(usb_sil.o)
                              ../../libraries/libge.a(usb_prop.o) (USB_SIL_Init)
../../libraries/libge.a(ge_eeprom.o)
                              objs/lab2.o (eeprom_init)
../../libraries/libge.a(usb_endp.o)
                              ../../libraries/libge.a(usb_istr.o) (EP1_IN_Callback)
../../libraries/libge.a(eeprom.o)
                              ../../libraries/libge.a(ge_eeprom.o) (EE_ReadVariable)
Libraries/libstm32f3.a(stm32f30x_adc.o)
                              ../../libraries/libge.a(ge_adc.o) (ADC_DeInit)
Libraries/libstm32f3.a(stm32f30x_exti.o)
                              objs/hw_config.o (EXTI_Init)
Libraries/libstm32f3.a(stm32f30x_flash.o)
                              ../../libraries/libge.a(ge_eeprom.o) (FLASH_Unlock)
Libraries/libstm32f3.a(stm32f30x_gpio.o)
                              objs/hw_config.o (GPIO_Init)
Libraries/libstm32f3.a(stm32f30x_misc.o)
                              objs/hw_config.o (NVIC_PriorityGroupConfig)
Libraries/libstm32f3.a(stm32f30x_rcc.o)
                              objs/hw_config.o (RCC_HSEConfig)
Libraries/libstm32f3.a(stm32f30x_syscfg.o)
                              objs/stm32f3_discovery.o (SYSCFG_EXTILineConfig)
Libraries/libstm32f3.a(stm32f30x_tim.o)
                              ../../libraries/libge.a(ge_adc.o) (TIM_TimeBaseInit)
/home/green-electronics/ee155_tools/gcc-arm-none-eabi-4_9-2015q2/bin/../lib/gcc/arm-none-eabi/4.9.3/armv7e-m/fpu/libgcc.a(_arm_addsubdf3.o)
                              objs/lab2.o (__aeabi_dadd)
/home/green-electronics/ee155_tools/gcc-arm-none-eabi-4_9-2015q2/bin/../lib/gcc/arm-none-eabi/4.9.3/armv7e-m/fpu/libgcc.a(_arm_muldivdf3.o)
                              objs/lab2.o (__aeabi_dmul)
/home/green-electronics/ee155_tools/gcc-arm-none-eabi-4_9-2015q2/bin/../lib/gcc/arm-none-eabi/4.9.3/armv7e-m/fpu/libgcc.a(_arm_fixunsdfsi.o)
                              ../../libraries/libge.a(ge_adc.o) (__aeabi_d2uiz)
/home/green-electronics/ee155_tools/gcc-arm-none-eabi-4_9-2015q2/bin/../lib/gcc/arm-none-eabi/4.9.3/armv7e-m/fpu/libgcc.a(_arm_truncdfsf2.o)
                              objs/lab2.o (__aeabi_d2f)
/home/green-electronics/ee155_tools/gcc-arm-none-eabi-4_9-2015q2/bin/../lib/gcc/arm-none-eabi/4.9.3/armv7e-m/fpu/libgcc.a(_aeabi_ldivmod.o)
                              ../../libraries/libge.a(ge_timer.o) (__aeabi_ldivmod)
/home/green-electronics/ee155_tools/gcc-arm-none-eabi-4_9-2015q2/bin/../lib/gcc/arm-none-eabi/4.9.3/armv7e-m/fpu/libgcc.a(bpabi.o)
                              /home/green-electronics/ee155_tools/gcc-arm-none-eabi-4_9-2015q2/bin/../lib/gcc/arm-none-eabi/4.9.3/armv7e-m/fpu/libgcc.a(_aeabi_ldivmod.o) (__gnu_ldivmod_helper)
/home/green-electronics/ee155_tools/gcc-arm-none-eabi-4_9-2015q2/bin/../lib/gcc/arm-none-eabi/4.9.3/armv7e-m/fpu/libgcc.a(_dvmd_tls.o)
                              /home/green-electronics/ee155_tools/gcc-arm-none-eabi-4_9-2015q2/bin/../lib/gcc/arm-none-eabi/4.9.3/armv7e-m/fpu/libgcc.a(_aeabi_ldivmod.o) (__aeabi_ldiv0)
/home/green-electronics/ee155_tools/gcc-arm-none-eabi-4_9-2015q2/bin/../lib/gcc/arm-none-eabi/4.9.3/armv7e-m/fpu/libgcc.a(_divdi3.o)
[...]
Memory Configuration

Name             Origin             Length             Attributes
FLASH            0x08000000         0x00040000         xr
RAM              0x20000000         0x0000a000         xrw
MEMORY_B1        0x60000000         0x00000000         xr
*default*        0x00000000         0xffffffff

Linker script and memory map

LOAD /home/green-electronics/ee155_tools/gcc-arm-none-eabi-4_9-2015q2/bin/../lib/gcc/arm-none-eabi/4.9.3/armv7e-m/fpu/crti.o
LOAD /home/green-electronics/ee155_tools/gcc-arm-none-eabi-4_9-2015q2/bin/../lib/gcc/arm-none-eabi/4.9.3/armv7e-m/fpu/crtbegin.o
LOAD /home/green-electronics/ee155_tools/gcc-arm-none-eabi-4_9-2015q2/bin/../lib/gcc/arm-none-eabi/4.9.3/../../../../arm-none-eabi/lib/armv7e-m/fpu/crt0.o
LOAD objs/errno.o
LOAD objs/hw_config.o
LOAD objs/lab2.o
LOAD objs/main.o
LOAD objs/newlib_stubs.o
LOAD objs/stm32f3_discovery.o
LOAD objs/system_stm32f30x.o
LOAD /tmp/ccFNPbnF.o
LOAD ../../libraries/libge.a
LOAD Libraries/libstm32f3.a
START GROUP
LOAD /home/green-electronics/ee155_tools/gcc-arm-none-eabi-4_9-2015q2/bin/../lib/gcc/arm-none-eabi/4.9.3/armv7e-m/fpu/libgcc.a
LOAD /home/green-electronics/ee155_tools/gcc-arm-none-eabi-4_9-2015q2/bin/../lib/gcc/arm-none-eabi/4.9.3/../../../../arm-none-eabi/lib/armv7e-m/fpu/libg.a
LOAD /home/green-electronics/ee155_tools/gcc-arm-none-eabi-4_9-2015q2/bin/../lib/gcc/arm-none-eabi/4.9.3/../../../../arm-none-eabi/lib/armv7e-m/fpu/libc.a
END GROUP
LOAD /home/green-electronics/ee155_tools/gcc-arm-none-eabi-4_9-2015q2/bin/../lib/gcc/arm-none-eabi/4.9.3/armv7e-m/fpu/crtend.o
LOAD /home/green-electronics/ee155_tools/gcc-arm-none-eabi-4_9-2015q2/bin/../lib/gcc/arm-none-eabi/4.9.3/armv7e-m/fpu/crtn.o
                0x20008000                _estack = 0x20008000
                0x2000a000                _estack = 0x2000a000
                0x00000200                _Min_Heap_Size = 0x200
                0x00000400                _Min_Stack_Size = 0x400

.isr_vector     0x08000000      0x188
                0x08000000                . = ALIGN (0x4)
 *(.isr_vector)
 .isr_vector    0x08000000      0x188 /tmp/ccFNPbnF.o
                0x08000000                g_pfnVectors
                0x08000188                . = ALIGN (0x4)

.eh_frame       0x08000188        0x0
 .eh_frame      0x08000188        0x0 /home/green-electronics/ee155_tools/gcc-arm-none-eabi-4_9-2015q2/bin/../lib/gcc/arm-none-eabi/4.9.3/armv7e-m/fpu/crtbegin.o

.text           0x08000188     0xaaf8
                0x08000188                . = ALIGN (0x4)
 *(.text)
 .text          0x08000188       0x5c /home/green-electronics/ee155_tools/gcc-arm-none-eabi-4_9-2015q2/bin/../lib/gcc/arm-none-eabi/4.9.3/armv7e-m/fpu/crtbegin.o
 *fill*         0x080001e4        0x4 
 .text          0x080001e8      0x410 ../../libraries/libge.a(ge_adc.o)
                0x080001e8                adc_enable_clocks
                0x08000230                adc_init
                0x0800035c                adc_start
                0x0800039c                adc_stop
                0x080003c8                adc_deinit
                0x08000400                adc_enable_channel
                0x080004e4                adc_callback
                0x080004f4                adc_set_fs
                0x08000560                ADC1_2_IRQHandler
 .text          0x080005f8      0x120 ../../libraries/libge.a(ge_gpio.o)
                0x080005f8                gpio_init
                0x0800063c                gpio_deinit
                0x08000680                gpio_setup_pin
                0x080006e0                gpio_write_pin
                0x08000700                gpio_read_pin
 .text          0x08000718       0x14 ../../libraries/libge.a(ge_lcd.o)
                0x08000718                lcd_init
                0x0800071c                lcd_putc
                0x08000720                lcd_goto
                0x08000724                lcd_puts
                0x08000728                lcd_clear
 .text          0x0800072c       0x74 ../../libraries/libge.a(ge_system.o)
                0x0800072c                ge_init
                0x08000768                delay_ms
                0x08000780                SysTick_Handler
 .text          0x080007a0      0x2a8 ../../libraries/libge.a(ge_timer.o)
                0x080007a0                timer_init
                0x08000868                timer_deinit
                0x0800089c                timer_register
                0x08000908                timer_start
                0x08000930                timer_stop
                0x0800096c                TIM3_IRQHandler
 .text          0x08000a48       0xd8 ../../libraries/libge.a(ge_vcom.o)
                0x08000a48                vcom_init
                0x08000a8c                vcom_send
                0x08000aa0                vcom_read
                0x08000ad0                vcom_corrupt
                0x08000ae4                vcom_reset
                0x08000afc                vcom_available
                0x08000b08                USB_LP_CAN1_RX0_IRQHandler
                0x08000b0c                USBWakeUp_IRQHandler
 .text          0x08000b20      0x27c ../../libraries/libge.a(HD44780_F3.o)
                0x08000b20                hd44780_wr_hi_nibble
                0x08000bb0                hd44780_wr_lo_nibble
                0x08000c40                hd44780_write
                0x08000c54                hd44780_wr_cmd
                0x08000c78                hd44780_wr_data
                0x08000c9c                hd44780_Delay
                0x08000ca0                HD44780_Init
                0x08000d50                HD44780_PutChar
                0x08000d54                HD44780_GotoXY
                0x08000d70                HD44780_PutStr
                0x08000d94                HD44780_ClrScr
 .text          0x08000d9c      0x158 ../../libraries/libge.a(usb_istr.o)
                0x08000d9c                USB_Istr
 .text          0x08000ef4      0x238 ../../libraries/libge.a(usb_prop.o)
                0x08000ef4                Virtual_Com_Port_SetConfiguration
                0x08000f0c                Virtual_Com_Port_SetDeviceAddress
                0x08000f18                Virtual_Com_Port_Status_In
                0x08000f2c                Virtual_Com_Port_Status_Out
                0x08000f30                Virtual_Com_Port_Data_Setup
                0x08000f8c                Virtual_Com_Port_NoData_Setup
                0x08000fb0                Virtual_Com_Port_Get_Interface_Setting
                0x08000fc0                Virtual_Com_Port_GetLineCoding
                0x08000fd8                Virtual_Com_Port_SetLineCoding
                0x08000ff0                Virtual_Com_Port_init
                0x08001014                Virtual_Com_Port_Reset
                0x080010f4                Virtual_Com_Port_GetDeviceDescriptor
                0x08001100                Virtual_Com_Port_GetConfigDescriptor
                0x0800110c                Virtual_Com_Port_GetStringDescriptor
 .text          0x0800112c      0x230 ../../libraries/libge.a(usb_pwr.o)
                0x0800112c                PowerOn
                0x0800115c                PowerOff
                0x08001180                Suspend
                0x08001264                Resume_Init
                0x08001284                Resume
 .text          0x0800135c      0x918 ../../libraries/libge.a(usb_core.o)
                0x0800135c                Standard_GetConfiguration
                0x08001384                Standard_GetInterface
                0x080013ac                Standard_GetStatus
                0x080014e4                Standard_SetConfiguration
                0x08001520                Standard_SetInterface
                0x08001570                Standard_ClearFeature
                0x08001648                Standard_SetEndPointFeature
                0x080016e0                Standard_SetDeviceFeature
                0x08001704                Standard_GetDescriptorData
                0x08001720                Post0_Process
                0x08001764                Setup0_Process
                0x08001adc                Out0_Process
                0x08001bc0                SetDeviceAddress
                0x08001c00                In0_Process
                0x08001c70                NOP_Process
 .text          0x08001c74       0x38 ../../libraries/libge.a(usb_init.o)
                0x08001c74                USB_Init
 .text          0x08001cac      0x200 ../../libraries/libge.a(usb_int.o)
                0x08001cac                CTR_LP
                0x08001e2c                CTR_HP
 .text          0x08001eac       0x58 ../../libraries/libge.a(usb_mem.o)
                0x08001eac                UserToPMABufferCopy
                0x08001ee4                PMAToUserBufferCopy
 .text          0x08001f04      0x81c ../../libraries/libge.a(usb_regs.o)
                0x08001f04                SetCNTR
                0x08001f10                GetCNTR
                0x08001f1c                SetISTR
                0x08001f28                GetISTR
                0x08001f34                GetFNR
                0x08001f40                SetDADDR
                0x08001f4c                GetDADDR
                0x08001f58                SetBTABLE
                0x08001f68                GetBTABLE
                0x08001f74                SetENDPOINT
                0x08001f84                GetENDPOINT
                0x08001f94                SetEPType
                0x08001fb0                GetEPType
                0x08001fc4                SetEPTxStatus
                0x08001ff8                SetEPRxStatus
                0x0800202c                SetDouBleBuffEPStall
                0x08002058                GetEPTxStatus
                0x0800206c                GetEPRxStatus
                0x08002080                SetEPTxValid
                0x080020a8                SetEPRxValid
                0x080020d0                SetEP_KIND
                0x080020f0                ClearEP_KIND
                0x08002110                Clear_Status_Out
                0x08002130                Set_Status_Out
                0x08002150                SetEPDoubleBuff
                0x08002170                ClearEPDoubleBuff
                0x08002190                GetTxStallStatus
                0x080021ac                GetRxStallStatus
                0x080021c8                ClearEP_CTR_RX
                0x080021e0                ClearEP_CTR_TX
                0x080021f8                ToggleDTOG_RX
                0x08002218                ToggleDTOG_TX
                0x08002238                ClearDTOG_RX
                0x0800225c                ClearDTOG_TX
                0x08002280                SetEPAddress
                0x080022a0                GetEPAddress
                0x080022b4                SetEPTxAddr
                0x080022d4                SetEPRxAddr
                0x080022f4                GetEPTxAddr
                0x08002314                GetEPRxAddr
                0x08002334                SetEPTxCount
                0x08002350                SetEPCountRxReg
                0x08002378                SetEPRxCount
                0x080023bc                GetEPTxCount
                0x080023dc                GetEPRxCount
                0x080023fc                SetEPDblBuffAddr
                0x08002438                SetEPDblBuf0Addr
                0x08002458                SetEPDblBuf1Addr
                0x08002478                GetEPDblBuf0Addr
                0x08002498                GetEPDblBuf1Addr
                0x080024b8                SetEPDblBuffCount
                0x08002580                SetEPDblBuf0Count
                0x080025e0                SetEPDblBuf1Count
                0x08002640                GetEPDblBuf0Count
                0x08002660                GetEPDblBuf1Count
                0x08002680                GetEPDblBufDir
                0x080026c4                FreeUserBuffer
                0x0800270c                ToWord
                0x08002714                ByteSwap
 .text          0x08002720       0x74 ../../libraries/libge.a(usb_sil.o)
                0x08002720                USB_SIL_Init
                0x08002748                USB_SIL_Write
                0x08002770                USB_SIL_Read
 .text          0x08002794       0x18 ../../libraries/libge.a(ge_eeprom.o)
                0x08002794                eeprom_init
                0x080027a4                eeprom_read
                0x080027a8                eeprom_write
 .text          0x080027ac       0x8c ../../libraries/libge.a(usb_endp.o)
                0x080027ac                EP1_IN_Callback
                0x080027b8                EP3_OUT_Callback
 .text          0x08002838      0x344 ../../libraries/libge.a(eeprom.o)
                0x080028dc                EE_ReadVariable
                0x0800294c                EE_Init
                0x08002ac8                EE_WriteVariable
 .text          0x08002b7c      0x798 Libraries/libstm32f3.a(stm32f30x_adc.o)
                0x08002b7c                ADC_DeInit
                0x08002bd4                ADC_Init
                0x08002c20                ADC_StructInit
                0x08002c38                ADC_InjectedInit
                0x08002c68                ADC_InjectedStructInit
                0x08002c7c                ADC_CommonInit
                0x08002cf4                ADC_CommonStructInit
                0x08002d04                ADC_Cmd
                0x08002d18                ADC_StartCalibration
                0x08002d24                ADC_GetCalibrationValue
                0x08002d2c                ADC_SetCalibrationValue
                0x08002d34                ADC_SelectCalibrationMode
                0x08002d44                ADC_GetCalibrationStatus
                0x08002d4c                ADC_DisableCmd
                0x08002d58                ADC_GetDisableCmdStatus
                0x08002d60                ADC_VoltageRegulatorCmd
                0x08002d7c                ADC_SelectDifferentialMode
                0x08002da0                ADC_SelectQueueOfContextMode
                0x08002db4                ADC_AutoDelayCmd
                0x08002dc8                ADC_AnalogWatchdogCmd
                0x08002dd4                ADC_AnalogWatchdog1ThresholdsConfig
                0x08002dfc                ADC_AnalogWatchdog2ThresholdsConfig
                0x08002e1c                ADC_AnalogWatchdog3ThresholdsConfig
                0x08002e3c                ADC_AnalogWatchdog1SingleChannelConfig
                0x08002e4c                ADC_AnalogWatchdog2SingleChannelConfig
                0x08002e70                ADC_AnalogWatchdog3SingleChannelConfig
                0x08002e94                ADC_TempSensorCmd
                0x08002ecc                ADC_VrefintCmd
                0x08002f04                ADC_VbatCmd
                0x08002f3c                ADC_RegularChannelConfig
                0x08003000                ADC_RegularChannelSequencerLengthConfig
                0x08003014                ADC_ExternalTriggerConfig
                0x08003028                ADC_StartConversion
                0x08003034                ADC_GetStartConversionStatus
                0x0800303c                ADC_StopConversion
                0x08003048                ADC_DiscModeChannelCountConfig
                0x08003058                ADC_DiscModeCmd
                0x0800306c                ADC_GetConversionValue
                0x08003074                ADC_GetDualModeConversionValue
                0x08003098                ADC_SetChannelOffset1
                0x080030bc                ADC_SetChannelOffset2
                0x080030e0                ADC_SetChannelOffset3
                0x08003104                ADC_SetChannelOffset4
                0x08003128                ADC_ChannelOffset1Cmd
                0x0800313c                ADC_ChannelOffset2Cmd
                0x08003150                ADC_ChannelOffset3Cmd
                0x08003164                ADC_ChannelOffset4Cmd
                0x08003178                ADC_DMACmd
                0x0800318c                ADC_DMAConfig
                0x0800319c                ADC_InjectedChannelConfig
                0x080031f0                ADC_InjectedSequencerLengthConfig
                0x08003200                ADC_ExternalTriggerInjectedConfig
                0x08003214                ADC_StartInjectedConversion
                0x08003220                ADC_StopInjectedConversion
                0x0800322c                ADC_GetStartInjectedConversionStatus
                0x08003234                ADC_AutoInjectedConvCmd
                0x08003248                ADC_InjectedDiscModeCmd
                0x0800325c                ADC_GetInjectedConversionValue
                0x08003278                ADC_ITConfig
                0x0800328c                ADC_GetFlagStatus
                0x08003298                ADC_ClearFlag
                0x0800329c                ADC_GetCommonFlagStatus
                0x080032c8                ADC_ClearCommonFlag
                0x080032f4                ADC_GetITStatus
                0x0800330c                ADC_ClearITPendingBit
 .text          0x08003314      0x1f0 Libraries/libstm32f3.a(stm32f30x_exti.o)
                0x08003314                EXTI_DeInit
                0x08003348                EXTI_Init
                0x0800345c                EXTI_StructInit
                0x0800346c                EXTI_GenerateSWInterrupt
                0x0800348c                EXTI_GetFlagStatus
                0x080034ac                EXTI_ClearFlag
                0x080034c4                EXTI_GetITStatus
                0x080034ec                EXTI_ClearITPendingBit
 .text          0x08003504      0x5ac Libraries/libstm32f3.a(stm32f30x_flash.o)
                0x08003504                FLASH_SetLatency
                0x08003518                FLASH_HalfCycleAccessCmd
                0x08003534                FLASH_PrefetchBufferCmd
                0x08003550                FLASH_Unlock
                0x08003570                FLASH_Lock
                0x08003580                FLASH_OB_Unlock
                0x080035a0                FLASH_OB_Lock
                0x080035b0                FLASH_OB_Launch
                0x080035c0                FLASH_OB_GetUser
                0x080035d0                FLASH_OB_GetWRP
                0x080035dc                FLASH_OB_GetRDP
                0x080035f0                FLASH_ITConfig
                0x08003608                FLASH_GetFlagStatus
                0x0800361c                FLASH_ClearFlag
                0x08003628                FLASH_GetStatus
                0x08003650                FLASH_WaitForLastOperation
                0x08003678                FLASH_ErasePage
                0x080036b4                FLASH_EraseAllPages
                0x080036ec                FLASH_ProgramWord
                0x08003750                FLASH_ProgramHalfWord
                0x08003788                FLASH_OB_Erase
                0x080037fc                FLASH_OB_EnableWRP
                0x08003864                FLASH_OB_RDPConfig
                0x080038d8                FLASH_OB_UserConfig
                0x08003934                FLASH_OB_BOOTConfig
                0x08003988                FLASH_OB_VDDAConfig
                0x080039dc                FLASH_OB_SRAMParityConfig
                0x08003a20                FLASH_OB_WriteUser
                0x08003a74                FLASH_ProgramOptionByteData
 .text          0x08003ab0      0x214 Libraries/libstm32f3.a(stm32f30x_gpio.o)
                0x08003ab0                GPIO_DeInit
                0x08003b7c                GPIO_Init
                0x08003c38                GPIO_StructInit
                0x08003c4c                GPIO_PinLockConfig
                0x08003c5c                GPIO_ReadInputDataBit
                0x08003c68                GPIO_ReadInputData
                0x08003c70                GPIO_ReadOutputDataBit
                0x08003c7c                GPIO_ReadOutputData
                0x08003c84                GPIO_SetBits
                0x08003c88                GPIO_ResetBits
                0x08003c8c                GPIO_WriteBit
                0x08003c98                GPIO_Write
                0x08003c9c                GPIO_PinAFConfig
 .text          0x08003cc4       0xc8 Libraries/libstm32f3.a(stm32f30x_misc.o)
                0x08003cc4                NVIC_PriorityGroupConfig
                0x08003cd8                NVIC_Init
                0x08003d48                NVIC_SetVectorTable
                0x08003d5c                NVIC_SystemLPConfig
                0x08003d74                SysTick_CLKSourceConfig
 .text          0x08003d8c      0x654 Libraries/libstm32f3.a(stm32f30x_rcc.o)
                0x08003d8c                RCC_DeInit
                0x08003de0                RCC_HSEConfig
                0x08003df0                RCC_AdjustHSICalibrationValue
                0x08003e04                RCC_HSICmd
                0x08003e10                RCC_LSEConfig
                0x08003e30                RCC_LSEDriveConfig
                0x08003e48                RCC_LSICmd
                0x08003e54                RCC_PLLConfig
                0x08003e6c                RCC_PLLCmd
                0x08003e78                RCC_PREDIV1Config
                0x08003e8c                RCC_ClockSecuritySystemCmd
                0x08003e98                RCC_MCOConfig
                0x08003ea4                RCC_SYSCLKConfig
                0x08003eb8                RCC_GetSYSCLKSource
                0x08003ec8                RCC_HCLKConfig
                0x08003edc                RCC_PCLK1Config
                0x08003ef0                RCC_PCLK2Config
                0x08003f04                RCC_GetClocksFreq
                0x08004190                RCC_ADCCLKConfig
                0x080041b0                RCC_I2CCLKConfig
                0x080041d0                RCC_TIMCLKConfig
                0x080041f0                RCC_USARTCLKConfig
                0x0800424c                RCC_USBCLKConfig
                0x08004258                RCC_RTCCLKConfig
                0x08004268                RCC_I2SCLKConfig
                0x08004274                RCC_RTCCLKCmd
                0x08004280                RCC_BackupResetCmd
                0x0800428c                RCC_AHBPeriphClockCmd
                0x080042a4                RCC_APB2PeriphClockCmd
                0x080042bc                RCC_APB1PeriphClockCmd
                0x080042d4                RCC_AHBPeriphResetCmd
                0x080042ec                RCC_APB2PeriphResetCmd
                0x08004304                RCC_APB1PeriphResetCmd
                0x0800431c                RCC_ITConfig
                0x08004334                RCC_GetFlagStatus
                0x0800437c                RCC_WaitForHSEStartUp
                0x080043b0                RCC_ClearFlag
                0x080043c0                RCC_GetITStatus
                0x080043d4                RCC_ClearITPendingBit
 .text          0x080043e0      0xde0 Libraries/libstm32f3.a(stm32f30x_tim.o)
                0x080043e0                TIM_DeInit
                0x08004520                TIM_TimeBaseInit
                0x080045d0                TIM_TimeBaseStructInit
                0x080045e4                TIM_PrescalerConfig
                0x080045ec                TIM_CounterModeConfig
                0x080045fc                TIM_SetCounter
                0x08004600                TIM_SetAutoreload
                0x08004604                TIM_GetCounter
                0x08004608                TIM_GetPrescaler
                0x08004610                TIM_UpdateDisableConfig
                0x0800462c                TIM_UpdateRequestConfig
                0x08004648                TIM_UIFRemap
                0x08004664                TIM_ARRPreloadConfig
                0x08004680                TIM_SelectOnePulseMode
                0x08004698                TIM_SetClockDivision
                0x080046b0                TIM_Cmd
                0x080046cc                TIM_OC1Init
                0x0800475c                TIM_OC2Init
                0x080047d0                TIM_OC3Init
                0x08004840                TIM_OC4Init
                0x08004898                TIM_OC5Init
                0x080048f0                TIM_OC6Init
                0x08004944                TIM_SelectGC5C1
                0x08004958                TIM_SelectGC5C2
                0x0800496c                TIM_SelectGC5C3
                0x08004980                TIM_OCStructInit
                0x08004994                TIM_SelectOCxM
                0x080049e8                TIM_SetCompare1
                0x080049ec                TIM_SetCompare2
                0x080049f0                TIM_SetCompare3
                0x080049f4                TIM_SetCompare4
                0x080049f8                TIM_SetCompare5
                0x080049fc                TIM_SetCompare6
                0x08004a00                TIM_ForcedOC1Config
                0x08004a10                TIM_ForcedOC2Config
                0x08004a24                TIM_ForcedOC3Config
                0x08004a30                TIM_ForcedOC4Config
                0x08004a40                TIM_ForcedOC5Config
                0x08004a4c                TIM_ForcedOC6Config
                0x08004a5c                TIM_OC1PreloadConfig
                0x08004a68                TIM_OC2PreloadConfig
                0x08004a78                TIM_OC3PreloadConfig
                0x08004a84                TIM_OC4PreloadConfig
                0x08004a94                TIM_OC5PreloadConfig
                0x08004aa0                TIM_OC6PreloadConfig
                0x08004ab0                TIM_OC1FastConfig
                0x08004abc                TIM_OC2FastConfig
                0x08004acc                TIM_OC3FastConfig
                0x08004ad8                TIM_OC4FastConfig
                0x08004ae8                TIM_ClearOC1Ref
                0x08004af4                TIM_ClearOC2Ref
                0x08004b04                TIM_ClearOC3Ref
                0x08004b10                TIM_ClearOC4Ref
                0x08004b20                TIM_ClearOC5Ref
                0x08004b2c                TIM_ClearOC6Ref
                0x08004b3c                TIM_SelectOCREFClear
                0x08004b50                TIM_OC1PolarityConfig
                0x08004b5c                TIM_OC1NPolarityConfig
                0x08004b68                TIM_OC2PolarityConfig
                0x08004b78                TIM_OC2NPolarityConfig
                0x08004b88                TIM_OC3PolarityConfig
                0x08004b98                TIM_OC3NPolarityConfig
                0x08004ba8                TIM_OC4PolarityConfig
                0x08004bb8                TIM_OC5PolarityConfig
                0x08004bc8                TIM_OC6PolarityConfig
                0x08004bd8                TIM_CCxCmd
                0x08004bf4                TIM_CCxNCmd
                0x08004c10                TIM_ICInit
                0x08004d3c                TIM_ICStructInit
                0x08004d4c                TIM_PWMIConfig
                0x08004e60                TIM_GetCapture1
                0x08004e64                TIM_GetCapture2
                0x08004e68                TIM_GetCapture3
                0x08004e6c                TIM_GetCapture4
                0x08004e70                TIM_SetIC1Prescaler
                0x08004e80                TIM_SetIC2Prescaler
                0x08004e94                TIM_SetIC3Prescaler
                0x08004ea8                TIM_SetIC4Prescaler
                0x08004ec0                TIM_BDTRConfig
                0x08004ee8                TIM_Break1Config
                0x08004efc                TIM_Break2Config
                0x08004f10                TIM_Break1Cmd
                0x08004f24                TIM_Break2Cmd
                0x08004f38                TIM_BDTRStructInit
                0x08004f4c                TIM_CtrlPWMOutputs
                0x08004f60                TIM_SelectCOM
                0x08004f78                TIM_CCPreloadControl
                0x08004f90                TIM_ITConfig
                0x08004fa8                TIM_GenerateEvent
                0x08004fac                TIM_GetFlagStatus
                0x08004fb8                TIM_ClearFlag
                0x08004fc0                TIM_GetITStatus
                0x08004fd4                TIM_ClearITPendingBit
                0x08004fdc                TIM_DMAConfig
                0x08004fe4                TIM_DMACmd
                0x08004ffc                TIM_SelectCCDMA
                0x08005014                TIM_InternalClockConfig
                0x08005020                TIM_ITRxExternalClockConfig
                0x08005038                TIM_TIxExternalClockConfig
                0x080050ac                TIM_ETRClockMode1Config
                0x080050d4                TIM_ETRClockMode2Config
                0x080050f4                TIM_SelectInputTrigger
                0x08005104                TIM_SelectOutputTrigger
                0x08005118                TIM_SelectOutputTrigger2
                0x08005128                TIM_SelectSlaveMode
                0x0800513c                TIM_SelectMasterSlaveMode
                0x08005150                TIM_ETRConfig
                0x08005168                TIM_EncoderInterfaceConfig
                0x080051a0                TIM_SelectHallSensor
                0x080051b8                TIM_RemapConfig
 .text          0x080051c0      0x370 /home/green-electronics/ee155_tools/gcc-arm-none-eabi-4_9-2015q2/bin/../lib/gcc/arm-none-eabi/4.9.3/armv7e-m/fpu/libgcc.a(_arm_addsubdf3.o)
                0x080051c0                __aeabi_drsub
                0x080051c8                __aeabi_dsub
                0x080051c8                __subdf3
                0x080051cc                __adddf3
                0x080051cc                __aeabi_dadd
                0x08005444                __aeabi_ui2d
                0x08005444                __floatunsidf
                0x08005464                __floatsidf
                0x08005464                __aeabi_i2d
                0x08005488                __extendsfdf2
                0x08005488                __aeabi_f2d
                0x080054c4                __aeabi_ul2d
                0x080054c4                __floatundidf
                0x080054d4                __floatdidf
                0x080054d4                __aeabi_l2d
 .text          0x08005530      0x424 /home/green-electronics/ee155_tools/gcc-arm-none-eabi-4_9-2015q2/bin/../lib/gcc/arm-none-eabi/4.9.3/armv7e-m/fpu/libgcc.a(_arm_muldivdf3.o)
                0x08005530                __aeabi_dmul
                0x08005530                __muldf3
                0x08005784                __aeabi_ddiv
                0x08005784                __divdf3
 .text          0x08005954       0x40 /home/green-electronics/ee155_tools/gcc-arm-none-eabi-4_9-2015q2/bin/../lib/gcc/arm-none-eabi/4.9.3/armv7e-m/fpu/libgcc.a(_arm_fixunsdfsi.o)
                0x08005954                __fixunsdfsi
                0x08005954                __aeabi_d2uiz
 .text          0x08005994       0xa0 /home/green-electronics/ee155_tools/gcc-arm-none-eabi-4_9-2015q2/bin/../lib/gcc/arm-none-eabi/4.9.3/armv7e-m/fpu/libgcc.a(_arm_truncdfsf2.o)
                0x08005994                __aeabi_d2f
                0x08005994                __truncdfsf2
 .text          0x08005a34       0x38 /home/green-electronics/ee155_tools/gcc-arm-none-eabi-4_9-2015q2/bin/../lib/gcc/arm-none-eabi/4.9.3/armv7e-m/fpu/libgcc.a(_aeabi_ldivmod.o)
                0x08005a34                __aeabi_ldivmod
 .text          0x08005a6c       0x60 /home/green-electronics/ee155_tools/gcc-arm-none-eabi-4_9-2015q2/bin/../lib/gcc/arm-none-eabi/4.9.3/armv7e-m/fpu/libgcc.a(bpabi.o)
                0x08005a6c                __gnu_ldivmod_helper
                0x08005a9c                __gnu_uldivmod_helper
 .text          0x08005acc        0x4 /home/green-electronics/ee155_tools/gcc-arm-none-eabi-4_9-2015q2/bin/../lib/gcc/arm-none-eabi/4.9.3/armv7e-m/fpu/libgcc.a(_dvmd_tls.o)
                0x08005acc                __aeabi_ldiv0
                0x08005acc                __aeabi_idiv0
 .text          0x08005ad0      0x29c /home/green-electronics/ee155_tools/gcc-arm-none-eabi-4_9-2015q2/bin/../lib/gcc/arm-none-eabi/4.9.3/armv7e-m/fpu/libgcc.a(_divdi3.o)
                0x08005ad0                __divdi3
 .text          0x08005d6c      0x26c /home/green-electronics/ee155_tools/gcc-arm-none-eabi-4_9-2015q2/bin/../lib/gcc/arm-none-eabi/4.9.3/armv7e-m/fpu/libgcc.a(_udivdi3.o)
                0x08005d6c                __udivdi3
 .text          0x08005fd8      0x134 /home/green-electronics/ee155_tools/gcc-arm-none-eabi-4_9-2015q2/bin/../lib/gcc/arm-none-eabi/4.9.3/../../../../arm-none-eabi/lib/armv7e-m/fpu/libg.a(lib_a-memcpy.o)
                0x08005fd8                memcpy
 .text          0x0800610c      0x110 /home/green-electronics/ee155_tools/gcc-arm-none-eabi-4_9-2015q2/bin/../lib/gcc/arm-none-eabi/4.9.3/armv7e-m/fpu/libgcc.a(_arm_cmpdf2.o)
                0x0800610c                __gtdf2
                0x0800610c                __gedf2
                0x08006114                __ltdf2
                0x08006114                __ledf2
                0x0800611c                __cmpdf2
                0x0800611c                __eqdf2
                0x0800611c                __nedf2
                0x08006198                __aeabi_cdrcmple
                0x080061a8                __aeabi_cdcmple
                0x080061a8                __aeabi_cdcmpeq
                0x080061b8                __aeabi_dcmpeq
                0x080061cc                __aeabi_dcmplt
                0x080061e0                __aeabi_dcmple
                0x080061f4                __aeabi_dcmpge
                0x08006208                __aeabi_dcmpgt
 .text          0x0800621c       0x50 /home/green-electronics/ee155_tools/gcc-arm-none-eabi-4_9-2015q2/bin/../lib/gcc/arm-none-eabi/4.9.3/armv7e-m/fpu/libgcc.a(_arm_fixdfsi.o)
                0x0800621c                __fixdfsi
                0x0800621c                __aeabi_d2iz
 .text          0x0800626c       0x30 /home/green-electronics/ee155_tools/gcc-arm-none-eabi-4_9-2015q2/bin/../lib/gcc/arm-none-eabi/4.9.3/armv7e-m/fpu/libgcc.a(_aeabi_uldivmod.o)
                0x0800626c                __aeabi_uldivmod
 *(.text*)
 .text.IntToUnicode
                0x0800629c       0x28 objs/hw_config.o
 .text.Set_System
                0x080062c4       0x88 objs/hw_config.o
                0x080062c4                Set_System
 .text.Set_USBClock
                0x0800634c       0x16 objs/hw_config.o
                0x0800634c                Set_USBClock
 *fill*         0x08006362        0x2 
 .text.Leave_LowPowerMode
                0x08006364       0x58 objs/hw_config.o
                0x08006364                Leave_LowPowerMode
 .text.USB_Interrupts_Config
                0x080063bc       0x50 objs/hw_config.o
                0x080063bc                USB_Interrupts_Config
 .text.USB_Cable_Config
                0x0800640c       0x1c objs/hw_config.o
                0x0800640c                USB_Cable_Config
 .text.Get_SerialNum
                0x08006428       0x34 objs/hw_config.o
                0x08006428                Get_SerialNum
 .text.CDC_Send_DATA
                0x0800645c       0x34 objs/hw_config.o
                0x0800645c                CDC_Send_DATA
 .text.CDC_Receive_DATA
                0x08006490        0xc objs/hw_config.o
                0x08006490                CDC_Receive_DATA
 .text.calibrate_offset
                0x0800649c       0x38 objs/lab2.o
                0x0800649c                calibrate_offset
 .text.calibrate_voltage
                0x080064d4       0x44 objs/lab2.o
                0x080064d4                calibrate_voltage
 .text.calibrate_current
                0x08006518       0x44 objs/lab2.o
                0x08006518                calibrate_current
 .text.meter_init
                0x0800655c       0x9c objs/lab2.o
                0x0800655c                meter_init
 .text.meter_display
                0x080065f8      0x1d4 objs/lab2.o
                0x080065f8                meter_display
 .text.my_adc_callback
                0x080067cc       0x18 objs/lab2.o
                0x080067cc                my_adc_callback
 .text.change_state
                0x080067e4       0x34 objs/main.o
                0x080067e4                change_state
 .text.setup_buttons
                0x08006818       0x1e objs/main.o
                0x08006818                setup_buttons
 *fill*         0x08006836        0x2 
 .text.start_conversion
                0x08006838       0x28 objs/main.o
                0x08006838                start_conversion
 .text.startup.main
                0x08006860      0x148 objs/main.o
                0x08006860                main
 .text._write   0x080069a8       0x54 objs/newlib_stubs.o
                0x080069a8                _write
 .text._sbrk    0x080069fc       0x48 objs/newlib_stubs.o
                0x080069fc                _sbrk
 .text.SystemInit
                0x08006a44       0xfc objs/system_stm32f30x.o
                0x08006a44                SystemInit
 .text.Reset_Handler
                0x08006b40       0x48 /tmp/ccFNPbnF.o
                0x08006b40                Reset_Handler
 .text.Default_Handler
                0x08006b88        0x2 /tmp/ccFNPbnF.o
                0x08006b88                RTC_Alarm_IRQHandler
                0x08006b88                TIM8_TRG_COM_IRQHandler
                0x08006b88                TIM8_CC_IRQHandler
                0x08006b88                DebugMon_Handler
                0x08006b88                TIM1_CC_IRQHandler
                0x08006b88                HardFault_Handler
                0x08006b88                USB_HP_IRQHandler
                0x08006b88                PVD_IRQHandler
                0x08006b88                PendSV_Handler
                0x08006b88                NMI_Handler
                0x08006b88                EXTI3_IRQHandler
                0x08006b88                EXTI0_IRQHandler
                0x08006b88                I2C2_EV_IRQHandler
                0x08006b88                FPU_IRQHandler
                0x08006b88                EXTI2_TS_IRQHandler
                0x08006b88                TIM1_UP_TIM16_IRQHandler
                0x08006b88                UsageFault_Handler
                0x08006b88                SPI1_IRQHandler
                0x08006b88                TIM6_DAC_IRQHandler
                0x08006b88                TIM8_UP_IRQHandler
                0x08006b88                DMA2_Channel2_IRQHandler
                0x08006b88                DMA1_Channel4_IRQHandler
                0x08006b88                USART3_IRQHandler
                0x08006b88                DMA1_Channel7_IRQHandler
                0x08006b88                CAN1_RX1_IRQHandler
                0x08006b88                UART5_IRQHandler
                0x08006b88                ADC3_IRQHandler
                0x08006b88                TIM4_IRQHandler
                0x08006b88                DMA2_Channel1_IRQHandler
                0x08006b88                I2C1_EV_IRQHandler
                0x08006b88                DMA1_Channel6_IRQHandler
                0x08006b88                UART4_IRQHandler
                0x08006b88                DMA2_Channel4_IRQHandler
                0x08006b88                RCC_IRQHandler
                0x08006b88                DMA1_Channel1_IRQHandler
                0x08006b88                Default_Handler
                0x08006b88                USBWakeUp_RMP_IRQHandler
                0x08006b88                EXTI15_10_IRQHandler
                0x08006b88                TIM7_IRQHandler
                0x08006b88                EXTI9_5_IRQHandler
                0x08006b88                TAMPER_STAMP_IRQHandler
                0x08006b88                RTC_WKUP_IRQHandler
                0x08006b88                SPI2_IRQHandler
                0x08006b88                MemManage_Handler
                0x08006b88                SVC_Handler
                0x08006b88                DMA2_Channel5_IRQHandler
                0x08006b88                DMA1_Channel5_IRQHandler
                0x08006b88                USB_LP_IRQHandler
                0x08006b88                EXTI4_IRQHandler
                0x08006b88                TIM1_TRG_COM_TIM17_IRQHandler
                0x08006b88                USB_HP_CAN1_TX_IRQHandler
                0x08006b88                DMA1_Channel3_IRQHandler
                0x08006b88                ADC4_IRQHandler
                0x08006b88                WWDG_IRQHandler
                0x08006b88                TIM2_IRQHandler
                0x08006b88                COMP7_IRQHandler
                0x08006b88                COMP1_2_3_IRQHandler
                0x08006b88                EXTI1_IRQHandler
                0x08006b88                USART2_IRQHandler
                0x08006b88                COMP4_5_6_IRQHandler
                0x08006b88                I2C2_ER_IRQHandler
                0x08006b88                DMA1_Channel2_IRQHandler
                0x08006b88                TIM8_BRK_IRQHandler
                0x08006b88                CAN1_SCE_IRQHandler
                0x08006b88                FLASH_IRQHandler
                0x08006b88                BusFault_Handler
                0x08006b88                USART1_IRQHandler
                0x08006b88                SPI3_IRQHandler
                0x08006b88                I2C1_ER_IRQHandler
                0x08006b88                DMA2_Channel3_IRQHandler
                0x08006b88                TIM1_BRK_TIM15_IRQHandler
 *fill*         0x08006b8a        0x2 
 .text.__libc_init_array
                0x08006b8c       0x50 /home/green-electronics/ee155_tools/gcc-arm-none-eabi-4_9-2015q2/bin/../lib/gcc/arm-none-eabi/4.9.3/../../../../arm-none-eabi/lib/armv7e-m/fpu/libg.a(lib_a-init.o)
                0x08006b8c                __libc_init_array
 .text.memset   0x08006bdc       0x9c /home/green-electronics/ee155_tools/gcc-arm-none-eabi-4_9-2015q2/bin/../lib/gcc/arm-none-eabi/4.9.3/../../../../arm-none-eabi/lib/armv7e-m/fpu/libg.a(lib_a-memset.o)
                0x08006bdc                memset
 .text.sprintf  0x08006c78       0x4c /home/green-electronics/ee155_tools/gcc-arm-none-eabi-4_9-2015q2/bin/../lib/gcc/arm-none-eabi/4.9.3/../../../../arm-none-eabi/lib/armv7e-m/fpu/libg.a(lib_a-sprintf.o)
                0x08006c78                sprintf
 .text.strlen   0x08006cc4       0x5c /home/green-electronics/ee155_tools/gcc-arm-none-eabi-4_9-2015q2/bin/../lib/gcc/arm-none-eabi/4.9.3/../../../../arm-none-eabi/lib/armv7e-m/fpu/libg.a(lib_a-strlen.o)
                0x08006cc4                strlen
 .text._svfprintf_r
                0x08006d20     0x14cc /home/green-electronics/ee155_tools/gcc-arm-none-eabi-4_9-2015q2/bin/../lib/gcc/arm-none-eabi/4.9.3/../../../../arm-none-eabi/lib/armv7e-m/fpu/libg.a(lib_a-svfprintf.o)
                0x08006d20                _svfprintf_r
 .text.startup.register_fini
                0x080081ec       0x14 /home/green-electronics/ee155_tools/gcc-arm-none-eabi-4_9-2015q2/bin/../lib/gcc/arm-none-eabi/4.9.3/../../../../arm-none-eabi/lib/armv7e-m/fpu/libg.a(lib_a-__call_atexit.o)
 .text.atexit   0x08008200        0xc /home/green-electronics/ee155_tools/gcc-arm-none-eabi-4_9-2015q2/bin/../lib/gcc/arm-none-eabi/4.9.3/../../../../arm-none-eabi/lib/armv7e-m/fpu/libg.a(lib_a-atexit.o)
                0x08008200                atexit
 .text.quorem   0x0800820c      0x12c /home/green-electronics/ee155_tools/gcc-arm-none-eabi-4_9-2015q2/bin/../lib/gcc/arm-none-eabi/4.9.3/../../../../arm-none-eabi/lib/armv7e-m/fpu/libg.a(lib_a-dtoa.o)
 .text._dtoa_r  0x08008338      0xea4 /home/green-electronics/ee155_tools/gcc-arm-none-eabi-4_9-2015q2/bin/../lib/gcc/arm-none-eabi/4.9.3/../../../../arm-none-eabi/lib/armv7e-m/fpu/libg.a(lib_a-dtoa.o)
                0x08008338                _dtoa_r
 .text.__libc_fini_array
                0x080091dc       0x2c /home/green-electronics/ee155_tools/gcc-arm-none-eabi-4_9-2015q2/bin/../lib/gcc/arm-none-eabi/4.9.3/../../../../arm-none-eabi/lib/armv7e-m/fpu/libg.a(lib_a-fini.o)
                0x080091dc                __libc_fini_array
 .text._localeconv_r
                0x08009208        0x8 /home/green-electronics/ee155_tools/gcc-arm-none-eabi-4_9-2015q2/bin/../lib/gcc/arm-none-eabi/4.9.3/../../../../arm-none-eabi/lib/armv7e-m/fpu/libg.a(lib_a-locale.o)
                0x08009208                _localeconv_r
 .text._malloc_r
                0x08009210      0x524 /home/green-electronics/ee155_tools/gcc-arm-none-eabi-4_9-2015q2/bin/../lib/gcc/arm-none-eabi/4.9.3/../../../../arm-none-eabi/lib/armv7e-m/fpu/libg.a(lib_a-mallocr.o)
                0x08009210                _malloc_r
 .text.memchr   0x08009734       0x94 /home/green-electronics/ee155_tools/gcc-arm-none-eabi-4_9-2015q2/bin/../lib/gcc/arm-none-eabi/4.9.3/../../../../arm-none-eabi/lib/armv7e-m/fpu/libg.a(lib_a-memchr.o)
                0x08009734                memchr
 .text.__malloc_lock
                0x080097c8        0x4 /home/green-electronics/ee155_tools/gcc-arm-none-eabi-4_9-2015q2/bin/../lib/gcc/arm-none-eabi/4.9.3/../../../../arm-none-eabi/lib/armv7e-m/fpu/libg.a(lib_a-mlock.o)
                0x080097c8                __malloc_lock
 .text.__malloc_unlock
                0x080097cc        0x4 /home/green-electronics/ee155_tools/gcc-arm-none-eabi-4_9-2015q2/bin/../lib/gcc/arm-none-eabi/4.9.3/../../../../arm-none-eabi/lib/armv7e-m/fpu/libg.a(lib_a-mlock.o)
                0x080097cc                __malloc_unlock
 .text._Balloc  0x080097d0       0x4c /home/green-electronics/ee155_tools/gcc-arm-none-eabi-4_9-2015q2/bin/../lib/gcc/arm-none-eabi/4.9.3/../../../../arm-none-eabi/lib/armv7e-m/fpu/libg.a(lib_a-mprec.o)
                0x080097d0                _Balloc
 .text._Bfree   0x0800981c       0x14 /home/green-electronics/ee155_tools/gcc-arm-none-eabi-4_9-2015q2/bin/../lib/gcc/arm-none-eabi/4.9.3/../../../../arm-none-eabi/lib/armv7e-m/fpu/libg.a(lib_a-mprec.o)
                0x0800981c                _Bfree
 .text.__multadd
                0x08009830       0x84 /home/green-electronics/ee155_tools/gcc-arm-none-eabi-4_9-2015q2/bin/../lib/gcc/arm-none-eabi/4.9.3/../../../../arm-none-eabi/lib/armv7e-m/fpu/libg.a(lib_a-mprec.o)
                0x08009830                __multadd
 .text.__hi0bits
                0x080098b4       0x40 /home/green-electronics/ee155_tools/gcc-arm-none-eabi-4_9-2015q2/bin/../lib/gcc/arm-none-eabi/4.9.3/../../../../arm-none-eabi/lib/armv7e-m/fpu/libg.a(lib_a-mprec.o)
                0x080098b4                __hi0bits
 .text.__lo0bits
                0x080098f4       0x5c /home/green-electronics/ee155_tools/gcc-arm-none-eabi-4_9-2015q2/bin/../lib/gcc/arm-none-eabi/4.9.3/../../../../arm-none-eabi/lib/armv7e-m/fpu/libg.a(lib_a-mprec.o)
                0x080098f4                __lo0bits
 .text.__i2b    0x08009950       0x14 /home/green-electronics/ee155_tools/gcc-arm-none-eabi-4_9-2015q2/bin/../lib/gcc/arm-none-eabi/4.9.3/../../../../arm-none-eabi/lib/armv7e-m/fpu/libg.a(lib_a-mprec.o)
                0x08009950                __i2b
 .text.__multiply
                0x08009964      0x134 /home/green-electronics/ee155_tools/gcc-arm-none-eabi-4_9-2015q2/bin/../lib/gcc/arm-none-eabi/4.9.3/../../../../arm-none-eabi/lib/armv7e-m/fpu/libg.a(lib_a-mprec.o)
                0x08009964                __multiply
 .text.__pow5mult
                0x08009a98       0xa0 /home/green-electronics/ee155_tools/gcc-arm-none-eabi-4_9-2015q2/bin/../lib/gcc/arm-none-eabi/4.9.3/../../../../arm-none-eabi/lib/armv7e-m/fpu/libg.a(lib_a-mprec.o)
                0x08009a98                __pow5mult
 .text.__lshift
                0x08009b38       0xac /home/green-electronics/ee155_tools/gcc-arm-none-eabi-4_9-2015q2/bin/../lib/gcc/arm-none-eabi/4.9.3/../../../../arm-none-eabi/lib/armv7e-m/fpu/libg.a(lib_a-mprec.o)
                0x08009b38                __lshift
 .text.__mcmp   0x08009be4       0x48 /home/green-electronics/ee155_tools/gcc-arm-none-eabi-4_9-2015q2/bin/../lib/gcc/arm-none-eabi/4.9.3/../../../../arm-none-eabi/lib/armv7e-m/fpu/libg.a(lib_a-mprec.o)
                0x08009be4                __mcmp
 .text.__mdiff  0x08009c2c       0xd4 /home/green-electronics/ee155_tools/gcc-arm-none-eabi-4_9-2015q2/bin/../lib/gcc/arm-none-eabi/4.9.3/../../../../arm-none-eabi/lib/armv7e-m/fpu/libg.a(lib_a-mprec.o)
                0x08009c2c                __mdiff
 .text.__d2b    0x08009d00       0xbc /home/green-electronics/ee155_tools/gcc-arm-none-eabi-4_9-2015q2/bin/../lib/gcc/arm-none-eabi/4.9.3/../../../../arm-none-eabi/lib/armv7e-m/fpu/libg.a(lib_a-mprec.o)
                0x08009d00                __d2b
 .text.__fpclassifyd
                0x08009dbc       0x5c /home/green-electronics/ee155_tools/gcc-arm-none-eabi-4_9-2015q2/bin/../lib/gcc/arm-none-eabi/4.9.3/../../../../arm-none-eabi/lib/armv7e-m/fpu/libg.a(lib_a-s_fpclassify.o)
                0x08009dbc                __fpclassifyd
 .text._sbrk_r  0x08009e18       0x24 /home/green-electronics/ee155_tools/gcc-arm-none-eabi-4_9-2015q2/bin/../lib/gcc/arm-none-eabi/4.9.3/../../../../arm-none-eabi/lib/armv7e-m/fpu/libg.a(lib_a-sbrkr.o)
                0x08009e18                _sbrk_r
 .text.__ssprint_r
                0x08009e3c      0x104 /home/green-electronics/ee155_tools/gcc-arm-none-eabi-4_9-2015q2/bin/../lib/gcc/arm-none-eabi/4.9.3/../../../../arm-none-eabi/lib/armv7e-m/fpu/libg.a(lib_a-svfiprintf.o)
                0x08009e3c                __ssprint_r
 .text.__register_exitproc
                0x08009f40       0xa4 /home/green-electronics/ee155_tools/gcc-arm-none-eabi-4_9-2015q2/bin/../lib/gcc/arm-none-eabi/4.9.3/../../../../arm-none-eabi/lib/armv7e-m/fpu/libg.a(lib_a-__atexit.o)
                0x08009f40                __register_exitproc
 .text._calloc_r
                0x08009fe4       0x60 /home/green-electronics/ee155_tools/gcc-arm-none-eabi-4_9-2015q2/bin/../lib/gcc/arm-none-eabi/4.9.3/../../../../arm-none-eabi/lib/armv7e-m/fpu/libg.a(lib_a-callocr.o)
                0x08009fe4                _calloc_r
 .text._malloc_trim_r
                0x0800a044       0x9c /home/green-electronics/ee155_tools/gcc-arm-none-eabi-4_9-2015q2/bin/../lib/gcc/arm-none-eabi/4.9.3/../../../../arm-none-eabi/lib/armv7e-m/fpu/libg.a(lib_a-freer.o)
                0x0800a044                _malloc_trim_r
 .text._free_r  0x0800a0e0      0x1b0 /home/green-electronics/ee155_tools/gcc-arm-none-eabi-4_9-2015q2/bin/../lib/gcc/arm-none-eabi/4.9.3/../../../../arm-none-eabi/lib/armv7e-m/fpu/libg.a(lib_a-freer.o)
                0x0800a0e0                _free_r
 .text.memmove  0x0800a290       0xc8 /home/green-electronics/ee155_tools/gcc-arm-none-eabi-4_9-2015q2/bin/../lib/gcc/arm-none-eabi/4.9.3/../../../../arm-none-eabi/lib/armv7e-m/fpu/libg.a(lib_a-memmove.o)
                0x0800a290                memmove
 .text._realloc_r
                0x0800a358      0x3ec /home/green-electronics/ee155_tools/gcc-arm-none-eabi-4_9-2015q2/bin/../lib/gcc/arm-none-eabi/4.9.3/../../../../arm-none-eabi/lib/armv7e-m/fpu/libg.a(lib_a-reallocr.o)
                0x0800a358                _realloc_r
 *(.rodata)
 .rodata        0x0800a744      0x20c ../../libraries/libge.a(ge_gpio.o)
 .rodata        0x0800a950        0x4 ../../libraries/libge.a(HD44780_F3.o)
 .rodata        0x0800a954       0xb6 ../../libraries/libge.a(usb_desc.o)
                0x0800a954                Virtual_Com_Port_StringProduct
                0x0800a988                Virtual_Com_Port_StringVendor
                0x0800a9b0                Virtual_Com_Port_StringLangID
                0x0800a9b4                Virtual_Com_Port_ConfigDescriptor
                0x0800a9f8                Virtual_Com_Port_DeviceDescriptor
 *(.rodata*)
 .rodata.str1.1
                0x0800aa0a       0x41 objs/lab2.o
 .rodata.str1.1
                0x0800aa4b       0x74 objs/main.o
 .rodata.str1.1
                0x0800aabf       0x1f objs/newlib_stubs.o
 *fill*         0x0800aade        0x2 
 .rodata.str1.4
                0x0800aae0        0x2 /home/green-electronics/ee155_tools/gcc-arm-none-eabi-4_9-2015q2/bin/../lib/gcc/arm-none-eabi/4.9.3/../../../../arm-none-eabi/lib/armv7e-m/fpu/libg.a(lib_a-impure.o)
 *fill*         0x0800aae2        0x2 
 .rodata._global_impure_ptr
                0x0800aae4        0x4 /home/green-electronics/ee155_tools/gcc-arm-none-eabi-4_9-2015q2/bin/../lib/gcc/arm-none-eabi/4.9.3/../../../../arm-none-eabi/lib/armv7e-m/fpu/libg.a(lib_a-impure.o)
                0x0800aae4                _global_impure_ptr
 .rodata.zeroes.6911
                0x0800aae8       0x10 /home/green-electronics/ee155_tools/gcc-arm-none-eabi-4_9-2015q2/bin/../lib/gcc/arm-none-eabi/4.9.3/../../../../arm-none-eabi/lib/armv7e-m/fpu/libg.a(lib_a-svfprintf.o)
 .rodata.blanks.6910
                0x0800aaf8       0x10 /home/green-electronics/ee155_tools/gcc-arm-none-eabi-4_9-2015q2/bin/../lib/gcc/arm-none-eabi/4.9.3/../../../../arm-none-eabi/lib/armv7e-m/fpu/libg.a(lib_a-svfprintf.o)
 .rodata.str1.4
                0x0800ab08       0x42 /home/green-electronics/ee155_tools/gcc-arm-none-eabi-4_9-2015q2/bin/../lib/gcc/arm-none-eabi/4.9.3/../../../../arm-none-eabi/lib/armv7e-m/fpu/libg.a(lib_a-svfprintf.o)
 *fill*         0x0800ab4a        0x2 
 .rodata.str1.4
                0x0800ab4c       0x10 /home/green-electronics/ee155_tools/gcc-arm-none-eabi-4_9-2015q2/bin/../lib/gcc/arm-none-eabi/4.9.3/../../../../arm-none-eabi/lib/armv7e-m/fpu/libg.a(lib_a-dtoa.o)
                                 0x12 (size before relaxing)
 .rodata.str1.4
                0x0800ab5c        0xc /home/green-electronics/ee155_tools/gcc-arm-none-eabi-4_9-2015q2/bin/../lib/gcc/arm-none-eabi/4.9.3/../../../../arm-none-eabi/lib/armv7e-m/fpu/libg.a(lib_a-locale.o)
                                 0x12 (size before relaxing)
 .rodata.__mprec_tens
                0x0800ab68       0xc8 /home/green-electronics/ee155_tools/gcc-arm-none-eabi-4_9-2015q2/bin/../lib/gcc/arm-none-eabi/4.9.3/../../../../arm-none-eabi/lib/armv7e-m/fpu/libg.a(lib_a-mprec.o)
                0x0800ab68                __mprec_tens
 .rodata.p05.5302
                0x0800ac30        0xc /home/green-electronics/ee155_tools/gcc-arm-none-eabi-4_9-2015q2/bin/../lib/gcc/arm-none-eabi/4.9.3/../../../../arm-none-eabi/lib/armv7e-m/fpu/libg.a(lib_a-mprec.o)
 *fill*         0x0800ac3c        0x4 
 .rodata.__mprec_bigtens
                0x0800ac40       0x28 /home/green-electronics/ee155_tools/gcc-arm-none-eabi-4_9-2015q2/bin/../lib/gcc/arm-none-eabi/4.9.3/../../../../arm-none-eabi/lib/armv7e-m/fpu/libg.a(lib_a-mprec.o)
                0x0800ac40                __mprec_bigtens
 *(.glue_7)
 .glue_7        0x00000000        0x0 linker stubs
 *(.glue_7t)
 .glue_7t       0x00000000        0x0 linker stubs
 *(.init)
 .init          0x0800ac68        0x4 /home/green-electronics/ee155_tools/gcc-arm-none-eabi-4_9-2015q2/bin/../lib/gcc/arm-none-eabi/4.9.3/armv7e-m/fpu/crti.o
                0x0800ac68                _init
 .init          0x0800ac6c        0x8 /home/green-electronics/ee155_tools/gcc-arm-none-eabi-4_9-2015q2/bin/../lib/gcc/arm-none-eabi/4.9.3/armv7e-m/fpu/crtn.o
 *(.fini)
 .fini          0x0800ac74        0x4 /home/green-electronics/ee155_tools/gcc-arm-none-eabi-4_9-2015q2/bin/../lib/gcc/arm-none-eabi/4.9.3/armv7e-m/fpu/crti.o
                0x0800ac74                _fini
 .fini          0x0800ac78        0x8 /home/green-electronics/ee155_tools/gcc-arm-none-eabi-4_9-2015q2/bin/../lib/gcc/arm-none-eabi/4.9.3/armv7e-m/fpu/crtn.o
                0x0800ac80                . = ALIGN (0x4)
                0x0800ac80                _etext = .

.vfp11_veneer   0x0800ac80        0x0
 .vfp11_veneer  0x00000000        0x0 linker stubs

.v4_bx          0x0800ac80        0x0
 .v4_bx         0x00000000        0x0 linker stubs

.iplt           0x0800ac80        0x0
 .iplt          0x00000000        0x0 /home/green-electronics/ee155_tools/gcc-arm-none-eabi-4_9-2015q2/bin/../lib/gcc/arm-none-eabi/4.9.3/armv7e-m/fpu/crtbegin.o

.ARM.extab
 *(.ARM.extab* .gnu.linkonce.armextab.*)

.ARM            0x0800ac80        0x8
                0x0800ac80                __exidx_start = .
 *(.ARM.exidx*)
 .ARM.exidx     0x0800ac80        0x8 /home/green-electronics/ee155_tools/gcc-arm-none-eabi-4_9-2015q2/bin/../lib/gcc/arm-none-eabi/4.9.3/armv7e-m/fpu/libgcc.a(_divdi3.o)
 .ARM.exidx     0x0800ac88        0x0 /home/green-electronics/ee155_tools/gcc-arm-none-eabi-4_9-2015q2/bin/../lib/gcc/arm-none-eabi/4.9.3/armv7e-m/fpu/libgcc.a(_udivdi3.o)
                                  0x8 (size before relaxing)
                0x0800ac88                __exidx_end = .

.rel.dyn        0x0800ac88        0x0
 .rel.iplt      0x00000000        0x0 /home/green-electronics/ee155_tools/gcc-arm-none-eabi-4_9-2015q2/bin/../lib/gcc/arm-none-eabi/4.9.3/armv7e-m/fpu/crtbegin.o

.preinit_array  0x0800ac88        0x0
                0x0800ac88                PROVIDE (__preinit_array_start, .)
 *(.preinit_array*)
                0x0800ac88                PROVIDE (__preinit_array_end, .)

.init_array     0x0800ac88        0x8
                0x0800ac88                PROVIDE (__init_array_start, .)
 *(SORT(.init_array.*))
 .init_array.00000
                0x0800ac88        0x4 /home/green-electronics/ee155_tools/gcc-arm-none-eabi-4_9-2015q2/bin/../lib/gcc/arm-none-eabi/4.9.3/../../../../arm-none-eabi/lib/armv7e-m/fpu/libg.a(lib_a-__call_atexit.o)
 *(.init_array*)
 .init_array    0x0800ac8c        0x4 /home/green-electronics/ee155_tools/gcc-arm-none-eabi-4_9-2015q2/bin/../lib/gcc/arm-none-eabi/4.9.3/armv7e-m/fpu/crtbegin.o
                0x0800ac90                PROVIDE (__init_array_end, .)

.fini_array     0x0800ac90        0x4
                0x0800ac90                PROVIDE (__fini_array_start, .)
 *(.fini_array*)
 .fini_array    0x0800ac90        0x4 /home/green-electronics/ee155_tools/gcc-arm-none-eabi-4_9-2015q2/bin/../lib/gcc/arm-none-eabi/4.9.3/armv7e-m/fpu/crtbegin.o
 *(SORT(.fini_array.*))
                0x0800ac94                PROVIDE (__fini_array_end, .)
                0x0800ac94                _sidata = .

.data           0x20000000      0xa44 load address 0x0800ac94
                0x20000000                . = ALIGN (0x4)
                0x20000000                _sdata = .
 *(.data)
 .data          0x20000000       0xb8 ../../libraries/libge.a(ge_adc.o)
                0x20000000                adc_bank_map
                0x2000005c                adc_pin_map
 .data          0x200000b8        0x4 ../../libraries/libge.a(ge_system.o)
                0x200000b8                _ge_usb_timeout
 .data          0x200000bc        0x4 ../../libraries/libge.a(ge_vcom.o)
                0x200000bc                packet_sent
 .data          0x200000c0       0x1a ../../libraries/libge.a(usb_desc.o)
                0x200000c0                Virtual_Com_Port_StringSerial
 *fill*         0x200000da        0x2 
 .data          0x200000dc       0x38 ../../libraries/libge.a(usb_istr.o)
                0x200000dc                pEpInt_OUT
                0x200000f8                pEpInt_IN
 .data          0x20000114       0x8e ../../libraries/libge.a(usb_prop.o)
                0x20000114                linecoding
                0x2000011c                Device_Property
                0x2000014c                Device_Descriptor
                0x20000154                Config_Descriptor
                0x2000015c                String_Descriptor
                0x2000017c                User_Standard_Requests
                0x200001a0                Device_Table
 *fill*         0x200001a2        0x2 
 .data          0x200001a4       0x2a Libraries/libstm32f3.a(stm32f30x_rcc.o)
 *(.data*)
 *fill*         0x200001ce        0x2 
 .data.impure_data
                0x200001d0      0x428 /home/green-electronics/ee155_tools/gcc-arm-none-eabi-4_9-2015q2/bin/../lib/gcc/arm-none-eabi/4.9.3/../../../../arm-none-eabi/lib/armv7e-m/fpu/libg.a(lib_a-impure.o)
 .data._impure_ptr
                0x200005f8        0x4 /home/green-electronics/ee155_tools/gcc-arm-none-eabi-4_9-2015q2/bin/../lib/gcc/arm-none-eabi/4.9.3/../../../../arm-none-eabi/lib/armv7e-m/fpu/libg.a(lib_a-impure.o)
                0x200005f8                _impure_ptr
 .data.lconv    0x200005fc       0x38 /home/green-electronics/ee155_tools/gcc-arm-none-eabi-4_9-2015q2/bin/../lib/gcc/arm-none-eabi/4.9.3/../../../../arm-none-eabi/lib/armv7e-m/fpu/libg.a(lib_a-locale.o)
 .data.__malloc_av_
                0x20000634      0x408 /home/green-electronics/ee155_tools/gcc-arm-none-eabi-4_9-2015q2/bin/../lib/gcc/arm-none-eabi/4.9.3/../../../../arm-none-eabi/lib/armv7e-m/fpu/libg.a(lib_a-mallocr.o)
                0x20000634                __malloc_av_
 .data.__malloc_trim_threshold
                0x20000a3c        0x4 /home/green-electronics/ee155_tools/gcc-arm-none-eabi-4_9-2015q2/bin/../lib/gcc/arm-none-eabi/4.9.3/../../../../arm-none-eabi/lib/armv7e-m/fpu/libg.a(lib_a-mallocr.o)
                0x20000a3c                __malloc_trim_threshold
 .data.__malloc_sbrk_base
                0x20000a40        0x4 /home/green-electronics/ee155_tools/gcc-arm-none-eabi-4_9-2015q2/bin/../lib/gcc/arm-none-eabi/4.9.3/../../../../arm-none-eabi/lib/armv7e-m/fpu/libg.a(lib_a-mallocr.o)
                0x20000a40                __malloc_sbrk_base
                0x20000a44                . = ALIGN (0x4)
                0x20000a44                _edata = .

.jcr            0x20000a44        0x0 load address 0x0800b6d8
 .jcr           0x20000a44        0x0 /home/green-electronics/ee155_tools/gcc-arm-none-eabi-4_9-2015q2/bin/../lib/gcc/arm-none-eabi/4.9.3/armv7e-m/fpu/crtbegin.o

.igot.plt       0x20000a44        0x0 load address 0x0800b6d8
 .igot.plt      0x00000000        0x0 /home/green-electronics/ee155_tools/gcc-arm-none-eabi-4_9-2015q2/bin/../lib/gcc/arm-none-eabi/4.9.3/armv7e-m/fpu/crtbegin.o
                0x20000a44                . = ALIGN (0x4)

.bss            0x20000a44      0x61c load address 0x0800b6d8
                0x20000a44                _sbss = .
                0x20000a44                __bss_start__ = _sbss
 *(.bss)
 .bss           0x20000a44       0x1c /home/green-electronics/ee155_tools/gcc-arm-none-eabi-4_9-2015q2/bin/../lib/gcc/arm-none-eabi/4.9.3/armv7e-m/fpu/crtbegin.o
 .bss           0x20000a60        0x4 ../../libraries/libge.a(ge_system.o)
                0x20000a60                _ge_delay_time
 .bss           0x20000a64        0x3 ../../libraries/libge.a(ge_vcom.o)
                0x20000a64                _vcom_buf_head
                0x20000a65                _vcom_buf_tail
                0x20000a66                _vcom_buf_corrupt
 *fill*         0x20000a67        0x1 
 .bss           0x20000a68        0xc ../../libraries/libge.a(usb_istr.o)
                0x20000a68                bIntPackSOF
                0x20000a6c                esof_counter
                0x20000a70                wCNTR
 .bss           0x20000a74        0x1 ../../libraries/libge.a(usb_prop.o)
                0x20000a74                Request
 *fill*         0x20000a75        0x3 
 .bss           0x20000a78        0x8 ../../libraries/libge.a(usb_pwr.o)
                0x20000a78                remotewakeupon
                0x20000a7c                bDeviceState
 .bss           0x20000a80        0x1 ../../libraries/libge.a(usb_core.o)
                0x20000a80                Data_Mul_MaxPacketSize
 *fill*         0x20000a81        0x3 
 .bss           0x20000a84      0x200 ../../libraries/libge.a(eeprom.o)
                0x20000c82                DataVar
 *(.bss*)
 .bss.btn_pressed
                0x20000c84        0x1 objs/main.o
                0x20000c84                btn_pressed
 .bss.state     0x20000c85        0x1 objs/main.o
                0x20000c85                state
 *fill*         0x20000c86        0x2 
 .bss.heap_end.7579
                0x20000c88        0x4 objs/newlib_stubs.o
 .bss.__malloc_max_total_mem
                0x20000c8c        0x4 /home/green-electronics/ee155_tools/gcc-arm-none-eabi-4_9-2015q2/bin/../lib/gcc/arm-none-eabi/4.9.3/../../../../arm-none-eabi/lib/armv7e-m/fpu/libg.a(lib_a-mallocr.o)
                0x20000c8c                __malloc_max_total_mem
 .bss.__malloc_max_sbrked_mem
                0x20000c90        0x4 /home/green-electronics/ee155_tools/gcc-arm-none-eabi-4_9-2015q2/bin/../lib/gcc/arm-none-eabi/4.9.3/../../../../arm-none-eabi/lib/armv7e-m/fpu/libg.a(lib_a-mallocr.o)
                0x20000c90                __malloc_max_sbrked_mem
 .bss.__malloc_top_pad
                0x20000c94        0x4 /home/green-electronics/ee155_tools/gcc-arm-none-eabi-4_9-2015q2/bin/../lib/gcc/arm-none-eabi/4.9.3/../../../../arm-none-eabi/lib/armv7e-m/fpu/libg.a(lib_a-mallocr.o)
                0x20000c94                __malloc_top_pad
 .bss.__malloc_current_mallinfo
                0x20000c98       0x28 /home/green-electronics/ee155_tools/gcc-arm-none-eabi-4_9-2015q2/bin/../lib/gcc/arm-none-eabi/4.9.3/../../../../arm-none-eabi/lib/armv7e-m/fpu/libg.a(lib_a-mallocr.o)
                0x20000c98                __malloc_current_mallinfo
 *(COMMON)
 COMMON         0x20000cc0        0x4 objs/errno.o
                0x20000cc0                errno
 COMMON         0x20000cc4       0x50 objs/hw_config.o
                0x20000cc4                HSEStartUpStatus
                0x20000cc8                Receive_Buffer
                0x20000d08                EXTI_InitStructure
                0x20000d10                Send_length
 COMMON         0x20000d14       0xb6 objs/lab2.o
                0x20000d14                voltage_reading
                0x20000d16                zero_amps
                0x20000d18                adc_reg_callbacks
                0x20000d54                data_buf
                0x20000d90                chan_order
                0x20000dae                cal_volt_reading
                0x20000db0                current_reading
                0x20000db2                cal_curr_reading
                0x20000db4                volts_per_div
                0x20000db8                prev_volt
                0x20000dbc                amps_per_div
                0x20000dc0                energy
                0x20000dc4                prev_curr
                0x20000dc8                zero_volts
 *fill*         0x20000dca        0x2 
 COMMON         0x20000dcc       0x10 ../../libraries/libge.a(ge_adc.o)
                0x20000dcc                calibration_value_adc1
                0x20000dd0                calibration_value_adc2
                0x20000dd4                curr_chan
                0x20000dd8                num_channels
 COMMON         0x20000ddc      0x11c ../../libraries/libge.a(ge_timer.o)
                0x20000ddc                _ge_tim_periods
                0x20000e1c                _ge_tim_callbacks
                0x20000e5c                _ge_tim_max_counter
                0x20000e60                _ge_tim_num_timers
                0x20000e64                _ge_tim_count
                0x20000e68                _ge_tim_type
                0x20000ea8                _ge_tim_state
                0x20000eb8                _ge_tim_offsets
 COMMON         0x20000ef8      0x102 ../../libraries/libge.a(ge_vcom.o)
                0x20000ef8                _vcom_buf
                0x20000ff8                _vcom_buf_available
 COMMON         0x20000ffa        0x2 ../../libraries/libge.a(usb_istr.o)
                0x20000ffa                wIstr
 COMMON         0x20000ffc       0x24 ../../libraries/libge.a(usb_pwr.o)
                0x20000ffc                ResumeS
                0x20001000                EP
 COMMON         0x20001020        0x2 ../../libraries/libge.a(usb_core.o)
                0x20001020                StatusInfo
 *fill*         0x20001022        0x2 
 COMMON         0x20001024       0x32 ../../libraries/libge.a(usb_init.o)
                0x20001024                SaveState
                0x20001028                pProperty
                0x2000102c                EPindex
                0x20001030                Device_Info
                0x2000104c                pUser_Standard_Requests
                0x20001050                pInformation
                0x20001054                wInterrupt_Mask
 COMMON         0x20001056        0x4 ../../libraries/libge.a(usb_int.o)
                0x20001056                SaveRState
                0x20001058                SaveTState
 *fill*         0x2000105a        0x2 
 COMMON         0x2000105c        0x4 ../../libraries/libge.a(usb_endp.o)
                0x2000105c                Receive_length
                0x20001060                . = ALIGN (0x4)
                0x20001060                _ebss = .
                0x20001060                __bss_end__ = _ebss
                0x20001060                PROVIDE (end, _ebss)
                0x20001060                PROVIDE (_end, _ebss)

._user_heap_stack
                0x20001060      0x600 load address 0x0800bcf4
                0x20001060                . = ALIGN (0x4)
                0x20001260                . = (. + _Min_Heap_Size)
 *fill*         0x20001060      0x200 
                0x20001660                . = (. + _Min_Stack_Size)
 *fill*         0x20001260      0x400 
                0x20001660                . = ALIGN (0x4)

.memory_b1_text
 *(.mb1text)
 *(.mb1text*)
 *(.mb1rodata)
 *(.mb1rodata*)

/DISCARD/
 libc.a(*)
 libm.a(*)
 libgcc.a(*)

.ARM.attributes
                0x00000000       0x30
 *(.ARM.attributes)
 .ARM.attributes
                0x00000000       0x22 /home/green-electronics/ee155_tools/gcc-arm-none-eabi-4_9-2015q2/bin/../lib/gcc/arm-none-eabi/4.9.3/armv7e-m/fpu/crti.o
 .ARM.attributes
                0x00000022       0x34 /home/green-electronics/ee155_tools/gcc-arm-none-eabi-4_9-2015q2/bin/../lib/gcc/arm-none-eabi/4.9.3/armv7e-m/fpu/crtbegin.o
 .ARM.attributes
                0x00000056       0x39 objs/errno.o
 .ARM.attributes
                0x0000008f       0x39 objs/hw_config.o
 .ARM.attributes
                0x000000c8       0x39 objs/lab2.o
 .ARM.attributes
                0x00000101       0x39 objs/main.o
 .ARM.attributes
                0x0000013a       0x39 objs/newlib_stubs.o
 .ARM.attributes
                0x00000173       0x39 objs/system_stm32f30x.o
 .ARM.attributes
                0x000001ac       0x21 /tmp/ccFNPbnF.o
 .ARM.attributes
                0x000001cd       0x39 ../../libraries/libge.a(ge_adc.o)
 .ARM.attributes
                0x00000206       0x39 ../../libraries/libge.a(ge_gpio.o)
 .ARM.attributes
                0x0000023f       0x39 ../../libraries/libge.a(ge_lcd.o)
 .ARM.attributes
                0x00000278       0x39 ../../libraries/libge.a(ge_system.o)
 .ARM.attributes
                0x000002b1       0x39 ../../libraries/libge.a(ge_timer.o)
 .ARM.attributes
                0x000002ea       0x39 ../../libraries/libge.a(ge_vcom.o)
 .ARM.attributes
                0x00000323       0x39 ../../libraries/libge.a(HD44780_F3.o)
 .ARM.attributes
                0x0000035c       0x39 ../../libraries/libge.a(usb_desc.o)
 .ARM.attributes
                0x00000395       0x39 ../../libraries/libge.a(usb_istr.o)
 .ARM.attributes
                0x000003ce       0x39 ../../libraries/libge.a(usb_prop.o)
 .ARM.attributes
                0x00000407       0x39 ../../libraries/libge.a(usb_pwr.o)
 .ARM.attributes
                0x00000440       0x39 ../../libraries/libge.a(usb_core.o)
 .ARM.attributes
                0x00000479       0x39 ../../libraries/libge.a(usb_init.o)
 .ARM.attributes
                0x000004b2       0x39 ../../libraries/libge.a(usb_int.o)
 .ARM.attributes
                0x000004eb       0x39 ../../libraries/libge.a(usb_mem.o)
 .ARM.attributes
                0x00000524       0x39 ../../libraries/libge.a(usb_regs.o)
 .ARM.attributes
                0x0000055d       0x39 ../../libraries/libge.a(usb_sil.o)
 .ARM.attributes
                0x00000596       0x39 ../../libraries/libge.a(ge_eeprom.o)
 .ARM.attributes
                0x000005cf       0x39 ../../libraries/libge.a(usb_endp.o)
 .ARM.attributes
                0x00000608       0x39 ../../libraries/libge.a(eeprom.o)
 .ARM.attributes
                0x00000641       0x39 Libraries/libstm32f3.a(stm32f30x_adc.o)
 .ARM.attributes
                0x0000067a       0x39 Libraries/libstm32f3.a(stm32f30x_exti.o)
 .ARM.attributes
                0x000006b3       0x39 Libraries/libstm32f3.a(stm32f30x_flash.o)
 .ARM.attributes
                0x000006ec       0x39 Libraries/libstm32f3.a(stm32f30x_gpio.o)
 .ARM.attributes
                0x00000725       0x39 Libraries/libstm32f3.a(stm32f30x_misc.o)
 .ARM.attributes
                0x0000075e       0x39 Libraries/libstm32f3.a(stm32f30x_rcc.o)
 .ARM.attributes
                0x00000797       0x39 Libraries/libstm32f3.a(stm32f30x_tim.o)
 .ARM.attributes
                0x000007d0       0x22 /home/green-electronics/ee155_tools/gcc-arm-none-eabi-4_9-2015q2/bin/../lib/gcc/arm-none-eabi/4.9.3/armv7e-m/fpu/libgcc.a(_arm_addsubdf3.o)
 .ARM.attributes
                0x000007f2       0x22 /home/green-electronics/ee155_tools/gcc-arm-none-eabi-4_9-2015q2/bin/../lib/gcc/arm-none-eabi/4.9.3/armv7e-m/fpu/libgcc.a(_arm_muldivdf3.o)
 .ARM.attributes
                0x00000814       0x22 /home/green-electronics/ee155_tools/gcc-arm-none-eabi-4_9-2015q2/bin/../lib/gcc/arm-none-eabi/4.9.3/armv7e-m/fpu/libgcc.a(_arm_fixunsdfsi.o)
 .ARM.attributes
                0x00000836       0x22 /home/green-electronics/ee155_tools/gcc-arm-none-eabi-4_9-2015q2/bin/../lib/gcc/arm-none-eabi/4.9.3/armv7e-m/fpu/libgcc.a(_arm_truncdfsf2.o)
 .ARM.attributes
                0x00000858       0x22 /home/green-electronics/ee155_tools/gcc-arm-none-eabi-4_9-2015q2/bin/../lib/gcc/arm-none-eabi/4.9.3/armv7e-m/fpu/libgcc.a(_aeabi_ldivmod.o)
 .ARM.attributes
                0x0000087a       0x34 /home/green-electronics/ee155_tools/gcc-arm-none-eabi-4_9-2015q2/bin/../lib/gcc/arm-none-eabi/4.9.3/armv7e-m/fpu/libgcc.a(bpabi.o)
 .ARM.attributes
                0x000008ae       0x22 /home/green-electronics/ee155_tools/gcc-arm-none-eabi-4_9-2015q2/bin/../lib/gcc/arm-none-eabi/4.9.3/armv7e-m/fpu/libgcc.a(_dvmd_tls.o)
 .ARM.attributes
                0x000008d0       0x34 /home/green-electronics/ee155_tools/gcc-arm-none-eabi-4_9-2015q2/bin/../lib/gcc/arm-none-eabi/4.9.3/armv7e-m/fpu/libgcc.a(_divdi3.o)
 .ARM.attributes
                0x00000904       0x34 /home/green-electronics/ee155_tools/gcc-arm-none-eabi-4_9-2015q2/bin/../lib/gcc/arm-none-eabi/4.9.3/armv7e-m/fpu/libgcc.a(_udivdi3.o)
 .ARM.attributes
                0x00000938       0x34 /home/green-electronics/ee155_tools/gcc-arm-none-eabi-4_9-2015q2/bin/../lib/gcc/arm-none-eabi/4.9.3/../../../../arm-none-eabi/lib/armv7e-m/fpu/libg.a(lib_a-impure.o)
 .ARM.attributes
                0x0000096c       0x34 /home/green-electronics/ee155_tools/gcc-arm-none-eabi-4_9-2015q2/bin/../lib/gcc/arm-none-eabi/4.9.3/../../../../arm-none-eabi/lib/armv7e-m/fpu/libg.a(lib_a-init.o)
 .ARM.attributes
                0x000009a0       0x34 /home/green-electronics/ee155_tools/gcc-arm-none-eabi-4_9-2015q2/bin/../lib/gcc/arm-none-eabi/4.9.3/../../../../arm-none-eabi/lib/armv7e-m/fpu/libg.a(lib_a-memset.o)
 .ARM.attributes
                0x000009d4       0x34 /home/green-electronics/ee155_tools/gcc-arm-none-eabi-4_9-2015q2/bin/../lib/gcc/arm-none-eabi/4.9.3/../../../../arm-none-eabi/lib/armv7e-m/fpu/libg.a(lib_a-sprintf.o)
 .ARM.attributes
                0x00000a08       0x34 /home/green-electronics/ee155_tools/gcc-arm-none-eabi-4_9-2015q2/bin/../lib/gcc/arm-none-eabi/4.9.3/../../../../arm-none-eabi/lib/armv7e-m/fpu/libg.a(lib_a-strlen.o)
 .ARM.attributes
                0x00000a3c       0x34 /home/green-electronics/ee155_tools/gcc-arm-none-eabi-4_9-2015q2/bin/../lib/gcc/arm-none-eabi/4.9.3/../../../../arm-none-eabi/lib/armv7e-m/fpu/libg.a(lib_a-svfprintf.o)
 .ARM.attributes
                0x00000a70       0x34 /home/green-electronics/ee155_tools/gcc-arm-none-eabi-4_9-2015q2/bin/../lib/gcc/arm-none-eabi/4.9.3/../../../../arm-none-eabi/lib/armv7e-m/fpu/libg.a(lib_a-__call_atexit.o)
 .ARM.attributes
                0x00000aa4       0x34 /home/green-electronics/ee155_tools/gcc-arm-none-eabi-4_9-2015q2/bin/../lib/gcc/arm-none-eabi/4.9.3/../../../../arm-none-eabi/lib/armv7e-m/fpu/libg.a(lib_a-atexit.o)
 .ARM.attributes
                0x00000ad8       0x34 /home/green-electronics/ee155_tools/gcc-arm-none-eabi-4_9-2015q2/bin/../lib/gcc/arm-none-eabi/4.9.3/../../../../arm-none-eabi/lib/armv7e-m/fpu/libg.a(lib_a-dtoa.o)
 .ARM.attributes
                0x00000b0c       0x34 /home/green-electronics/ee155_tools/gcc-arm-none-eabi-4_9-2015q2/bin/../lib/gcc/arm-none-eabi/4.9.3/../../../../arm-none-eabi/lib/armv7e-m/fpu/libg.a(lib_a-fini.o)
 .ARM.attributes
                0x00000b40       0x34 /home/green-electronics/ee155_tools/gcc-arm-none-eabi-4_9-2015q2/bin/../lib/gcc/arm-none-eabi/4.9.3/../../../../arm-none-eabi/lib/armv7e-m/fpu/libg.a(lib_a-locale.o)
 .ARM.attributes
                0x00000b74       0x34 /home/green-electronics/ee155_tools/gcc-arm-none-eabi-4_9-2015q2/bin/../lib/gcc/arm-none-eabi/4.9.3/../../../../arm-none-eabi/lib/armv7e-m/fpu/libg.a(lib_a-mallocr.o)
 .ARM.attributes
                0x00000ba8       0x34 /home/green-electronics/ee155_tools/gcc-arm-none-eabi-4_9-2015q2/bin/../lib/gcc/arm-none-eabi/4.9.3/../../../../arm-none-eabi/lib/armv7e-m/fpu/libg.a(lib_a-memchr.o)
 .ARM.attributes
                0x00000bdc       0x20 /home/green-electronics/ee155_tools/gcc-arm-none-eabi-4_9-2015q2/bin/../lib/gcc/arm-none-eabi/4.9.3/../../../../arm-none-eabi/lib/armv7e-m/fpu/libg.a(lib_a-memcpy.o)
 .ARM.attributes
                0x00000bfc       0x34 /home/green-electronics/ee155_tools/gcc-arm-none-eabi-4_9-2015q2/bin/../lib/gcc/arm-none-eabi/4.9.3/../../../../arm-none-eabi/lib/armv7e-m/fpu/libg.a(lib_a-mlock.o)
 .ARM.attributes
                0x00000c30       0x34 /home/green-electronics/ee155_tools/gcc-arm-none-eabi-4_9-2015q2/bin/../lib/gcc/arm-none-eabi/4.9.3/../../../../arm-none-eabi/lib/armv7e-m/fpu/libg.a(lib_a-mprec.o)
 .ARM.attributes
                0x00000c64       0x34 /home/green-electronics/ee155_tools/gcc-arm-none-eabi-4_9-2015q2/bin/../lib/gcc/arm-none-eabi/4.9.3/../../../../arm-none-eabi/lib/armv7e-m/fpu/libg.a(lib_a-s_fpclassify.o)
 .ARM.attributes
                0x00000c98       0x34 /home/green-electronics/ee155_tools/gcc-arm-none-eabi-4_9-2015q2/bin/../lib/gcc/arm-none-eabi/4.9.3/../../../../arm-none-eabi/lib/armv7e-m/fpu/libg.a(lib_a-sbrkr.o)
 .ARM.attributes
                0x00000ccc       0x34 /home/green-electronics/ee155_tools/gcc-arm-none-eabi-4_9-2015q2/bin/../lib/gcc/arm-none-eabi/4.9.3/../../../../arm-none-eabi/lib/armv7e-m/fpu/libg.a(lib_a-svfiprintf.o)
 .ARM.attributes
                0x00000d00       0x34 /home/green-electronics/ee155_tools/gcc-arm-none-eabi-4_9-2015q2/bin/../lib/gcc/arm-none-eabi/4.9.3/../../../../arm-none-eabi/lib/armv7e-m/fpu/libg.a(lib_a-__atexit.o)
 .ARM.attributes
                0x00000d34       0x34 /home/green-electronics/ee155_tools/gcc-arm-none-eabi-4_9-2015q2/bin/../lib/gcc/arm-none-eabi/4.9.3/../../../../arm-none-eabi/lib/armv7e-m/fpu/libg.a(lib_a-callocr.o)
 .ARM.attributes
                0x00000d68       0x34 /home/green-electronics/ee155_tools/gcc-arm-none-eabi-4_9-2015q2/bin/../lib/gcc/arm-none-eabi/4.9.3/../../../../arm-none-eabi/lib/armv7e-m/fpu/libg.a(lib_a-freer.o)
 .ARM.attributes
                0x00000d9c       0x34 /home/green-electronics/ee155_tools/gcc-arm-none-eabi-4_9-2015q2/bin/../lib/gcc/arm-none-eabi/4.9.3/../../../../arm-none-eabi/lib/armv7e-m/fpu/libg.a(lib_a-memmove.o)
 .ARM.attributes
                0x00000dd0       0x34 /home/green-electronics/ee155_tools/gcc-arm-none-eabi-4_9-2015q2/bin/../lib/gcc/arm-none-eabi/4.9.3/../../../../arm-none-eabi/lib/armv7e-m/fpu/libg.a(lib_a-reallocr.o)
 .ARM.attributes
                0x00000e04       0x22 /home/green-electronics/ee155_tools/gcc-arm-none-eabi-4_9-2015q2/bin/../lib/gcc/arm-none-eabi/4.9.3/armv7e-m/fpu/libgcc.a(_arm_cmpdf2.o)
 .ARM.attributes
                0x00000e26       0x22 /home/green-electronics/ee155_tools/gcc-arm-none-eabi-4_9-2015q2/bin/../lib/gcc/arm-none-eabi/4.9.3/armv7e-m/fpu/libgcc.a(_arm_fixdfsi.o)
 .ARM.attributes
                0x00000e48       0x22 /home/green-electronics/ee155_tools/gcc-arm-none-eabi-4_9-2015q2/bin/../lib/gcc/arm-none-eabi/4.9.3/armv7e-m/fpu/libgcc.a(_aeabi_uldivmod.o)
 .ARM.attributes
                0x00000e6a       0x22 /home/green-electronics/ee155_tools/gcc-arm-none-eabi-4_9-2015q2/bin/../lib/gcc/arm-none-eabi/4.9.3/armv7e-m/fpu/crtn.o
OUTPUT(main.elf elf32-littlearm)

.debug_info     0x00000000    0x115b7
 .debug_info    0x00000000       0xc6 objs/errno.o
 .debug_info    0x000000c6      0xe79 objs/hw_config.o
 .debug_info    0x00000f3f      0x60f objs/lab2.o
 .debug_info    0x0000154e      0x9b9 objs/main.o
 .debug_info    0x00001f07      0x826 objs/newlib_stubs.o
 .debug_info    0x0000272d      0x4bc objs/system_stm32f30x.o
 .debug_info    0x00002be9       0x79 /tmp/ccFNPbnF.o
 .debug_info    0x00002c62     0x1542 ../../libraries/libge.a(ge_adc.o)
 .debug_info    0x000041a4      0x710 ../../libraries/libge.a(ge_gpio.o)
 .debug_info    0x000048b4      0x1db ../../libraries/libge.a(ge_lcd.o)
 .debug_info    0x00004a8f      0x7aa ../../libraries/libge.a(ge_system.o)
 .debug_info    0x00005239      0xae6 ../../libraries/libge.a(ge_timer.o)
 .debug_info    0x00005d1f      0x40e ../../libraries/libge.a(ge_vcom.o)
 .debug_info    0x0000612d      0x968 ../../libraries/libge.a(HD44780_F3.o)
 .debug_info    0x00006a95      0x1b3 ../../libraries/libge.a(usb_desc.o)
 .debug_info    0x00006c48      0x381 ../../libraries/libge.a(usb_istr.o)
 .debug_info    0x00006fc9      0xbbe ../../libraries/libge.a(usb_prop.o)
 .debug_info    0x00007b87      0x5c9 ../../libraries/libge.a(usb_pwr.o)
 .debug_info    0x00008150      0xebd ../../libraries/libge.a(usb_core.o)
 .debug_info    0x0000900d      0x475 ../../libraries/libge.a(usb_init.o)
 .debug_info    0x00009482      0x20d ../../libraries/libge.a(usb_int.o)
 .debug_info    0x0000968f      0x1ef ../../libraries/libge.a(usb_mem.o)
 .debug_info    0x0000987e      0xd05 ../../libraries/libge.a(usb_regs.o)
 .debug_info    0x0000a583      0x2a8 ../../libraries/libge.a(usb_sil.o)
 .debug_info    0x0000a82b      0x195 ../../libraries/libge.a(ge_eeprom.o)
 .debug_info    0x0000a9c0      0x221 ../../libraries/libge.a(usb_endp.o)
 .debug_info    0x0000abe1      0x79b ../../libraries/libge.a(eeprom.o)
 .debug_info    0x0000b37c     0x1406 Libraries/libstm32f3.a(stm32f30x_adc.o)
 .debug_info    0x0000c782      0x3ab Libraries/libstm32f3.a(stm32f30x_exti.o)
 .debug_info    0x0000cb2d      0xa70 Libraries/libstm32f3.a(stm32f30x_flash.o)
 .debug_info    0x0000d59d      0x725 Libraries/libstm32f3.a(stm32f30x_gpio.o)
 .debug_info    0x0000dcc2      0x526 Libraries/libstm32f3.a(stm32f30x_misc.o)
 .debug_info    0x0000e1e8      0xac3 Libraries/libstm32f3.a(stm32f30x_rcc.o)
 .debug_info    0x0000ecab     0x290c Libraries/libstm32f3.a(stm32f30x_tim.o)

.debug_abbrev   0x00000000     0x3cbf
 .debug_abbrev  0x00000000       0x81 objs/errno.o
 .debug_abbrev  0x00000081      0x2ef objs/hw_config.o
 .debug_abbrev  0x00000370      0x1a4 objs/lab2.o
 .debug_abbrev  0x00000514      0x1da objs/main.o
 .debug_abbrev  0x000006ee      0x233 objs/newlib_stubs.o
 .debug_abbrev  0x00000921      0x145 objs/system_stm32f30x.o
 .debug_abbrev  0x00000a66       0x12 /tmp/ccFNPbnF.o
 .debug_abbrev  0x00000a78      0x2bb ../../libraries/libge.a(ge_adc.o)
 .debug_abbrev  0x00000d33      0x1ee ../../libraries/libge.a(ge_gpio.o)
 .debug_abbrev  0x00000f21       0xd4 ../../libraries/libge.a(ge_lcd.o)
 .debug_abbrev  0x00000ff5      0x227 ../../libraries/libge.a(ge_system.o)
 .debug_abbrev  0x0000121c      0x29e ../../libraries/libge.a(ge_timer.o)
 .debug_abbrev  0x000014ba      0x1cd ../../libraries/libge.a(ge_vcom.o)
 .debug_abbrev  0x00001687      0x290 ../../libraries/libge.a(HD44780_F3.o)
 .debug_abbrev  0x00001917       0x75 ../../libraries/libge.a(usb_desc.o)
 .debug_abbrev  0x0000198c      0x162 ../../libraries/libge.a(usb_istr.o)
 .debug_abbrev  0x00001aee      0x292 ../../libraries/libge.a(usb_prop.o)
 .debug_abbrev  0x00001d80      0x28b ../../libraries/libge.a(usb_pwr.o)
 .debug_abbrev  0x0000200b      0x3f1 ../../libraries/libge.a(usb_core.o)
 .debug_abbrev  0x000023fc      0x12f ../../libraries/libge.a(usb_init.o)
 .debug_abbrev  0x0000252b       0xfd ../../libraries/libge.a(usb_int.o)
 .debug_abbrev  0x00002628       0xc2 ../../libraries/libge.a(usb_mem.o)
 .debug_abbrev  0x000026ea      0x212 ../../libraries/libge.a(usb_regs.o)
 .debug_abbrev  0x000028fc      0x157 ../../libraries/libge.a(usb_sil.o)
 .debug_abbrev  0x00002a53      0x121 ../../libraries/libge.a(ge_eeprom.o)
 .debug_abbrev  0x00002b74      0x13f ../../libraries/libge.a(usb_endp.o)
 .debug_abbrev  0x00002cb3      0x266 ../../libraries/libge.a(eeprom.o)
 .debug_abbrev  0x00002f19      0x1f4 Libraries/libstm32f3.a(stm32f30x_adc.o)
 .debug_abbrev  0x0000310d      0x18b Libraries/libstm32f3.a(stm32f30x_exti.o)
 .debug_abbrev  0x00003298      0x24c Libraries/libstm32f3.a(stm32f30x_flash.o)
 .debug_abbrev  0x000034e4      0x1e9 Libraries/libstm32f3.a(stm32f30x_gpio.o)
 .debug_abbrev  0x000036cd      0x156 Libraries/libstm32f3.a(stm32f30x_misc.o)
 .debug_abbrev  0x00003823      0x20b Libraries/libstm32f3.a(stm32f30x_rcc.o)
 .debug_abbrev  0x00003a2e      0x291 Libraries/libstm32f3.a(stm32f30x_tim.o)

.debug_aranges  0x00000000      0x558
 .debug_aranges
                0x00000000       0x20 objs/errno.o
 .debug_aranges
                0x00000020       0x70 objs/hw_config.o
 .debug_aranges
                0x00000090       0x48 objs/lab2.o
 .debug_aranges
                0x000000d8       0x38 objs/main.o
 .debug_aranges
                0x00000110       0xa0 objs/newlib_stubs.o
 .debug_aranges
                0x000001b0       0x28 objs/system_stm32f30x.o
 .debug_aranges
                0x000001d8       0x28 /tmp/ccFNPbnF.o
 .debug_aranges
                0x00000200       0x20 ../../libraries/libge.a(ge_adc.o)
 .debug_aranges
                0x00000220       0x20 ../../libraries/libge.a(ge_gpio.o)
 .debug_aranges
                0x00000240       0x20 ../../libraries/libge.a(ge_lcd.o)
 .debug_aranges
                0x00000260       0x20 ../../libraries/libge.a(ge_system.o)
 .debug_aranges
                0x00000280       0x20 ../../libraries/libge.a(ge_timer.o)
 .debug_aranges
                0x000002a0       0x20 ../../libraries/libge.a(ge_vcom.o)
 .debug_aranges
                0x000002c0       0x20 ../../libraries/libge.a(HD44780_F3.o)
 .debug_aranges
                0x000002e0       0x18 ../../libraries/libge.a(usb_desc.o)
 .debug_aranges
                0x000002f8       0x20 ../../libraries/libge.a(usb_istr.o)
 .debug_aranges
                0x00000318       0x20 ../../libraries/libge.a(usb_prop.o)
 .debug_aranges
                0x00000338       0x20 ../../libraries/libge.a(usb_pwr.o)
 .debug_aranges
                0x00000358       0x20 ../../libraries/libge.a(usb_core.o)
 .debug_aranges
                0x00000378       0x20 ../../libraries/libge.a(usb_init.o)
 .debug_aranges
                0x00000398       0x20 ../../libraries/libge.a(usb_int.o)
 .debug_aranges
                0x000003b8       0x20 ../../libraries/libge.a(usb_mem.o)
 .debug_aranges
                0x000003d8       0x20 ../../libraries/libge.a(usb_regs.o)
 .debug_aranges
                0x000003f8       0x20 ../../libraries/libge.a(usb_sil.o)
 .debug_aranges
                0x00000418       0x20 ../../libraries/libge.a(ge_eeprom.o)
 .debug_aranges
                0x00000438       0x20 ../../libraries/libge.a(usb_endp.o)
 .debug_aranges
                0x00000458       0x20 ../../libraries/libge.a(eeprom.o)
 .debug_aranges
                0x00000478       0x20 Libraries/libstm32f3.a(stm32f30x_adc.o)
 .debug_aranges
                0x00000498       0x20 Libraries/libstm32f3.a(stm32f30x_exti.o)
 .debug_aranges
                0x000004b8       0x20 Libraries/libstm32f3.a(stm32f30x_flash.o)
 .debug_aranges
                0x000004d8       0x20 Libraries/libstm32f3.a(stm32f30x_gpio.o)
 .debug_aranges
                0x000004f8       0x20 Libraries/libstm32f3.a(stm32f30x_misc.o)
 .debug_aranges
                0x00000518       0x20 Libraries/libstm32f3.a(stm32f30x_rcc.o)
 .debug_aranges
                0x00000538       0x20 Libraries/libstm32f3.a(stm32f30x_tim.o)

.debug_ranges   0x00000000      0x6d8
 .debug_ranges  0x00000000       0x10 objs/errno.o
 .debug_ranges  0x00000010       0x60 objs/hw_config.o
 .debug_ranges  0x00000070       0x38 objs/lab2.o
 .debug_ranges  0x000000a8       0x28 objs/main.o
 .debug_ranges  0x000000d0       0x90 objs/newlib_stubs.o
 .debug_ranges  0x00000160       0x30 objs/system_stm32f30x.o
 .debug_ranges  0x00000190       0x20 /tmp/ccFNPbnF.o
 .debug_ranges  0x000001b0       0x28 ../../libraries/libge.a(ge_adc.o)
 .debug_ranges  0x000001d8       0x38 ../../libraries/libge.a(ge_system.o)
 .debug_ranges  0x00000210       0x68 ../../libraries/libge.a(ge_timer.o)
 .debug_ranges  0x00000278       0x30 ../../libraries/libge.a(HD44780_F3.o)
 .debug_ranges  0x000002a8       0x38 ../../libraries/libge.a(usb_pwr.o)
 .debug_ranges  0x000002e0      0x110 ../../libraries/libge.a(usb_core.o)
 .debug_ranges  0x000003f0       0x18 ../../libraries/libge.a(usb_int.o)
 .debug_ranges  0x00000408      0x1e0 ../../libraries/libge.a(usb_regs.o)
 .debug_ranges  0x000005e8       0x78 ../../libraries/libge.a(eeprom.o)
 .debug_ranges  0x00000660       0x78 Libraries/libstm32f3.a(stm32f30x_tim.o)

.debug_line     0x00000000     0x578b
 .debug_line    0x00000000      0x13b objs/errno.o
 .debug_line    0x0000013b      0x3b3 objs/hw_config.o
 .debug_line    0x000004ee      0x292 objs/lab2.o
 .debug_line    0x00000780      0x227 objs/main.o
 .debug_line    0x000009a7      0x347 objs/newlib_stubs.o
 .debug_line    0x00000cee      0x1e1 objs/system_stm32f30x.o
 .debug_line    0x00000ecf       0x77 /tmp/ccFNPbnF.o
 .debug_line    0x00000f46      0x38b ../../libraries/libge.a(ge_adc.o)
 .debug_line    0x000012d1      0x270 ../../libraries/libge.a(ge_gpio.o)
 .debug_line    0x00001541      0x181 ../../libraries/libge.a(ge_lcd.o)
 .debug_line    0x000016c2      0x241 ../../libraries/libge.a(ge_system.o)
 .debug_line    0x00001903      0x30d ../../libraries/libge.a(ge_timer.o)
 .debug_line    0x00001c10      0x305 ../../libraries/libge.a(ge_vcom.o)
 .debug_line    0x00001f15      0x307 ../../libraries/libge.a(HD44780_F3.o)
 .debug_line    0x0000221c      0x112 ../../libraries/libge.a(usb_desc.o)
 .debug_line    0x0000232e      0x20f ../../libraries/libge.a(usb_istr.o)
 .debug_line    0x0000253d      0x25f ../../libraries/libge.a(usb_prop.o)
 .debug_line    0x0000279c      0x2d7 ../../libraries/libge.a(usb_pwr.o)
 .debug_line    0x00002a73      0x50c ../../libraries/libge.a(usb_core.o)
 .debug_line    0x00002f7f      0x1b2 ../../libraries/libge.a(usb_init.o)
 .debug_line    0x00003131      0x240 ../../libraries/libge.a(usb_int.o)
 .debug_line    0x00003371      0x190 ../../libraries/libge.a(usb_mem.o)
 .debug_line    0x00003501      0x366 ../../libraries/libge.a(usb_regs.o)
 .debug_line    0x00003867      0x1d9 ../../libraries/libge.a(usb_sil.o)
 .debug_line    0x00003a40      0x15b ../../libraries/libge.a(ge_eeprom.o)
 .debug_line    0x00003b9b      0x1af ../../libraries/libge.a(usb_endp.o)
 .debug_line    0x00003d4a      0x281 ../../libraries/libge.a(eeprom.o)
 .debug_line    0x00003fcb      0x446 Libraries/libstm32f3.a(stm32f30x_adc.o)
 .debug_line    0x00004411      0x1ba Libraries/libstm32f3.a(stm32f30x_exti.o)
 .debug_line    0x000045cb      0x32a Libraries/libstm32f3.a(stm32f30x_flash.o)
 .debug_line    0x000048f5      0x219 Libraries/libstm32f3.a(stm32f30x_gpio.o)
 .debug_line    0x00004b0e      0x17f Libraries/libstm32f3.a(stm32f30x_misc.o)
 .debug_line    0x00004c8d      0x348 Libraries/libstm32f3.a(stm32f30x_rcc.o)
 .debug_line    0x00004fd5      0x7b6 Libraries/libstm32f3.a(stm32f30x_tim.o)

.debug_str      0x00000000     0x5054
 .debug_str     0x00000000      0x196 objs/errno.o
                                0x1d8 (size before relaxing)
 .debug_str     0x00000196      0xba6 objs/hw_config.o
                                0xdcd (size before relaxing)
 .debug_str     0x00000d3c      0x1e8 objs/lab2.o
                                0x40c (size before relaxing)
 .debug_str     0x00000f24      0x230 objs/main.o
                                0x4fa (size before relaxing)
 .debug_str     0x00001154      0x205 objs/newlib_stubs.o
                                0x454 (size before relaxing)
 .debug_str     0x00001359      0x158 objs/system_stm32f30x.o
                                0x373 (size before relaxing)
 .debug_str     0x000014b1      0x729 ../../libraries/libge.a(ge_adc.o)
                                0xfa7 (size before relaxing)
 .debug_str     0x00001bda       0xbe ../../libraries/libge.a(ge_gpio.o)
                                0x4e3 (size before relaxing)
 .debug_str     0x00001c98       0x60 ../../libraries/libge.a(ge_lcd.o)
                                0x24c (size before relaxing)
 .debug_str     0x00001cf8      0x1f6 ../../libraries/libge.a(ge_system.o)
                                0x8a2 (size before relaxing)
 .debug_str     0x00001eee      0x130 ../../libraries/libge.a(ge_timer.o)
                                0x9f9 (size before relaxing)
 .debug_str     0x0000201e      0x175 ../../libraries/libge.a(ge_vcom.o)
                                0x465 (size before relaxing)
 .debug_str     0x00002193       0x7d ../../libraries/libge.a(HD44780_F3.o)